2026-06-19 09:29:56,477 - INFO - 🔄 Recovered 76 active counterfactual positions: ['cand_NSE_NIFTY50_INDEX_BREAKOUT_23977.80_20260616', 'cand_NSE_NIFTYBANK_INDEX_BREAKOUT_57101.20_20260616', 'cand_NSE_NIFTY50_INDEX_BREAKOUT_24071.65_20260617', 'cand_NSE_NIFTYBANK_INDEX_BREAKOUT_57557.95_20260617', 'cand_NSE_NIFTYBANK_INDEX_BREAKOUT_57646.15_20260617', 'cand_NSE_NIFTY50_INDEX_BREAKOUT_24097.40_20260617', 'cand_NSE_NIFTYBANK_INDEX_BREAKOUT_57477.95_20260617', 'cand_NSE_NIFTYBANK_INDEX_BREAKOUT_57609.65_20260617', 'cand_NSE_NIFTYBANK_INDEX_SWEEP_57804.50_20260618', 'cand_NSE_NIFTY50_INDEX_BREAKOUT_24139.65_20260618', 'cand_NSE_NIFTY50_INDEX_BREAKOUT_24036.95_20260618', 'cand_NSE_NIFTYBANK_INDEX_BREAKOUT_57906.60_20260618', 'cand_NSE_NIFTYBANK_INDEX_BREAKOUT_57954.55_20260618', 'cand_NSE_NIFTYBANK_INDEX_BREAKOUT_57937.10_20260618', 'cand_NSE_NIFTY50_INDEX_BREAKOUT_24074.70_20260618', 'cand_NSE_NIFTYBANK_INDEX_BREAKOUT_58021.25_20260618']
2026-06-19 09:29:56,477 - INFO - 🏛️ Structural Paper Trader Initialized | Active Position Tracking Enabled
2026-06-19 09:29:56,477 - INFO - ⏱️ Scheduler started. Waiting for next 5-minute candle...
2026-06-19 09:29:56,477 - INFO - --- 09:29:56 Market Pulse ---
2026-06-19 09:29:56,985 - WARNING - ⚠️ Could not fetch complete MTF data for NSE:NIFTY50-INDEX
2026-06-19 09:29:57,477 - WARNING - ⚠️ Could not fetch complete MTF data for NSE:NIFTYBANK-INDEX
2026-06-19 09:29:57,477 - INFO - 🧘 Status: Sidelined (No Institutional Alignment)
2026-06-19 09:32:03,952 - INFO - 🔄 Recovered 76 active counterfactual positions: ['cand_NSE_NIFTY50_INDEX_BREAKOUT_23977.80_20260616', 'cand_NSE_NIFTYBANK_INDEX_BREAKOUT_57101.20_20260616', 'cand_NSE_NIFTY50_INDEX_BREAKOUT_24071.65_20260617', 'cand_NSE_NIFTYBANK_INDEX_BREAKOUT_57557.95_20260617', 'cand_NSE_NIFTYBANK_INDEX_BREAKOUT_57646.15_20260617', 'cand_NSE_NIFTY50_INDEX_BREAKOUT_24097.40_20260617', 'cand_NSE_NIFTYBANK_INDEX_BREAKOUT_57477.95_20260617', 'cand_NSE_NIFTYBANK_INDEX_BREAKOUT_57609.65_20260617', 'cand_NSE_NIFTYBANK_INDEX_SWEEP_57804.50_20260618', 'cand_NSE_NIFTY50_INDEX_BREAKOUT_24139.65_20260618', 'cand_NSE_NIFTY50_INDEX_BREAKOUT_24036.95_20260618', 'cand_NSE_NIFTYBANK_INDEX_BREAKOUT_57906.60_20260618', 'cand_NSE_NIFTYBANK_INDEX_BREAKOUT_57954.55_20260618', 'cand_NSE_NIFTYBANK_INDEX_BREAKOUT_57937.10_20260618', 'cand_NSE_NIFTY50_INDEX_BREAKOUT_24074.70_20260618', 'cand_NSE_NIFTYBANK_INDEX_BREAKOUT_58021.25_20260618']
2026-06-19 09:32:03,953 - INFO - 🏛️ Structural Paper Trader Initialized | Active Position Tracking Enabled
2026-06-19 09:32:03,953 - INFO - ⏱️ Scheduler started. Waiting for next 5-minute candle...
2026-06-19 09:32:03,953 - INFO - --- 09:32:03 Market Pulse ---
2026-06-19 09:32:04,999 - INFO - 🟡 UPDATE (TRAILING_SL) [CF]: NSE:NIFTY50-INDEX price 23946.50 | New SL: 23937.72, TP: 24011.40
2026-06-19 09:32:05,063 - INFO - 🔴 EXIT (INITIAL_SL) [CF]: Closed trade for NSE:NIFTYBANK-INDEX at 57247.19 with PnL -1.05R
2026-06-19 09:32:05,093 - INFO - 🔴 EXIT (INITIAL_SL) [CF]: Closed trade for NSE:NIFTY50-INDEX at 24066.77 with PnL -1.05R
2026-06-19 09:32:05,121 - INFO - 🟡 UPDATE (TRAILING_SL) [CF]: NSE:NIFTYBANK-INDEX price 57583.25 | New SL: 57556.29, TP: 57804.50
2026-06-19 09:32:05,151 - INFO - 🔴 EXIT (TRAILING_SL) [CF]: Closed trade for NSE:NIFTY50-INDEX at 24081.78 with PnL -0.36R
2026-06-19 09:32:05,177 - INFO - 🔴 EXIT (TRAILING_SL) [CF]: Closed trade for NSE:NIFTYBANK-INDEX at 57507.00 with PnL -0.34R
2026-06-19 09:32:05,201 - INFO - 🟡 UPDATE (TRAILING_SL) [CF]: NSE:NIFTYBANK-INDEX price 57583.25 | New SL: 57558.72, TP: 57804.50
2026-06-19 09:32:05,226 - INFO - 🟡 UPDATE (TRAILING_SL) [CF]: NSE:NIFTYBANK-INDEX price 57583.25 | New SL: 57611.83, TP: 54753.15
2026-06-19 09:32:05,247 - INFO - 🔴 EXIT (TRAILING_SL) [CF]: Closed trade for NSE:NIFTY50-INDEX at 24075.18 with PnL 1.34R
2026-06-19 09:32:05,269 - INFO - 🟡 UPDATE (TRAILING_SL) [CF]: NSE:NIFTY50-INDEX price 23946.50 | New SL: 23955.12, TP: 23080.97
2026-06-19 09:32:05,293 - INFO - 🔴 EXIT (INITIAL_SL) [CF]: Closed trade for NSE:NIFTYBANK-INDEX at 57872.53 with PnL -1.05R
2026-06-19 09:32:05,316 - INFO - 🔴 EXIT (INITIAL_SL) [CF]: Closed trade for NSE:NIFTYBANK-INDEX at 57938.57 with PnL -1.05R
2026-06-19 09:32:05,337 - INFO - 🔴 EXIT (TRAILING_SL) [CF]: Closed trade for NSE:NIFTYBANK-INDEX at 57895.39 with PnL -0.74R
2026-06-19 09:32:05,361 - INFO - 🟡 UPDATE (TRAILING_SL) [CF]: NSE:NIFTY50-INDEX price 23946.50 | New SL: 23955.14, TP: 23080.97
2026-06-19 09:32:05,383 - INFO - 🔴 EXIT (INITIAL_SL) [CF]: Closed trade for NSE:NIFTYBANK-INDEX at 57959.60 with PnL -1.05R
2026-06-19 09:32:05,403 - INFO - 👻 CF: NSE:NIFTY50-INDEX BUY CALL | [Structural_v3.2_RVOL1.0] | ['TIME_FILTER', 'LOW_RVOL', 'BIAS_MISMATCH', 'HIGH_WICKINESS', 'NO_TARGET_ZONE', 'LOW_RR']
2026-06-19 09:32:05,423 - INFO - 🟢 ENTRY [CF]: Logged trade for NSE:NIFTY50-INDEX at 23946.50 (SL: 23934.17, TP: 23946.50)
2026-06-19 09:32:05,438 - INFO - ⚡ [Structural_v3.2_RVOL1.0] warnings: ['VERY_LOW_RVOL:0.31']
2026-06-19 09:32:05,438 - INFO - 👻 CF: NSE:NIFTYBANK-INDEX BUY CALL | [Structural_v3.2_RVOL1.0] | ['TIME_FILTER', 'LOW_RVOL', 'HIGH_WICKINESS', 'NO_TARGET_ZONE', 'LOW_RR']
2026-06-19 09:32:05,460 - INFO - 🟢 ENTRY [CF]: Logged trade for NSE:NIFTYBANK-INDEX at 57583.25 (SL: 57548.59, TP: 57583.25)
2026-06-19 09:37:04,432 - INFO - --- 09:37:04 Market Pulse ---
2026-06-19 09:37:05,374 - INFO - 🟡 UPDATE (TRAILING_SL) [CF]: NSE:NIFTY50-INDEX price 23961.95 | New SL: 23953.17, TP: 24011.40
2026-06-19 09:37:05,405 - INFO - 🟡 UPDATE (TRAILING_SL) [CF]: NSE:NIFTYBANK-INDEX price 57644.30 | New SL: 57569.10, TP: 57804.50
2026-06-19 09:37:05,431 - INFO - 🟡 UPDATE (TRAILING_SL) [CF]: NSE:NIFTYBANK-INDEX price 57644.30 | New SL: 57617.34, TP: 57804.50
2026-06-19 09:37:05,459 - INFO - 🟡 UPDATE (TRAILING_SL) [CF]: NSE:NIFTYBANK-INDEX price 57644.30 | New SL: 57619.77, TP: 57804.50
2026-06-19 09:37:05,484 - INFO - 🔴 EXIT (TRAILING_SL) [CF]: Closed trade for NSE:NIFTYBANK-INDEX at 57611.83 with PnL 3.51R
2026-06-19 09:37:05,507 - INFO - 🔴 EXIT (TRAILING_SL) [CF]: Closed trade for NSE:NIFTY50-INDEX at 23955.12 with PnL 19.35R
2026-06-19 09:37:05,529 - INFO - 🔴 EXIT (TRAILING_SL) [CF]: Closed trade for NSE:NIFTY50-INDEX at 23955.14 with PnL 16.67R
2026-06-19 09:37:05,550 - INFO - 🟡 UPDATE (TP_EXPANSION) [CF]: NSE:NIFTY50-INDEX price 23961.95 | New SL: 23949.62, TP: 23958.83
2026-06-19 09:37:05,572 - INFO - 🟡 UPDATE (TP_EXPANSION) [CF]: NSE:NIFTYBANK-INDEX price 57644.30 | New SL: 57609.64, TP: 57617.91
2026-06-19 09:37:05,589 - INFO - ⚡ [Structural_v3.2_RVOL1.0] warnings: ['VERY_LOW_RVOL:0.37']
2026-06-19 09:37:05,589 - INFO - 👻 CF: NSE:NIFTY50-INDEX BUY CALL | [Structural_v3.2_RVOL1.0] | ['TIME_FILTER', 'LOW_RVOL', 'BIAS_MISMATCH', 'HIGH_WICKINESS', 'NO_TARGET_ZONE', 'LOW_RR']
2026-06-19 09:37:05,609 - INFO - 🟢 ENTRY [CF]: Logged trade for NSE:NIFTY50-INDEX at 23961.95 (SL: 23949.18, TP: 23961.95)
2026-06-19 09:37:05,624 - INFO - ⚡ [Structural_v3.2_RVOL1.0] warnings: ['VERY_LOW_RVOL:0.28']
2026-06-19 09:37:05,624 - INFO - 👻 CF: NSE:NIFTYBANK-INDEX BUY CALL | [Structural_v3.2_RVOL1.0] | ['TIME_FILTER', 'LOW_RVOL', 'HIGH_WICKINESS', 'NO_TARGET_ZONE', 'LOW_RR']
2026-06-19 09:37:05,644 - INFO - 🟢 ENTRY [CF]: Logged trade for NSE:NIFTYBANK-INDEX at 57644.30 (SL: 57607.43, TP: 57644.30)
2026-06-19 09:42:06,607 - INFO - --- 09:42:06 Market Pulse ---
2026-06-19 09:42:07,439 - INFO - 🟡 UPDATE (TRAILING_SL) [CF]: NSE:NIFTY50-INDEX price 23968.90 | New SL: 23960.12, TP: 24011.40
2026-06-19 09:42:07,470 - INFO - 🟡 UPDATE (TP_EXPANSION) [CF]: NSE:NIFTY50-INDEX price 23968.90 | New SL: 23956.13, TP: 23974.72
2026-06-19 09:42:07,490 - INFO - ⚡ [Structural_v3.2_RVOL1.0] warnings: ['VERY_LOW_RVOL:0.43']
2026-06-19 09:42:07,490 - INFO - 👻 CF: NSE:NIFTY50-INDEX BUY CALL | [Structural_v3.2_RVOL1.0] | ['TIME_FILTER', 'LOW_RVOL', 'BIAS_MISMATCH', 'NO_TARGET_ZONE', 'LOW_RR']
2026-06-19 09:42:07,515 - INFO - 🟢 ENTRY [CF]: Logged trade for NSE:NIFTY50-INDEX at 23968.90 (SL: 23956.38, TP: 23968.90)
2026-06-19 09:42:07,534 - INFO - ⚡ [Structural_v3.2_RVOL1.0] warnings: ['VERY_LOW_RVOL:0.34']
2026-06-19 09:42:07,534 - INFO - 👻 CF: NSE:NIFTYBANK-INDEX BUY CALL | [Structural_v3.2_RVOL1.0] | ['TIME_FILTER', 'LOW_RVOL', 'NO_TARGET_ZONE', 'LOW_RR']
2026-06-19 09:42:07,556 - INFO - 🟢 ENTRY [CF]: Logged trade for NSE:NIFTYBANK-INDEX at 57627.35 (SL: 57590.01, TP: 57627.35)
2026-06-19 09:47:08,549 - INFO - --- 09:47:08 Market Pulse ---
2026-06-19 09:47:09,513 - INFO - 🔴 EXIT (TRAILING_SL) [CF]: Closed trade for NSE:NIFTYBANK-INDEX at 57617.34 with PnL 2.85R
2026-06-19 09:47:09,548 - INFO - 🔴 EXIT (TRAILING_SL) [CF]: Closed trade for NSE:NIFTYBANK-INDEX at 57619.77 with PnL 3.90R
2026-06-19 09:47:09,575 - INFO - ⚡ [Structural_v3.2_RVOL1.0] warnings: ['VERY_LOW_RVOL:0.37']
2026-06-19 09:47:09,595 - INFO - ⚡ [Structural_v3.2_RVOL1.0] warnings: ['VERY_LOW_RVOL:0.39']
2026-06-19 09:47:09,595 - INFO - 🧘 Status: Sidelined (No Institutional Alignment)
2026-06-19 09:52:10,567 - INFO - --- 09:52:10 Market Pulse ---
2026-06-19 09:52:11,475 - INFO - 🧘 Status: Sidelined (No Institutional Alignment)
2026-06-19 09:57:11,774 - INFO - --- 09:57:11 Market Pulse ---
2026-06-19 09:57:12,726 - INFO - 🟡 UPDATE (TRAILING_SL) [CF]: NSE:NIFTY50-INDEX price 23984.90 | New SL: 23976.12, TP: 24011.40
2026-06-19 09:57:12,763 - INFO - 🟡 UPDATE (TP_EXPANSION) [CF]: NSE:NIFTY50-INDEX price 23984.90 | New SL: 23972.38, TP: 23981.42
2026-06-19 09:57:12,814 - INFO - ⚡ [Structural_v3.2_RVOL1.0] warnings: ['VERY_LOW_RVOL:0.34']
2026-06-19 09:57:12,814 - INFO - 🧘 Status: Sidelined (No Institutional Alignment)
2026-06-19 10:02:13,134 - INFO - --- 10:02:13 Market Pulse ---
2026-06-19 10:02:14,200 - INFO - 🔴 EXIT (TRAILING_SL) [CF]: Closed trade for NSE:NIFTY50-INDEX at 23976.12 with PnL 6.51R
2026-06-19 10:02:14,227 - INFO - 🔴 EXIT (TRAILING_SL) [CF]: Closed trade for NSE:NIFTYBANK-INDEX at 57569.10 with PnL -0.65R
2026-06-19 10:02:14,252 - INFO - 🔴 EXIT (TRAILING_SL) [CF]: Closed trade for NSE:NIFTY50-INDEX at 23972.38 with PnL 0.23R
2026-06-19 10:02:14,276 - INFO - 🔴 EXIT (INITIAL_SL) [CF]: Closed trade for NSE:NIFTYBANK-INDEX at 57590.01 with PnL -1.05R
2026-06-19 10:02:14,309 - INFO - 🧘 Status: Sidelined (No Institutional Alignment)
2026-06-19 10:05:36,722 - INFO - 🔄 Recovered 64 active counterfactual positions: ['cand_NSE_NIFTY50_INDEX_BREAKOUT_23977.80_20260616', 'cand_NSE_NIFTY50_INDEX_BREAKOUT_24071.65_20260617', 'cand_NSE_NIFTYBANK_INDEX_BREAKOUT_57557.95_20260617', 'cand_NSE_NIFTYBANK_INDEX_BREAKOUT_57646.15_20260617', 'cand_NSE_NIFTY50_INDEX_BREAKOUT_24097.40_20260617', 'cand_NSE_NIFTYBANK_INDEX_BREAKOUT_57609.65_20260617', 'cand_NSE_NIFTYBANK_INDEX_SWEEP_57804.50_20260618', 'cand_NSE_NIFTY50_INDEX_BREAKOUT_24139.65_20260618', 'cand_NSE_NIFTY50_INDEX_BREAKOUT_24036.95_20260618', 'cand_NSE_NIFTYBANK_INDEX_BREAKOUT_57906.60_20260618', 'cand_NSE_NIFTYBANK_INDEX_BREAKOUT_57954.55_20260618', 'cand_NSE_NIFTYBANK_INDEX_BREAKOUT_57937.10_20260618', 'cand_NSE_NIFTY50_INDEX_BREAKOUT_24189.25_20260619', 'cand_NSE_NIFTYBANK_INDEX_BREAKOUT_58021.25_20260619']
2026-06-19 10:05:36,722 - INFO - 🏛️ Structural Paper Trader Initialized | Active Position Tracking Enabled
2026-06-19 10:07:15,238 - INFO - --- 10:07:15 Market Pulse ---
2026-06-19 10:07:16,345 - INFO - ⚡ [Structural_v3.2_RVOL1.0] warnings: ['VERY_LOW_RVOL:0.49']
2026-06-19 10:07:16,367 - INFO - ⚡ [Structural_v3.2_RVOL1.0] warnings: ['VERY_LOW_RVOL:0.33']
2026-06-19 10:07:16,367 - INFO - 🧘 Status: Sidelined (No Institutional Alignment)
2026-06-19 10:12:16,459 - INFO - --- 10:12:16 Market Pulse ---
2026-06-19 10:12:17,334 - INFO - ⚡ [Structural_v3.2_RVOL1.0] warnings: ['VERY_LOW_RVOL:0.44']
2026-06-19 10:12:17,334 - INFO - 🧘 Status: Sidelined (No Institutional Alignment)
2026-06-19 10:17:18,108 - INFO - --- 10:17:18 Market Pulse ---
2026-06-19 10:17:19,149 - INFO - ⚡ [Structural_v3.2_RVOL1.0] warnings: ['VERY_LOW_RVOL:0.48']
2026-06-19 10:17:19,169 - INFO - ⚡ [Structural_v3.2_RVOL1.0] warnings: ['VERY_LOW_RVOL:0.34']
2026-06-19 10:17:19,169 - INFO - 🧘 Status: Sidelined (No Institutional Alignment)
2026-06-19 10:22:19,765 - INFO - --- 10:22:19 Market Pulse ---
2026-06-19 10:22:20,602 - INFO - ⚡ [Structural_v3.2_RVOL1.0] warnings: ['VERY_LOW_RVOL:0.49']
2026-06-19 10:22:20,630 - INFO - ⚡ [Structural_v3.2_RVOL1.0] warnings: ['VERY_LOW_RVOL:0.25']
2026-06-19 10:22:20,630 - INFO - 🧘 Status: Sidelined (No Institutional Alignment)
2026-06-19 10:27:20,774 - INFO - --- 10:27:20 Market Pulse ---
2026-06-19 10:27:21,990 - INFO - ⚡ [Structural_v3.2_RVOL1.0] warnings: ['VERY_LOW_RVOL:0.47']
2026-06-19 10:27:21,990 - INFO - 🧘 Status: Sidelined (No Institutional Alignment)
2026-06-19 10:32:22,973 - INFO - --- 10:32:22 Market Pulse ---
2026-06-19 10:32:24,062 - INFO - ⚡ [Structural_v3.2_RVOL1.0] warnings: ['VERY_LOW_RVOL:0.44']
2026-06-19 10:32:24,062 - INFO - 👻 CF: NSE:NIFTY50-INDEX BUY PUT | [Structural_v3.2_RVOL1.0] | ['LOW_RVOL', 'BIAS_MISMATCH', 'LOW_EFFICIENCY']
2026-06-19 10:32:24,094 - INFO - 🟢 ENTRY [CF]: Logged trade for NSE:NIFTY50-INDEX at 23960.30 (SL: 23970.02, TP: 23072.05)
2026-06-19 10:32:24,113 - INFO - ⚡ [Structural_v3.2_RVOL1.0] warnings: ['VERY_LOW_RVOL:0.48']
2026-06-19 10:37:24,243 - INFO - --- 10:37:24 Market Pulse ---
2026-06-19 10:37:25,316 - INFO - ⚡ [Structural_v3.2_RVOL1.0] warnings: ['VERY_LOW_RVOL:0.29']
2026-06-19 10:37:25,316 - INFO - 👻 CF: NSE:NIFTY50-INDEX BUY PUT | [Structural_v3.2_RVOL1.0] | ['LOW_RVOL', 'BIAS_MISMATCH', 'LOW_EFFICIENCY']
2026-06-19 10:37:25,347 - INFO - 🟢 ENTRY [CF]: Logged trade for NSE:NIFTY50-INDEX at 23961.45 (SL: 23970.99, TP: 23072.05)
2026-06-19 10:37:25,367 - INFO - ⚡ [Structural_v3.2_RVOL1.0] warnings: ['VERY_LOW_RVOL:0.27']
2026-06-19 10:42:26,070 - INFO - --- 10:42:26 Market Pulse ---
2026-06-19 10:42:27,041 - INFO - 🟡 UPDATE (TRAILING_SL) [CF]: NSE:NIFTY50-INDEX price 23956.95 | New SL: 23966.49, TP: 23072.05
2026-06-19 10:42:27,073 - INFO - ⚡ [Structural_v3.2_RVOL1.0] warnings: ['VERY_LOW_RVOL:0.46']
2026-06-19 10:42:27,074 - INFO - 👻 CF: NSE:NIFTY50-INDEX BUY PUT | [Structural_v3.2_RVOL1.0] | ['LOW_RVOL', 'BIAS_MISMATCH', 'LOW_EFFICIENCY']
2026-06-19 10:42:27,105 - INFO - 🟢 ENTRY [CF]: Logged trade for NSE:NIFTY50-INDEX at 23956.95 (SL: 23966.43, TP: 23072.05)
2026-06-19 10:42:27,124 - INFO - ⚡ [Structural_v3.2_RVOL1.0] warnings: ['VERY_LOW_RVOL:0.32']
2026-06-19 10:47:27,969 - INFO - --- 10:47:27 Market Pulse ---
2026-06-19 10:47:29,019 - INFO - 🔴 EXIT (INITIAL_SL) [CF]: Closed trade for NSE:NIFTY50-INDEX at 23966.43 with PnL -1.05R
2026-06-19 10:47:29,037 - INFO - ⚡ [Structural_v3.2_RVOL1.0] warnings: ['VERY_LOW_RVOL:0.41']
2026-06-19 10:47:29,054 - INFO - 🧘 Status: Sidelined (No Institutional Alignment)
2026-06-19 10:52:29,872 - INFO - --- 10:52:29 Market Pulse ---
2026-06-19 10:52:30,920 - INFO - ⚡ [Structural_v3.2_RVOL1.0] warnings: ['VERY_LOW_RVOL:0.38']
2026-06-19 10:52:30,920 - INFO - 🧘 Status: Sidelined (No Institutional Alignment)
2026-06-19 10:57:31,683 - INFO - --- 10:57:31 Market Pulse ---
2026-06-19 10:57:32,573 - INFO - ⚡ [Structural_v3.2_RVOL1.0] warnings: ['VERY_LOW_RVOL:0.41']
2026-06-19 10:57:32,606 - INFO - ⚡ [Structural_v3.2_RVOL1.0] warnings: ['VERY_LOW_RVOL:0.47']
2026-06-19 10:57:32,606 - INFO - 🧘 Status: Sidelined (No Institutional Alignment)
2026-06-19 11:01:54,827 - INFO - 🔄 Recovered 66 active counterfactual positions: ['cand_NSE_NIFTY50_INDEX_BREAKOUT_23977.80_20260616', 'cand_NSE_NIFTY50_INDEX_BREAKOUT_24071.65_20260617', 'cand_NSE_NIFTYBANK_INDEX_BREAKOUT_57557.95_20260617', 'cand_NSE_NIFTYBANK_INDEX_BREAKOUT_57646.15_20260617', 'cand_NSE_NIFTY50_INDEX_BREAKOUT_24097.40_20260617', 'cand_NSE_NIFTYBANK_INDEX_BREAKOUT_57609.65_20260617', 'cand_NSE_NIFTYBANK_INDEX_SWEEP_57804.50_20260618', 'cand_NSE_NIFTY50_INDEX_BREAKOUT_24139.65_20260618', 'cand_NSE_NIFTY50_INDEX_BREAKOUT_24036.95_20260618', 'cand_NSE_NIFTYBANK_INDEX_BREAKOUT_57906.60_20260618', 'cand_NSE_NIFTYBANK_INDEX_BREAKOUT_57954.55_20260618', 'cand_NSE_NIFTYBANK_INDEX_BREAKOUT_57937.10_20260618', 'cand_NSE_NIFTY50_INDEX_BREAKOUT_24189.25_20260619', 'cand_NSE_NIFTYBANK_INDEX_BREAKOUT_58021.25_20260619', 'cand_NSE_NIFTY50_INDEX_BREAKOUT_23938.75_20260619']
2026-06-19 11:01:54,827 - INFO - 🏛️ Structural Paper Trader Initialized | Active Position Tracking Enabled
2026-06-19 11:01:54,827 - INFO - ⏱️ Scheduler started. Waiting for next 5-minute candle...
2026-06-19 11:01:54,828 - INFO - --- 11:01:54 Market Pulse ---
2026-06-19 11:01:55,664 - INFO - 🟡 UPDATE (TRAILING_SL) [CFStructural_v3.2_RVOL1.0|UT_23977.80_20260616]: NSE:NIFTY50-INDEX @ 23949.55 | SL→23940.79 TP→24011.40
2026-06-19 11:01:55,704 - ERROR - ❌ Error in market loop: unsupported format string passed to NoneType.__format__
Traceback (most recent call last):
  File "/Users/kashishbaggafeast/Desktop/Bot/src/trading/indian_trader.py", line 255, in market_loop
    self._update_active_trades(current_prices, now)
  File "/Users/kashishbaggafeast/Desktop/Bot/src/trading/indian_trader.py", line 365, in _update_active_trades
    is_closed = self._update_position(pos, current_prices[symbol], timestamp)
  File "/Users/kashishbaggafeast/Desktop/Bot/src/trading/indian_trader.py", line 468, in _update_position
    self._exit_position(pos, exit_price, exit_reason, timestamp, pnl_r)
  File "/Users/kashishbaggafeast/Desktop/Bot/src/trading/indian_trader.py", line 998, in _exit_position
    f"🔴 EXIT ({mapped_reason}) {'[CF' if is_cf else '['}{exp_tag}|{cand_short}]: "
TypeError: unsupported format string passed to NoneType.__format__
2026-06-19 11:02:44,820 - INFO - 🔄 Recovered 65 active counterfactual positions: ['cand_NSE_NIFTY50_INDEX_BREAKOUT_23977.80_20260616', 'cand_NSE_NIFTY50_INDEX_BREAKOUT_24071.65_20260617', 'cand_NSE_NIFTYBANK_INDEX_BREAKOUT_57557.95_20260617', 'cand_NSE_NIFTYBANK_INDEX_BREAKOUT_57646.15_20260617', 'cand_NSE_NIFTY50_INDEX_BREAKOUT_24097.40_20260617', 'cand_NSE_NIFTYBANK_INDEX_BREAKOUT_57609.65_20260617', 'cand_NSE_NIFTYBANK_INDEX_SWEEP_57804.50_20260618', 'cand_NSE_NIFTY50_INDEX_BREAKOUT_24139.65_20260618', 'cand_NSE_NIFTY50_INDEX_BREAKOUT_24036.95_20260618', 'cand_NSE_NIFTYBANK_INDEX_BREAKOUT_57906.60_20260618', 'cand_NSE_NIFTYBANK_INDEX_BREAKOUT_57954.55_20260618', 'cand_NSE_NIFTYBANK_INDEX_BREAKOUT_57937.10_20260618', 'cand_NSE_NIFTY50_INDEX_BREAKOUT_24189.25_20260619', 'cand_NSE_NIFTYBANK_INDEX_BREAKOUT_58021.25_20260619', 'cand_NSE_NIFTY50_INDEX_BREAKOUT_23938.75_20260619']
2026-06-19 11:02:44,821 - INFO - 🏛️ Structural Paper Trader Initialized | Active Position Tracking Enabled
2026-06-19 11:02:44,821 - INFO - ⏱️ Scheduler started. Waiting for next 5-minute candle...
2026-06-19 11:02:44,821 - INFO - --- 11:02:44 Market Pulse ---
2026-06-19 11:02:45,653 - INFO - 🟡 UPDATE (TRAILING_SL) [CFStructural_v3.2_RVOL1.0|UT_23977.80_20260616]: NSE:NIFTY50-INDEX @ 23953.65 | SL→23944.89 TP→24011.40
2026-06-19 11:02:45,709 - INFO - 🔴 EXIT (TRAILING_SL) [CFStructural_v3.2_RVOL1.0|UT_24071.65_20260617]: NSE:NIFTY50-INDEX @ 24068.13 | PnL -0.93R | MFE 0.12R | Capture -745% | 2bars HoldEff -0.463R/bar
2026-06-19 11:02:45,745 - INFO - 🔴 EXIT (TRAILING_SL) [CFStructural_v3.2_RVOL1.0|UT_57557.95_20260617]: NSE:NIFTYBANK-INDEX @ 57578.27 | PnL +0.07R | MFE 1.12R | Capture 6% | 2bars HoldEff +0.034R/bar
2026-06-19 11:02:45,770 - INFO - 🔴 EXIT (INITIAL_SL) [CFStructural_v3.2_RVOL1.0|UT_24097.40_20260617]: NSE:NIFTY50-INDEX @ 24077.96 | PnL -1.05R | MFE 0.00R | Capture N/A | 1bars HoldEff -1.050R/bar
2026-06-19 11:02:45,794 - INFO - 🟡 UPDATE (TRAILING_SL) [CFStructural_v3.2_RVOL1.0|UT_57609.65_20260617]: NSE:NIFTYBANK-INDEX @ 57572.20 | SL→57548.69 TP→57804.50
2026-06-19 11:02:45,819 - INFO - 🟡 UPDATE (TRAILING_SL) [CFStructural_v3.2_RVOL1.0|EP_57804.50_20260618]: NSE:NIFTYBANK-INDEX @ 57572.20 | SL→57598.54 TP→54753.15
2026-06-19 11:02:45,840 - INFO - 🔴 EXIT (TRAILING_SL) [CFStructural_v3.2_RVOL1.0|UT_24139.65_20260618]: NSE:NIFTY50-INDEX @ 24098.43 | PnL -0.79R | MFE 0.26R | Capture -310% | 2bars HoldEff -0.397R/bar
2026-06-19 11:02:45,863 - INFO - 🟡 UPDATE (TRAILING_SL) [CFStructural_v3.2_RVOL1.0|UT_24036.95_20260618]: NSE:NIFTY50-INDEX @ 23953.65 | SL→23962.47 TP→23080.97
2026-06-19 11:02:45,885 - INFO - 🔴 EXIT (INITIAL_SL) [CFStructural_v3.2_RVOL1.0|UT_57906.60_20260618]: NSE:NIFTYBANK-INDEX @ 57892.02 | PnL -1.05R | MFE 0.00R | Capture N/A | 1bars HoldEff -1.050R/bar
2026-06-19 11:02:45,907 - INFO - 🔴 EXIT (TRAILING_SL) [CFStructural_v3.2_RVOL1.0|UT_57954.55_20260618]: NSE:NIFTYBANK-INDEX @ 57960.46 | PnL -0.45R | MFE 0.60R | Capture -74% | 2bars HoldEff -0.224R/bar
2026-06-19 11:02:45,930 - INFO - 🔴 EXIT (TRAILING_SL) [CFStructural_v3.2_RVOL1.0|UT_57937.10_20260618]: NSE:NIFTYBANK-INDEX @ 57887.51 | PnL -0.88R | MFE 0.17R | Capture -508% | 2bars HoldEff -0.439R/bar
2026-06-19 11:02:45,951 - INFO - 🔴 EXIT (TRAILING_SL) [CFStructural_v3.2_RVOL1.0|UT_24189.25_20260619]: NSE:NIFTY50-INDEX @ 23956.13 | PnL -0.51R | MFE 0.54R | Capture -93% | 2bars HoldEff -0.253R/bar
2026-06-19 11:02:45,973 - INFO - 🔴 EXIT (INITIAL_SL) [CFStructural_v3.2_RVOL1.0|UT_58021.25_20260619]: NSE:NIFTYBANK-INDEX @ 57607.43 | PnL -1.05R | MFE 0.00R | Capture N/A | 1bars HoldEff -1.050R/bar
2026-06-19 11:02:45,997 - INFO - 🟡 UPDATE (TRAILING_SL) [CFStructural_v3.2_RVOL1.0|UT_23938.75_20260619]: NSE:NIFTY50-INDEX @ 23953.65 | SL→23963.19 TP→23072.05
2026-06-19 11:02:46,017 - INFO - ⚡ [Structural_v3.2_RVOL1.0] warnings: ['VERY_LOW_RVOL:0.48']
2026-06-19 11:02:46,032 - INFO - ⚡ [Structural_v3.2_RVOL1.0] warnings: ['VERY_LOW_RVOL:0.27']
2026-06-19 11:02:46,032 - INFO - 🧘 Status: Sidelined (No Institutional Alignment)
2026-06-19 11:07:45,009 - INFO - --- 11:07:45 Market Pulse ---
2026-06-19 11:07:45,955 - INFO - 🔴 EXIT (TRAILING_SL) [CFStructural_v3.2_RVOL1.0|UT_23977.80_20260616]: NSE:NIFTY50-INDEX @ 23944.89 | PnL +0.45R | MFE 1.50R | Capture 30% | 4bars HoldEff +0.113R/bar
2026-06-19 11:07:45,996 - INFO - 🔴 EXIT (INITIAL_SL) [CFStructural_v3.2_RVOL1.0|UT_57646.15_20260617]: NSE:NIFTYBANK-INDEX @ 57567.54 | PnL -1.05R | MFE 0.00R | Capture N/A | 2bars HoldEff -0.525R/bar
2026-06-19 11:07:46,031 - INFO - 🟡 UPDATE (TRAILING_SL) [CFStructural_v3.2_RVOL1.0|EP_57804.50_20260618]: NSE:NIFTYBANK-INDEX @ 57549.30 | SL→57575.64 TP→54753.15
2026-06-19 11:07:46,058 - INFO - 🟡 UPDATE (TRAILING_SL) [CFStructural_v3.2_RVOL1.0|UT_24036.95_20260618]: NSE:NIFTY50-INDEX @ 23941.85 | SL→23950.67 TP→23080.97
2026-06-19 11:07:46,081 - INFO - 🟡 UPDATE (TRAILING_SL) [CFStructural_v3.2_RVOL1.0|UT_23938.75_20260619]: NSE:NIFTY50-INDEX @ 23941.85 | SL→23951.39 TP→23072.05
2026-06-19 11:07:46,112 - INFO - ⚡ [Structural_v3.2_RVOL1.0] warnings: ['VERY_LOW_RVOL:0.26']
2026-06-19 11:07:46,112 - INFO - 🧘 Status: Sidelined (No Institutional Alignment)
2026-06-19 11:12:46,782 - INFO - --- 11:12:46 Market Pulse ---
2026-06-19 11:12:47,793 - INFO - 🟡 UPDATE (TRAILING_SL) [CFStructural_v3.2_RVOL1.0|UT_57609.65_20260617]: NSE:NIFTYBANK-INDEX @ 57595.30 | SL→57571.79 TP→57804.50
2026-06-19 11:12:47,828 - INFO - 🔴 EXIT (TRAILING_SL) [CFStructural_v3.2_RVOL1.0|EP_57804.50_20260618]: NSE:NIFTYBANK-INDEX @ 57575.64 | PnL +6.26R | MFE 7.31R | Capture 86% | 7bars HoldEff +0.894R/bar
2026-06-19 11:12:47,859 - INFO - 🔴 EXIT (TRAILING_SL) [CFStructural_v3.2_RVOL1.0|UT_24036.95_20260618]: NSE:NIFTY50-INDEX @ 23950.67 | PnL +18.80R | MFE 19.85R | Capture 95% | 3bars HoldEff +6.265R/bar
2026-06-19 11:12:47,881 - INFO - 🔴 EXIT (TRAILING_SL) [CFStructural_v3.2_RVOL1.0|UT_23938.75_20260619]: NSE:NIFTY50-INDEX @ 23951.39 | PnL +1.00R | MFE 2.05R | Capture 49% | 4bars HoldEff +0.251R/bar
2026-06-19 11:12:47,913 - INFO - ⚡ [Structural_v3.2_RVOL1.0] warnings: ['VERY_LOW_RVOL:0.39']
2026-06-19 11:12:47,913 - INFO - 👻 [Structural_v3.2_RVOL1.0] CF BREAKOUT NSE:NIFTYBANK-INDEX BUY PUT | Rejected: ['LOW_RVOL', 'BIAS_MISMATCH', 'LOW_EFFICIENCY', 'HIGH_WICKINESS', 'TP_CAPPED']
2026-06-19 11:12:47,933 - INFO - 🟢 ENTRY [CF|Structural_v3.2_RVOL1.0|UT_57508.70_20260619]: NSE:NIFTYBANK-INDEX BUY PUT @ 57595.30 | SL: 57619.78 TP: 57350.51
2026-06-19 11:17:48,054 - INFO - --- 11:17:48 Market Pulse ---
2026-06-19 11:17:49,094 - INFO - 🟡 UPDATE (TRAILING_SL) [CFStructural_v3.2_RVOL1.0|UT_57609.65_20260617]: NSE:NIFTYBANK-INDEX @ 57597.65 | SL→57574.14 TP→57804.50
2026-06-19 11:17:49,112 - INFO - ⚡ [Structural_v3.2_RVOL1.0] warnings: ['VERY_LOW_RVOL:0.48']
2026-06-19 11:17:49,130 - INFO - ⚡ [Structural_v3.2_RVOL1.0] warnings: ['VERY_LOW_RVOL:0.28']
2026-06-19 11:22:49,693 - INFO - --- 11:22:49 Market Pulse ---
2026-06-19 11:22:50,632 - INFO - 🔴 EXIT (TRAILING_SL) [CFStructural_v3.2_RVOL1.0|UT_57609.65_20260617]: NSE:NIFTYBANK-INDEX @ 57574.14 | PnL +3.25R | MFE 4.30R | Capture 76% | 6bars HoldEff +0.542R/bar
2026-06-19 11:22:50,673 - INFO - 🟡 UPDATE (TRAILING_SL) [CFStructural_v3.2_RVOL1.0|UT_57508.70_20260619]: NSE:NIFTYBANK-INDEX @ 57567.85 | SL→57592.33 TP→57350.51
2026-06-19 11:22:50,701 - INFO - ⚡ [Structural_v3.2_RVOL1.0] warnings: ['VERY_LOW_RVOL:0.43']
2026-06-19 11:22:50,701 - INFO - 👻 [Structural_v3.2_RVOL1.0] CF BREAKOUT NSE:NIFTY50-INDEX BUY PUT | Rejected: ['LOW_RVOL', 'BIAS_MISMATCH', 'LOW_EFFICIENCY', 'HIGH_WICKINESS', 'TP_CAPPED']
2026-06-19 11:22:50,729 - INFO - 🟢 ENTRY [CF|Structural_v3.2_RVOL1.0|UT_23936.25_20260619]: NSE:NIFTY50-INDEX BUY PUT @ 23953.90 | SL: 23961.88 TP: 23874.08
2026-06-19 11:22:50,748 - INFO - ⚡ [Structural_v3.2_RVOL1.0] warnings: ['VERY_LOW_RVOL:0.23']
2026-06-19 11:27:51,552 - INFO - --- 11:27:51 Market Pulse ---
2026-06-19 11:27:52,453 - INFO - 🟡 UPDATE (TRAILING_SL) [CFStructural_v3.2_RVOL1.0|UT_57508.70_20260619]: NSE:NIFTYBANK-INDEX @ 57554.20 | SL→57578.68 TP→57350.51
2026-06-19 11:27:52,484 - INFO - 🟡 UPDATE (TRAILING_SL) [CFStructural_v3.2_RVOL1.0|UT_23936.25_20260619]: NSE:NIFTY50-INDEX @ 23945.40 | SL→23953.38 TP→23874.08
2026-06-19 11:27:52,529 - INFO - ⚡ [Structural_v3.2_RVOL1.0] warnings: ['VERY_LOW_RVOL:0.27']
2026-06-19 11:32:53,220 - INFO - --- 11:32:53 Market Pulse ---
2026-06-19 11:32:54,037 - INFO - 🔴 EXIT (TRAILING_SL) [CFStructural_v3.2_RVOL1.0|UT_57508.70_20260619]: NSE:NIFTYBANK-INDEX @ 57578.68 | PnL +0.63R | MFE 1.68R | Capture 37% | 4bars HoldEff +0.157R/bar
2026-06-19 11:32:54,071 - INFO - 🔴 EXIT (TRAILING_SL) [CFStructural_v3.2_RVOL1.0|UT_23936.25_20260619]: NSE:NIFTY50-INDEX @ 23953.38 | PnL +0.01R | MFE 1.06R | Capture 1% | 2bars HoldEff +0.007R/bar
2026-06-19 11:32:54,097 - INFO - ⚡ [Structural_v3.2_RVOL1.0] warnings: ['VERY_LOW_RVOL:0.46']
2026-06-19 11:32:54,097 - INFO - 👻 [Structural_v3.2_RVOL1.0] CF BREAKOUT NSE:NIFTY50-INDEX BUY PUT | Rejected: ['LOW_RVOL', 'BIAS_MISMATCH', 'LOW_EFFICIENCY', 'TP_CAPPED']
2026-06-19 11:32:54,125 - INFO - 🟢 ENTRY [CF|Structural_v3.2_RVOL1.0|UT_23936.25_20260619]: NSE:NIFTY50-INDEX BUY PUT @ 23960.35 | SL: 23968.09 TP: 23882.92
2026-06-19 11:32:54,146 - INFO - ⚡ [Structural_v3.2_RVOL1.0] warnings: ['VERY_LOW_RVOL:0.37']
2026-06-19 11:32:54,146 - INFO - 👻 [Structural_v3.2_RVOL1.0] CF BREAKOUT NSE:NIFTYBANK-INDEX BUY PUT | Rejected: ['LOW_RVOL', 'BIAS_MISMATCH', 'LOW_EFFICIENCY', 'TP_CAPPED']
2026-06-19 11:32:54,169 - INFO - 🟢 ENTRY [CF|Structural_v3.2_RVOL1.0|UT_57508.70_20260619]: NSE:NIFTYBANK-INDEX BUY PUT @ 57610.70 | SL: 57636.84 TP: 57349.34
2026-06-19 11:37:54,928 - INFO - --- 11:37:54 Market Pulse ---
2026-06-19 11:37:55,955 - INFO - ⚡ [Structural_v3.2_RVOL1.0] warnings: ['VERY_LOW_RVOL:0.42']
2026-06-19 11:37:55,975 - INFO - ⚡ [Structural_v3.2_RVOL1.0] warnings: ['VERY_LOW_RVOL:0.32']
2026-06-19 11:42:56,662 - INFO - --- 11:42:56 Market Pulse ---
2026-06-19 11:42:57,479 - INFO - 🟡 UPDATE (TRAILING_SL) [CFStructural_v3.2_RVOL1.0|UT_23936.25_20260619]: NSE:NIFTY50-INDEX @ 23957.75 | SL→23965.49 TP→23882.92
2026-06-19 11:42:57,516 - INFO - 🟡 UPDATE (TRAILING_SL) [CFStructural_v3.2_RVOL1.0|UT_57508.70_20260619]: NSE:NIFTYBANK-INDEX @ 57604.85 | SL→57630.99 TP→57349.34
2026-06-19 11:42:57,566 - INFO - ⚡ [Structural_v3.2_RVOL1.0] warnings: ['VERY_LOW_RVOL:0.26']
2026-06-19 11:42:57,566 - INFO - 🧘 Status: Sidelined (No Institutional Alignment)
2026-06-19 11:47:58,300 - INFO - --- 11:47:58 Market Pulse ---
2026-06-19 11:47:59,225 - INFO - 🟡 UPDATE (TRAILING_SL) [CFStructural_v3.2_RVOL1.0|UT_23936.25_20260619]: NSE:NIFTY50-INDEX @ 23946.30 | SL→23954.04 TP→23882.92
2026-06-19 11:47:59,262 - INFO - 🟡 UPDATE (TRAILING_SL) [CFStructural_v3.2_RVOL1.0|UT_57508.70_20260619]: NSE:NIFTYBANK-INDEX @ 57552.65 | SL→57578.79 TP→57349.34
2026-06-19 11:47:59,311 - INFO - ⚡ [Structural_v3.2_RVOL1.0] warnings: ['VERY_LOW_RVOL:0.43']
2026-06-19 11:47:59,311 - INFO - 🧘 Status: Sidelined (No Institutional Alignment)
2026-06-19 11:53:00,049 - INFO - --- 11:53:00 Market Pulse ---
2026-06-19 11:53:00,903 - INFO - ⚡ [Structural_v3.2_RVOL1.0] warnings: ['VERY_LOW_RVOL:0.18']
2026-06-19 11:53:00,903 - INFO - 🧘 Status: Sidelined (No Institutional Alignment)
2026-06-19 11:58:01,650 - INFO - --- 11:58:01 Market Pulse ---
2026-06-19 11:58:02,507 - INFO - ⚡ [Structural_v3.2_RVOL1.0] warnings: ['VERY_LOW_RVOL:0.42']
2026-06-19 11:58:02,508 - INFO - 🧘 Status: Sidelined (No Institutional Alignment)
2026-06-19 12:03:03,255 - INFO - --- 12:03:03 Market Pulse ---
2026-06-19 12:03:04,356 - INFO - 🔴 EXIT (TRAILING_SL) [CFStructural_v3.2_RVOL1.0|UT_23936.25_20260619]: NSE:NIFTY50-INDEX @ 23954.04 | PnL +0.76R | MFE 1.81R | Capture 42% | 6bars HoldEff +0.127R/bar
2026-06-19 12:03:04,395 - INFO - ⚡ [Structural_v3.2_RVOL1.0] warnings: ['VERY_LOW_RVOL:0.27']
2026-06-19 12:03:04,395 - INFO - 🧘 Status: Sidelined (No Institutional Alignment)
2026-06-19 12:08:05,092 - INFO - --- 12:08:05 Market Pulse ---
2026-06-19 12:08:06,148 - INFO - ⚡ [Structural_v3.2_RVOL1.0] warnings: ['VERY_LOW_RVOL:0.41']
2026-06-19 12:08:06,148 - INFO - 🧘 Status: Sidelined (No Institutional Alignment)
2026-06-19 12:13:06,911 - INFO - --- 12:13:06 Market Pulse ---
2026-06-19 12:13:07,865 - INFO - ⚡ [Structural_v3.2_RVOL1.0] warnings: ['VERY_LOW_RVOL:0.39']
2026-06-19 12:13:07,897 - INFO - ⚡ [Structural_v3.2_RVOL1.0] warnings: ['VERY_LOW_RVOL:0.26']
2026-06-19 12:13:07,898 - INFO - 🧘 Status: Sidelined (No Institutional Alignment)
2026-06-19 12:18:08,647 - INFO - --- 12:18:08 Market Pulse ---
2026-06-19 12:18:09,682 - INFO - ⚡ [Structural_v3.2_RVOL1.0] warnings: ['VERY_LOW_RVOL:0.38']
2026-06-19 12:18:09,702 - INFO - ⚡ [Structural_v3.2_RVOL1.0] warnings: ['VERY_LOW_RVOL:0.23']
2026-06-19 12:18:09,702 - INFO - 🧘 Status: Sidelined (No Institutional Alignment)
2026-06-19 12:23:10,518 - INFO - --- 12:23:10 Market Pulse ---
2026-06-19 12:23:11,494 - INFO - 🔴 EXIT (TRAILING_SL) [CFStructural_v3.2_RVOL1.0|UT_57508.70_20260619]: NSE:NIFTYBANK-INDEX @ 57578.79 | PnL +1.17R | MFE 2.22R | Capture 53% | 10bars HoldEff +0.117R/bar
2026-06-19 12:23:11,525 - INFO - ⚡ [Structural_v3.2_RVOL1.0] warnings: ['VERY_LOW_RVOL:0.44']
2026-06-19 12:23:11,552 - INFO - ⚡ [Structural_v3.2_RVOL1.0] warnings: ['VERY_LOW_RVOL:0.40']
2026-06-19 12:23:11,552 - INFO - 🧘 Status: Sidelined (No Institutional Alignment)
2026-06-19 12:28:12,278 - INFO - --- 12:28:12 Market Pulse ---
2026-06-19 12:28:13,167 - INFO - ⚡ [Structural_v3.2_RVOL1.0] warnings: ['VERY_LOW_RVOL:0.48']
2026-06-19 12:28:13,199 - INFO - ⚡ [Structural_v3.2_RVOL1.0] warnings: ['VERY_LOW_RVOL:0.27']
2026-06-19 12:28:13,199 - INFO - 🧘 Status: Sidelined (No Institutional Alignment)
2026-06-19 12:33:13,924 - INFO - --- 12:33:13 Market Pulse ---
2026-06-19 12:33:14,887 - INFO - ⚡ [Structural_v3.2_RVOL1.0] warnings: ['VERY_LOW_RVOL:0.31']
2026-06-19 12:33:14,887 - INFO - 🧘 Status: Sidelined (No Institutional Alignment)
2026-06-19 12:38:15,499 - INFO - --- 12:38:15 Market Pulse ---
2026-06-19 12:38:16,408 - INFO - ⚡ [Structural_v3.2_RVOL1.0] warnings: ['VERY_LOW_RVOL:0.46']
2026-06-19 12:38:16,439 - INFO - ⚡ [Structural_v3.2_RVOL1.0] warnings: ['VERY_LOW_RVOL:0.29']
2026-06-19 12:38:16,439 - INFO - 🧘 Status: Sidelined (No Institutional Alignment)
2026-06-19 12:43:17,163 - INFO - --- 12:43:17 Market Pulse ---
2026-06-19 12:43:18,111 - INFO - 🧘 Status: Sidelined (No Institutional Alignment)
2026-06-19 12:48:18,815 - INFO - --- 12:48:18 Market Pulse ---
2026-06-19 12:48:19,890 - INFO - ⚡ [Structural_v3.2_RVOL1.0] warnings: ['VERY_LOW_RVOL:0.25']
2026-06-19 12:48:19,890 - INFO - 🧘 Status: Sidelined (No Institutional Alignment)
2026-06-19 12:53:20,607 - INFO - --- 12:53:20 Market Pulse ---
2026-06-19 12:53:21,541 - INFO - ⚡ [Structural_v3.2_RVOL1.0] warnings: ['VERY_LOW_RVOL:0.31']
2026-06-19 12:53:21,541 - INFO - 🧘 Status: Sidelined (No Institutional Alignment)
2026-06-19 12:58:22,266 - INFO - --- 12:58:22 Market Pulse ---
2026-06-19 12:58:23,075 - INFO - ⚡ [Structural_v3.2_RVOL1.0] warnings: ['VERY_LOW_RVOL:0.42']
2026-06-19 12:58:23,075 - INFO - 🧘 Status: Sidelined (No Institutional Alignment)
2026-06-19 13:03:23,737 - INFO - --- 13:03:23 Market Pulse ---
2026-06-19 13:03:25,693 - INFO - ⚡ [Structural_v3.2_RVOL1.0] warnings: ['VERY_LOW_RVOL:0.41']
2026-06-19 13:03:25,693 - INFO - 🧘 Status: Sidelined (No Institutional Alignment)
2026-06-19 13:08:26,450 - INFO - --- 13:08:26 Market Pulse ---
2026-06-19 13:08:27,208 - INFO - ⚡ [Structural_v3.2_RVOL1.0] warnings: ['VERY_LOW_RVOL:0.43']
2026-06-19 13:08:27,208 - INFO - 🧘 Status: Sidelined (No Institutional Alignment)
2026-06-19 13:13:27,959 - INFO - --- 13:13:27 Market Pulse ---
2026-06-19 13:13:28,731 - INFO - ⚡ [Structural_v3.2_RVOL1.0] warnings: ['VERY_LOW_RVOL:0.39']
2026-06-19 13:13:28,731 - INFO - 🧘 Status: Sidelined (No Institutional Alignment)
2026-06-19 13:18:29,488 - INFO - --- 13:18:29 Market Pulse ---
2026-06-19 13:18:30,256 - INFO - ⚡ [Structural_v3.2_RVOL1.0] warnings: ['VERY_LOW_RVOL:0.42']
2026-06-19 13:18:30,256 - INFO - 🧘 Status: Sidelined (No Institutional Alignment)
2026-06-19 13:23:30,983 - INFO - --- 13:23:30 Market Pulse ---
2026-06-19 13:23:31,899 - INFO - ⚡ [Structural_v3.2_RVOL1.0] warnings: ['VERY_LOW_RVOL:0.36']
2026-06-19 13:23:31,899 - INFO - 👻 [Structural_v3.2_RVOL1.0] CF BREAKOUT NSE:NIFTYBANK-INDEX BUY PUT | Rejected: ['LOW_RVOL', 'BIAS_MISMATCH', 'LOW_EFFICIENCY', 'TP_CAPPED']
2026-06-19 13:23:31,929 - INFO - 🟢 ENTRY [CF|Structural_v3.2_RVOL1.0|UT_57464.55_20260619]: NSE:NIFTYBANK-INDEX BUY PUT @ 57514.25 | SL: 57537.19 TP: 57284.86
2026-06-19 13:28:32,706 - INFO - --- 13:28:32 Market Pulse ---
2026-06-19 13:28:33,502 - INFO - ⚡ [Structural_v3.2_RVOL1.0] warnings: ['VERY_LOW_RVOL:0.46']
2026-06-19 13:33:34,283 - INFO - --- 13:33:34 Market Pulse ---
2026-06-19 13:33:36,087 - INFO - 🔴 EXIT (INITIAL_SL) [CFStructural_v3.2_RVOL1.0|UT_57464.55_20260619]: NSE:NIFTYBANK-INDEX @ 57537.19 | PnL -1.05R | MFE 0.00R | Capture N/A | 2bars HoldEff -0.525R/bar
2026-06-19 13:33:36,141 - INFO - ⚡ [Structural_v3.2_RVOL1.0] warnings: ['VERY_LOW_RVOL:0.34']
2026-06-19 13:33:36,141 - INFO - 👻 [Structural_v3.2_RVOL1.0] CF BREAKOUT NSE:NIFTYBANK-INDEX BUY PUT | Rejected: ['LOW_RVOL', 'BIAS_MISMATCH', 'LOW_EFFICIENCY', 'HIGH_WICKINESS', 'TP_CAPPED']
2026-06-19 13:33:36,167 - INFO - 🟢 ENTRY [CF|Structural_v3.2_RVOL1.0|UT_57464.55_20260619]: NSE:NIFTYBANK-INDEX BUY PUT @ 57539.25 | SL: 57561.98 TP: 57311.98
2026-06-19 13:38:37,024 - INFO - --- 13:38:37 Market Pulse ---
2026-06-19 13:38:37,879 - INFO - ⚡ [Structural_v3.2_RVOL1.0] warnings: ['VERY_LOW_RVOL:0.47']
2026-06-19 13:43:38,680 - INFO - --- 13:43:38 Market Pulse ---
2026-06-19 13:43:40,485 - INFO - 🔴 EXIT (INITIAL_SL) [CFStructural_v3.2_RVOL1.0|UT_57464.55_20260619]: NSE:NIFTYBANK-INDEX @ 57561.98 | PnL -1.05R | MFE 0.00R | Capture N/A | 2bars HoldEff -0.525R/bar
2026-06-19 13:43:40,541 - INFO - ⚡ [Structural_v3.2_RVOL1.0] warnings: ['VERY_LOW_RVOL:0.41']
2026-06-19 13:43:40,541 - INFO - 👻 [Structural_v3.2_RVOL1.0] CF BREAKOUT NSE:NIFTYBANK-INDEX BUY PUT | Rejected: ['LOW_RVOL', 'BIAS_MISMATCH', 'LOW_EFFICIENCY', 'HIGH_WICKINESS', 'TP_CAPPED']
2026-06-19 13:43:40,567 - INFO - 🟢 ENTRY [CF|Structural_v3.2_RVOL1.0|UT_57464.55_20260619]: NSE:NIFTYBANK-INDEX BUY PUT @ 57592.85 | SL: 57616.70 TP: 57354.39
2026-06-19 13:48:41,337 - INFO - --- 13:48:41 Market Pulse ---
2026-06-19 13:48:42,100 - INFO - 🟡 UPDATE (TRAILING_SL) [CFStructural_v3.2_RVOL1.0|UT_57464.55_20260619]: NSE:NIFTYBANK-INDEX @ 57579.70 | SL→57603.55 TP→57354.39
2026-06-19 13:53:42,857 - INFO - --- 13:53:42 Market Pulse ---
2026-06-19 13:53:43,652 - INFO - ⚡ [Structural_v3.2_RVOL1.0] warnings: ['VERY_LOW_RVOL:0.46']
2026-06-19 13:58:44,456 - INFO - --- 13:58:44 Market Pulse ---
2026-06-19 13:58:45,548 - INFO - 🔴 EXIT (TRAILING_SL) [CFStructural_v3.2_RVOL1.0|UT_57464.55_20260619]: NSE:NIFTYBANK-INDEX @ 57603.55 | PnL -0.50R | MFE 0.55R | Capture -90% | 3bars HoldEff -0.166R/bar
2026-06-19 13:58:45,614 - INFO - 👻 [Structural_v3.2_RVOL1.0] CF BREAKOUT NSE:NIFTYBANK-INDEX BUY PUT | Rejected: ['LOW_RVOL', 'BIAS_MISMATCH', 'LOW_EFFICIENCY', 'HIGH_WICKINESS', 'TP_CAPPED']
2026-06-19 13:58:45,639 - INFO - 🟢 ENTRY [CF|Structural_v3.2_RVOL1.0|UT_57464.55_20260619]: NSE:NIFTYBANK-INDEX BUY PUT @ 57606.75 | SL: 57627.33 TP: 57400.96
2026-06-19 14:03:46,427 - INFO - --- 14:03:46 Market Pulse ---
2026-06-19 14:03:47,570 - INFO - 🔴 EXIT (INITIAL_SL) [CFStructural_v3.2_RVOL1.0|UT_57464.55_20260619]: NSE:NIFTYBANK-INDEX @ 57627.33 | PnL -1.05R | MFE 0.00R | Capture N/A | 1bars HoldEff -1.050R/bar
2026-06-19 14:03:47,611 - INFO - 👻 [Structural_v3.2_RVOL1.0] CF BREAKOUT NSE:NIFTYBANK-INDEX BUY PUT | Rejected: ['LOW_RVOL', 'BIAS_MISMATCH', 'TP_CAPPED']
2026-06-19 14:03:47,635 - INFO - 🟢 ENTRY [CF|Structural_v3.2_RVOL1.0|UT_57464.55_20260619]: NSE:NIFTYBANK-INDEX BUY PUT @ 57662.50 | SL: 57683.84 TP: 57449.07
2026-06-19 14:08:48,443 - INFO - --- 14:08:48 Market Pulse ---
2026-06-19 14:13:50,144 - INFO - --- 14:13:50 Market Pulse ---
2026-06-19 14:18:51,685 - INFO - --- 14:18:51 Market Pulse ---
2026-06-19 14:23:53,256 - INFO - --- 14:23:53 Market Pulse ---
2026-06-19 14:23:54,146 - INFO - 🧘 Status: Sidelined (No Institutional Alignment)
2026-06-19 14:28:54,937 - INFO - --- 14:28:54 Market Pulse ---
2026-06-19 14:28:55,795 - INFO - 🔴 EXIT (INITIAL_SL) [CFStructural_v3.2_RVOL1.0|UT_57464.55_20260619]: NSE:NIFTYBANK-INDEX @ 57683.84 | PnL -1.05R | MFE 0.00R | Capture N/A | 5bars HoldEff -0.210R/bar
2026-06-19 14:28:55,850 - INFO - 🧘 Status: Sidelined (No Institutional Alignment)
2026-06-19 14:33:56,711 - INFO - --- 14:33:56 Market Pulse ---
2026-06-19 14:33:57,612 - INFO - 🧘 Status: Sidelined (No Institutional Alignment)
2026-06-19 14:38:58,291 - INFO - --- 14:38:58 Market Pulse ---
2026-06-19 14:38:59,143 - INFO - 👻 [Structural_v3.2_RVOL1.0] CF BREAKOUT NSE:NIFTY50-INDEX BUY CALL | Rejected: ['LOW_RVOL', 'BIAS_MISMATCH', 'LOW_EFFICIENCY', 'TP_CAPPED']
2026-06-19 14:38:59,182 - INFO - 🟢 ENTRY [CF|Structural_v3.2_RVOL1.0|UT_24000.60_20260619]: NSE:NIFTY50-INDEX BUY CALL @ 23990.45 | SL: 23980.58 TP: 24089.16
2026-06-19 14:38:59,205 - INFO - 👻 [Structural_v3.2_RVOL1.0] CF BREAKOUT NSE:NIFTYBANK-INDEX BUY CALL | Rejected: ['LOW_RVOL', 'LOW_EFFICIENCY', 'TP_CAPPED']
2026-06-19 14:38:59,228 - INFO - 🟢 ENTRY [CF|Structural_v3.2_RVOL1.0|UT_57716.40_20260619]: NSE:NIFTYBANK-INDEX BUY CALL @ 57761.20 | SL: 57701.18 TP: 58014.91
2026-06-19 14:43:59,975 - INFO - --- 14:43:59 Market Pulse ---
2026-06-19 14:44:00,804 - INFO - 🔴 EXIT (INITIAL_SL) [CFStructural_v3.2_RVOL1.0|UT_24000.60_20260619]: NSE:NIFTY50-INDEX @ 23980.58 | PnL -1.05R | MFE 0.00R | Capture N/A | 1bars HoldEff -1.050R/bar
2026-06-19 14:44:00,845 - INFO - 🔴 EXIT (INITIAL_SL) [CFStructural_v3.2_RVOL1.0|UT_57716.40_20260619]: NSE:NIFTYBANK-INDEX @ 57701.18 | PnL -1.05R | MFE 0.00R | Capture N/A | 1bars HoldEff -1.050R/bar
2026-06-19 14:44:00,874 - INFO - 👻 [Structural_v3.2_RVOL1.0] CF BREAKOUT NSE:NIFTY50-INDEX BUY CALL | Rejected: ['LOW_RVOL', 'BIAS_MISMATCH', 'LOW_EFFICIENCY', 'TP_CAPPED']
2026-06-19 14:44:00,904 - INFO - 🟢 ENTRY [CF|Structural_v3.2_RVOL1.0|UT_24000.60_20260619]: NSE:NIFTY50-INDEX BUY CALL @ 23967.30 | SL: 23957.39 TP: 24066.43
2026-06-19 14:44:00,929 - INFO - 👻 [Structural_v3.2_RVOL1.0] CF BREAKOUT NSE:NIFTYBANK-INDEX BUY CALL | Rejected: ['LOW_RVOL', 'LOW_EFFICIENCY', 'TP_CAPPED']
2026-06-19 14:44:00,951 - INFO - 🟢 ENTRY [CF|Structural_v3.2_RVOL1.0|UT_57716.40_20260619]: NSE:NIFTYBANK-INDEX BUY CALL @ 57691.00 | SL: 57664.71 TP: 57953.89
2026-06-19 14:49:01,683 - INFO - --- 14:49:01 Market Pulse ---
2026-06-19 14:49:03,474 - INFO - 🟡 UPDATE (TRAILING_SL) [CFStructural_v3.2_RVOL1.0|UT_24000.60_20260619]: NSE:NIFTY50-INDEX @ 23976.90 | SL→23966.99 TP→24066.43
2026-06-19 14:49:03,512 - INFO - 🟡 UPDATE (TRAILING_SL) [CFStructural_v3.2_RVOL1.0|UT_57716.40_20260619]: NSE:NIFTYBANK-INDEX @ 57696.75 | SL→57670.46 TP→57953.89
2026-06-19 14:54:04,344 - INFO - --- 14:54:04 Market Pulse ---
2026-06-19 14:54:05,283 - INFO - 🔴 EXIT (TRAILING_SL) [CFStructural_v3.2_RVOL1.0|UT_24000.60_20260619]: NSE:NIFTY50-INDEX @ 23966.99 | PnL -0.08R | MFE 0.97R | Capture -8% | 2bars HoldEff -0.041R/bar
2026-06-19 14:54:05,322 - INFO - 🔴 EXIT (TRAILING_SL) [CFStructural_v3.2_RVOL1.0|UT_57716.40_20260619]: NSE:NIFTYBANK-INDEX @ 57670.46 | PnL -0.83R | MFE 0.22R | Capture -380% | 2bars HoldEff -0.416R/bar
2026-06-19 14:54:05,351 - INFO - 👻 [Structural_v3.2_RVOL1.0] CF BREAKOUT NSE:NIFTY50-INDEX BUY CALL | Rejected: ['BIAS_MISMATCH', 'LOW_EFFICIENCY', 'TP_CAPPED']
2026-06-19 14:54:05,376 - INFO - 🟢 ENTRY [CF|Structural_v3.2_RVOL1.0|UT_24000.60_20260619]: NSE:NIFTY50-INDEX BUY CALL @ 23939.65 | SL: 23928.34 TP: 24052.70
2026-06-19 14:54:05,395 - INFO - 👻 [Structural_v3.2_RVOL1.0] CF BREAKOUT NSE:NIFTYBANK-INDEX BUY CALL | Rejected: ['LOW_RVOL', 'LOW_EFFICIENCY', 'TP_CAPPED']
2026-06-19 14:54:05,416 - INFO - 🟢 ENTRY [CF|Structural_v3.2_RVOL1.0|UT_57789.90_20260619]: NSE:NIFTYBANK-INDEX BUY CALL @ 57621.25 | SL: 57593.05 TP: 57903.29
2026-06-19 14:59:06,268 - INFO - --- 14:59:06 Market Pulse ---
2026-06-19 14:59:07,239 - INFO - 🔴 EXIT (INITIAL_SL) [CFStructural_v3.2_RVOL1.0|UT_24000.60_20260619]: NSE:NIFTY50-INDEX @ 23928.34 | PnL -1.05R | MFE 0.00R | Capture N/A | 1bars HoldEff -1.050R/bar
2026-06-19 14:59:07,275 - INFO - 🔴 EXIT (INITIAL_SL) [CFStructural_v3.2_RVOL1.0|UT_57789.90_20260619]: NSE:NIFTYBANK-INDEX @ 57593.05 | PnL -1.05R | MFE 0.00R | Capture N/A | 1bars HoldEff -1.050R/bar
2026-06-19 14:59:07,302 - INFO - 👻 [Structural_v3.2_RVOL1.0] CF BREAKOUT NSE:NIFTY50-INDEX BUY CALL | Rejected: ['BIAS_MISMATCH', 'LOW_EFFICIENCY', 'TP_CAPPED']
2026-06-19 14:59:07,328 - INFO - 🟢 ENTRY [CF|Structural_v3.2_RVOL1.0|UT_24000.60_20260619]: NSE:NIFTY50-INDEX BUY CALL @ 23909.40 | SL: 23897.59 TP: 24027.52
2026-06-19 14:59:07,344 - INFO - 👻 [Structural_v3.2_RVOL1.0] CF BREAKOUT NSE:NIFTYBANK-INDEX BUY CALL | Rejected: ['LOW_EFFICIENCY', 'TP_CAPPED']
2026-06-19 14:59:07,365 - INFO - 🟢 ENTRY [CF|Structural_v3.2_RVOL1.0|UT_57789.90_20260619]: NSE:NIFTYBANK-INDEX BUY CALL @ 57558.90 | SL: 57529.43 TP: 57853.63
2026-06-19 15:04:08,054 - INFO - --- 15:04:08 Market Pulse ---
2026-06-19 15:04:09,111 - INFO - 🟡 UPDATE (TRAILING_SL) [CFStructural_v3.2_RVOL1.0|UT_24000.60_20260619]: NSE:NIFTY50-INDEX @ 23999.00 | SL→23987.19 TP→24027.52
2026-06-19 15:04:09,138 - INFO - 🟡 UPDATE (TRAILING_SL) [CFStructural_v3.2_RVOL1.0|UT_57789.90_20260619]: NSE:NIFTYBANK-INDEX @ 57700.10 | SL→57670.63 TP→57853.63
2026-06-19 15:09:09,939 - INFO - --- 15:09:09 Market Pulse ---
2026-06-19 15:09:10,761 - INFO - 🟡 UPDATE (TRAILING_SL) [CFStructural_v3.2_RVOL1.0|UT_24000.60_20260619]: NSE:NIFTY50-INDEX @ 24025.70 | SL→24013.89 TP→24027.52
2026-06-19 15:09:10,799 - INFO - 🟡 UPDATE (TRAILING_SL) [CFStructural_v3.2_RVOL1.0|UT_57789.90_20260619]: NSE:NIFTYBANK-INDEX @ 57732.05 | SL→57702.58 TP→57853.63
2026-06-19 15:14:11,602 - INFO - --- 15:14:11 Market Pulse ---
2026-06-19 15:14:12,477 - INFO - 🟡 UPDATE (TP_EXPANSION) [CFStructural_v3.2_RVOL1.0|UT_24000.60_20260619]: NSE:NIFTY50-INDEX @ 24033.65 | SL→24021.84 TP→24039.34
2026-06-19 15:19:13,209 - INFO - --- 15:19:13 Market Pulse ---
2026-06-19 15:19:14,044 - INFO - 🔴 EXIT (TRAILING_SL) [CFStructural_v3.2_RVOL1.0|UT_57789.90_20260619]: NSE:NIFTYBANK-INDEX @ 57702.58 | PnL +4.82R | MFE 5.87R | Capture 82% | 4bars HoldEff +1.206R/bar
2026-06-19 15:19:14,101 - INFO - 🧘 Status: Sidelined (No Institutional Alignment)
2026-06-19 15:24:14,897 - INFO - --- 15:24:14 Market Pulse ---
2026-06-19 15:24:15,756 - INFO - 🧘 Status: Sidelined (No Institutional Alignment)
2026-06-19 15:29:16,487 - INFO - --- 15:29:16 Market Pulse ---
2026-06-19 15:29:17,307 - INFO - 🟡 UPDATE (TRAILING_SL) [CFStructural_v3.2_RVOL1.0|UT_24000.60_20260619]: NSE:NIFTY50-INDEX @ 24039.30 | SL→24027.49 TP→24039.34
2026-06-19 15:29:17,346 - INFO - 🔴 EXIT (SESSION_END) [CFStructural_v3.2_RVOL1.0|UT_24000.60_20260619]: NSE:NIFTY50-INDEX @ 24039.30 | PnL +10.95R | MFE 11.00R | Capture 100% | 6bars HoldEff +1.825R/bar
2026-06-19 15:29:17,346 - INFO - 🔒 Session cutoff reached (15:25) — no new entries.
2026-06-19 15:34:18,084 - INFO - --- 15:34:18 Market Pulse ---
2026-06-19 15:34:18,925 - INFO - 🔒 Session cutoff reached (15:25) — no new entries.
2026-06-19 15:39:19,774 - INFO - --- 15:39:19 Market Pulse ---
2026-06-19 15:39:20,497 - INFO - 🔒 Session cutoff reached (15:25) — no new entries.
2026-06-19 15:44:21,266 - INFO - --- 15:44:21 Market Pulse ---
2026-06-19 15:44:22,016 - INFO - 🔒 Session cutoff reached (15:25) — no new entries.
2026-06-19 15:49:22,817 - INFO - --- 15:49:22 Market Pulse ---
2026-06-19 15:49:23,537 - INFO - 🔒 Session cutoff reached (15:25) — no new entries.
2026-06-19 15:54:24,338 - INFO - --- 15:54:24 Market Pulse ---
2026-06-19 15:54:25,080 - INFO - 🔒 Session cutoff reached (15:25) — no new entries.
2026-06-19 15:59:25,852 - INFO - --- 15:59:25 Market Pulse ---
2026-06-19 15:59:27,620 - INFO - 🔒 Session cutoff reached (15:25) — no new entries.
