2026-09-19 00:05:09,943 - INFO - 🔔 [New Candle Closed] Running entry pipeline for candle 00:05 at 00:05:09...
2026-09-19 00:20:56,126 - INFO - 🔔 [New Candle Closed] Running entry pipeline for candle 00:20 at 00:20:56...
2026-09-19 00:41:46,973 - INFO - 🔔 [New Candle Closed] Running entry pipeline for candle 00:40 at 00:41:46...
2026-09-19 00:52:10,332 - INFO - 🔔 [New Candle Closed] Running entry pipeline for candle 00:50 at 00:52:10...
2026-09-19 01:02:39,715 - INFO - 🔔 [New Candle Closed] Running entry pipeline for candle 01:00 at 01:02:39...
2026-09-19 01:13:13,782 - INFO - 🔔 [New Candle Closed] Running entry pipeline for candle 01:10 at 01:13:13...
2026-09-19 01:23:43,578 - INFO - 🔔 [New Candle Closed] Running entry pipeline for candle 01:20 at 01:23:43...
2026-09-19 01:34:09,594 - INFO - 🔔 [New Candle Closed] Running entry pipeline for candle 01:30 at 01:34:09...
2026-09-19 01:44:37,928 - INFO - 🔔 [New Candle Closed] Running entry pipeline for candle 01:40 at 01:44:37...
2026-09-19 01:50:11,610 - INFO - 🔔 [New Candle Closed] Running entry pipeline for candle 01:50 at 01:50:11...
2026-09-19 02:00:38,059 - INFO - 🔔 [New Candle Closed] Running entry pipeline for candle 02:00 at 02:00:38...
2026-09-19 02:21:15,465 - INFO - 🔔 [New Candle Closed] Running entry pipeline for candle 02:20 at 02:21:15...
2026-09-19 02:31:37,826 - INFO - 🔔 [New Candle Closed] Running entry pipeline for candle 02:30 at 02:31:37...
2026-09-19 02:42:10,112 - INFO - 🔔 [New Candle Closed] Running entry pipeline for candle 02:40 at 02:42:10...
2026-09-19 02:52:39,289 - INFO - 🔔 [New Candle Closed] Running entry pipeline for candle 02:50 at 02:52:39...
2026-09-19 03:03:09,454 - INFO - 🔔 [New Candle Closed] Running entry pipeline for candle 03:00 at 03:03:09...
2026-09-19 03:13:41,544 - INFO - 🔔 [New Candle Closed] Running entry pipeline for candle 03:10 at 03:13:41...
2026-09-19 03:24:07,980 - INFO - 🔔 [New Candle Closed] Running entry pipeline for candle 03:20 at 03:24:07...
2026-09-19 03:34:41,707 - INFO - 🔔 [New Candle Closed] Running entry pipeline for candle 03:30 at 03:34:41...
2026-09-19 03:45:09,859 - INFO - 🔔 [New Candle Closed] Running entry pipeline for candle 03:45 at 03:45:09...
2026-09-19 04:05:46,090 - INFO - 🔔 [New Candle Closed] Running entry pipeline for candle 04:05 at 04:05:46...
2026-09-19 04:26:41,845 - INFO - 🔔 [New Candle Closed] Running entry pipeline for candle 04:25 at 04:26:41...
2026-09-19 04:37:11,701 - INFO - 🔔 [New Candle Closed] Running entry pipeline for candle 04:35 at 04:37:11...
2026-09-19 04:47:40,120 - INFO - 🔔 [New Candle Closed] Running entry pipeline for candle 04:45 at 04:47:40...
2026-09-19 04:58:09,307 - INFO - 🔔 [New Candle Closed] Running entry pipeline for candle 04:55 at 04:58:09...
2026-09-19 05:08:37,916 - INFO - 🔔 [New Candle Closed] Running entry pipeline for candle 05:05 at 05:08:37...
2026-09-19 05:19:06,171 - INFO - 🔔 [New Candle Closed] Running entry pipeline for candle 05:15 at 05:19:06...
2026-09-19 05:39:47,403 - INFO - 🔔 [New Candle Closed] Running entry pipeline for candle 05:35 at 05:39:47...
2026-09-19 05:50:07,759 - INFO - 🔔 [New Candle Closed] Running entry pipeline for candle 05:50 at 05:50:07...
2026-09-19 06:00:38,342 - INFO - 🔔 [New Candle Closed] Running entry pipeline for candle 06:00 at 06:00:38...
2026-09-19 06:11:11,397 - INFO - 🔔 [New Candle Closed] Running entry pipeline for candle 06:10 at 06:11:11...
2026-09-19 06:18:19,781 - INFO - 🔔 [New Candle Closed] Running entry pipeline for candle 06:15 at 06:18:19...
2026-09-19 06:28:41,868 - INFO - 🔔 [New Candle Closed] Running entry pipeline for candle 06:25 at 06:28:41...
2026-09-19 06:39:12,040 - INFO - 🔔 [New Candle Closed] Running entry pipeline for candle 06:35 at 06:39:12...
2026-09-19 06:49:37,619 - INFO - 🔔 [New Candle Closed] Running entry pipeline for candle 06:45 at 06:49:37...
2026-09-19 07:00:10,032 - INFO - 🔔 [New Candle Closed] Running entry pipeline for candle 07:00 at 07:00:10...
2026-09-19 07:10:37,528 - INFO - 🔔 [New Candle Closed] Running entry pipeline for candle 07:10 at 07:10:37...
2026-09-19 07:31:11,960 - INFO - 🔔 [New Candle Closed] Running entry pipeline for candle 07:30 at 07:31:11...
2026-09-19 07:41:38,340 - INFO - 🔔 [New Candle Closed] Running entry pipeline for candle 07:40 at 07:41:38...
2026-09-19 07:52:07,747 - INFO - 🔔 [New Candle Closed] Running entry pipeline for candle 07:50 at 07:52:07...
2026-09-19 08:02:36,288 - INFO - 🔔 [New Candle Closed] Running entry pipeline for candle 08:00 at 08:02:36...
2026-09-19 08:13:07,603 - INFO - 🔔 [New Candle Closed] Running entry pipeline for candle 08:10 at 08:13:07...
2026-09-19 08:29:36,240 - INFO - 🔔 [New Candle Closed] Running entry pipeline for candle 08:25 at 08:29:36...
2026-09-19 08:40:10,404 - INFO - 🔔 [New Candle Closed] Running entry pipeline for candle 08:40 at 08:40:10...
2026-09-19 08:50:39,739 - INFO - 🔔 [New Candle Closed] Running entry pipeline for candle 08:50 at 08:50:39...
2026-09-19 09:01:10,136 - INFO - 🔔 [New Candle Closed] Running entry pipeline for candle 09:00 at 09:01:10...
2026-09-19 09:01:10,137 - INFO - 🗓️ Risk day rolled to 2026-09-19 — daily counters reset.
2026-09-19 09:01:10,137 - INFO - --- 09:01:10 Market Pulse ---
2026-09-19 09:01:10,247 - WARNING - No quotes data available for ['NSE:NIFTY50-INDEX', 'NSE:NIFTYBANK-INDEX'] (code=-15, message=Please provide valid token)
2026-09-19 09:01:11,258 - ERROR - ❌ Historical data request failed for NSE:NIFTY50-INDEX (attempt 1/3): {'code': -16, 'message': 'Could not authenticate the user', 's': 'error'}
2026-09-19 09:01:12,567 - ERROR - ❌ Historical data request failed for NSE:NIFTY50-INDEX (attempt 2/3): {'code': -16, 'message': 'Could not authenticate the user', 's': 'error'}
2026-09-19 09:11:16,310 - ERROR - ❌ Historical data request failed for NSE:NIFTY50-INDEX (attempt 3/3): {'code': -16, 'message': 'Could not authenticate the user', 's': 'error'}
2026-09-19 09:11:16,435 - ERROR - ❌ Historical data request failed for NSE:NIFTY50-INDEX (attempt 1/3): {'code': -16, 'message': 'Could not authenticate the user', 's': 'error'}
2026-09-19 09:11:17,535 - ERROR - ❌ Historical data request failed for NSE:NIFTY50-INDEX (attempt 2/3): {'code': -16, 'message': 'Could not authenticate the user', 's': 'error'}
2026-09-19 09:11:18,628 - ERROR - ❌ Historical data request failed for NSE:NIFTY50-INDEX (attempt 3/3): {'code': -16, 'message': 'Could not authenticate the user', 's': 'error'}
2026-09-19 09:11:18,760 - ERROR - ❌ Historical data request failed for NSE:NIFTY50-INDEX (attempt 1/3): {'code': -16, 'message': 'Could not authenticate the user', 's': 'error'}
2026-09-19 09:11:19,870 - ERROR - ❌ Historical data request failed for NSE:NIFTY50-INDEX (attempt 2/3): {'code': -16, 'message': 'Could not authenticate the user', 's': 'error'}
2026-09-19 09:11:20,979 - ERROR - ❌ Historical data request failed for NSE:NIFTY50-INDEX (attempt 3/3): {'code': -16, 'message': 'Could not authenticate the user', 's': 'error'}
2026-09-19 09:11:20,980 - WARNING - ⚠️ Could not fetch complete MTF data for NSE:NIFTY50-INDEX
2026-09-19 09:11:21,132 - ERROR - ❌ Historical data request failed for NSE:NIFTYBANK-INDEX (attempt 1/3): {'code': -16, 'message': 'Could not authenticate the user', 's': 'error'}
2026-09-19 09:11:22,240 - ERROR - ❌ Historical data request failed for NSE:NIFTYBANK-INDEX (attempt 2/3): {'code': -16, 'message': 'Could not authenticate the user', 's': 'error'}
2026-09-19 09:11:23,335 - ERROR - ❌ Historical data request failed for NSE:NIFTYBANK-INDEX (attempt 3/3): {'code': -16, 'message': 'Could not authenticate the user', 's': 'error'}
2026-09-19 09:11:23,470 - ERROR - ❌ Historical data request failed for NSE:NIFTYBANK-INDEX (attempt 1/3): {'code': -16, 'message': 'Could not authenticate the user', 's': 'error'}
2026-09-19 09:11:24,577 - ERROR - ❌ Historical data request failed for NSE:NIFTYBANK-INDEX (attempt 2/3): {'code': -16, 'message': 'Could not authenticate the user', 's': 'error'}
2026-09-19 09:11:25,673 - ERROR - ❌ Historical data request failed for NSE:NIFTYBANK-INDEX (attempt 3/3): {'code': -16, 'message': 'Could not authenticate the user', 's': 'error'}
2026-09-19 09:11:25,810 - ERROR - ❌ Historical data request failed for NSE:NIFTYBANK-INDEX (attempt 1/3): {'code': -16, 'message': 'Could not authenticate the user', 's': 'error'}
2026-09-19 09:11:26,909 - ERROR - ❌ Historical data request failed for NSE:NIFTYBANK-INDEX (attempt 2/3): {'code': -16, 'message': 'Could not authenticate the user', 's': 'error'}
2026-09-19 09:11:28,011 - ERROR - ❌ Historical data request failed for NSE:NIFTYBANK-INDEX (attempt 3/3): {'code': -16, 'message': 'Could not authenticate the user', 's': 'error'}
2026-09-19 09:11:28,012 - WARNING - ⚠️ Could not fetch complete MTF data for NSE:NIFTYBANK-INDEX
2026-09-19 09:11:28,012 - INFO - 🧘 Status: Sidelined (No Institutional Alignment)
2026-09-19 09:11:35,015 - INFO - 🔔 [New Candle Closed] Running entry pipeline for candle 09:10 at 09:11:35...
2026-09-19 09:11:35,016 - INFO - --- 09:11:35 Market Pulse ---
2026-09-19 09:11:35,111 - WARNING - ⚠️ Rate limited (429) for ['NSE:NIFTY50-INDEX', 'NSE:NIFTYBANK-INDEX'], backing off 1s (3 retries left)
2026-09-19 09:11:36,328 - WARNING - ⚠️ Rate limited (429) for ['NSE:NIFTY50-INDEX', 'NSE:NIFTYBANK-INDEX'], backing off 2s (2 retries left)
2026-09-19 09:20:07,761 - WARNING - No quotes data available for ['NSE:NIFTY50-INDEX', 'NSE:NIFTYBANK-INDEX'] (code=-15, message=Please provide valid token)
2026-09-19 09:20:08,311 - ERROR - ❌ Historical data request failed for NSE:NIFTY50-INDEX (attempt 1/3): {'code': -16, 'message': 'Could not authenticate the user', 's': 'error'}
2026-09-19 09:20:09,500 - ERROR - ❌ Historical data request failed for NSE:NIFTY50-INDEX (attempt 2/3): {'code': -16, 'message': 'Could not authenticate the user', 's': 'error'}
2026-09-19 09:20:10,681 - ERROR - ❌ Historical data request failed for NSE:NIFTY50-INDEX (attempt 3/3): {'code': -16, 'message': 'Could not authenticate the user', 's': 'error'}
2026-09-19 09:20:10,879 - ERROR - ❌ Historical data request failed for NSE:NIFTY50-INDEX (attempt 1/3): {'code': -16, 'message': 'Could not authenticate the user', 's': 'error'}
2026-09-19 09:20:12,051 - ERROR - ❌ Historical data request failed for NSE:NIFTY50-INDEX (attempt 2/3): {'code': -16, 'message': 'Could not authenticate the user', 's': 'error'}
2026-09-19 09:20:13,230 - ERROR - ❌ Historical data request failed for NSE:NIFTY50-INDEX (attempt 3/3): {'code': -16, 'message': 'Could not authenticate the user', 's': 'error'}
2026-09-19 09:20:13,408 - ERROR - ❌ Historical data request failed for NSE:NIFTY50-INDEX (attempt 1/3): {'code': -16, 'message': 'Could not authenticate the user', 's': 'error'}
2026-09-19 09:20:14,583 - ERROR - ❌ Historical data request failed for NSE:NIFTY50-INDEX (attempt 2/3): {'code': -16, 'message': 'Could not authenticate the user', 's': 'error'}
2026-09-19 09:20:15,758 - ERROR - ❌ Historical data request failed for NSE:NIFTY50-INDEX (attempt 3/3): {'code': -16, 'message': 'Could not authenticate the user', 's': 'error'}
2026-09-19 09:20:15,759 - WARNING - ⚠️ Could not fetch complete MTF data for NSE:NIFTY50-INDEX
2026-09-19 09:20:16,000 - ERROR - ❌ Historical data request failed for NSE:NIFTYBANK-INDEX (attempt 1/3): {'code': -16, 'message': 'Could not authenticate the user', 's': 'error'}
2026-09-19 09:20:17,176 - ERROR - ❌ Historical data request failed for NSE:NIFTYBANK-INDEX (attempt 2/3): {'code': -16, 'message': 'Could not authenticate the user', 's': 'error'}
2026-09-19 09:20:18,343 - ERROR - ❌ Historical data request failed for NSE:NIFTYBANK-INDEX (attempt 3/3): {'code': -16, 'message': 'Could not authenticate the user', 's': 'error'}
2026-09-19 09:20:18,558 - ERROR - ❌ Historical data request failed for NSE:NIFTYBANK-INDEX (attempt 1/3): {'code': -16, 'message': 'Could not authenticate the user', 's': 'error'}
2026-09-19 09:20:19,747 - ERROR - ❌ Historical data request failed for NSE:NIFTYBANK-INDEX (attempt 2/3): {'code': -16, 'message': 'Could not authenticate the user', 's': 'error'}
2026-09-19 09:20:20,934 - ERROR - ❌ Historical data request failed for NSE:NIFTYBANK-INDEX (attempt 3/3): {'code': -16, 'message': 'Could not authenticate the user', 's': 'error'}
2026-09-19 09:20:21,165 - ERROR - ❌ Historical data request failed for NSE:NIFTYBANK-INDEX (attempt 1/3): {'code': -16, 'message': 'Could not authenticate the user', 's': 'error'}
2026-09-19 09:20:22,357 - ERROR - ❌ Historical data request failed for NSE:NIFTYBANK-INDEX (attempt 2/3): {'code': -16, 'message': 'Could not authenticate the user', 's': 'error'}
2026-09-19 09:20:23,568 - ERROR - ❌ Historical data request failed for NSE:NIFTYBANK-INDEX (attempt 3/3): {'code': -16, 'message': 'Could not authenticate the user', 's': 'error'}
2026-09-19 09:20:23,569 - WARNING - ⚠️ Could not fetch complete MTF data for NSE:NIFTYBANK-INDEX
2026-09-19 09:20:23,569 - INFO - 🧘 Status: Sidelined (No Institutional Alignment)
2026-09-19 09:30:37,835 - INFO - 🔔 [New Candle Closed] Running entry pipeline for candle 09:30 at 09:30:37...
2026-09-19 09:30:37,836 - INFO - --- 09:30:37 Market Pulse ---
2026-09-19 09:30:37,926 - WARNING - ⚠️ Rate limited (429) for ['NSE:NIFTY50-INDEX', 'NSE:NIFTYBANK-INDEX'], backing off 1s (3 retries left)
2026-09-19 09:30:38,983 - WARNING - ⚠️ Rate limited (429) for ['NSE:NIFTY50-INDEX', 'NSE:NIFTYBANK-INDEX'], backing off 2s (2 retries left)
2026-09-19 09:30:41,062 - WARNING - ⚠️ Rate limited (429) for ['NSE:NIFTY50-INDEX', 'NSE:NIFTYBANK-INDEX'], backing off 4s (1 retries left)
2026-09-19 09:30:45,139 - WARNING - No quotes data available for ['NSE:NIFTY50-INDEX', 'NSE:NIFTYBANK-INDEX'] (code=429, message=Bad request)
2026-09-19 09:30:46,166 - ERROR - ❌ Historical data request failed for NSE:NIFTY50-INDEX (attempt 1/3): {'code': -16, 'message': 'Could not authenticate the user', 's': 'error'}
2026-09-19 09:30:47,257 - ERROR - ❌ Historical data request failed for NSE:NIFTY50-INDEX (attempt 2/3): {'code': -16, 'message': 'Could not authenticate the user', 's': 'error'}
2026-09-19 09:30:48,354 - ERROR - ❌ Historical data request failed for NSE:NIFTY50-INDEX (attempt 3/3): {'code': -16, 'message': 'Could not authenticate the user', 's': 'error'}
2026-09-19 09:30:48,499 - ERROR - ❌ Historical data request failed for NSE:NIFTY50-INDEX (attempt 1/3): {'code': -16, 'message': 'Could not authenticate the user', 's': 'error'}
2026-09-19 09:30:49,816 - ERROR - ❌ Historical data request failed for NSE:NIFTY50-INDEX (attempt 2/3): {'code': -16, 'message': 'Could not authenticate the user', 's': 'error'}
2026-09-19 09:30:51,173 - ERROR - ❌ Historical data request failed for NSE:NIFTY50-INDEX (attempt 3/3): {'code': -16, 'message': 'Could not authenticate the user', 's': 'error'}
2026-09-19 09:40:56,367 - ERROR - ❌ Historical data request failed for NSE:NIFTY50-INDEX (attempt 1/3): {'code': -16, 'message': 'Could not authenticate the user', 's': 'error'}
2026-09-19 09:40:57,573 - ERROR - ❌ Historical data request failed for NSE:NIFTY50-INDEX (attempt 2/3): {'code': -16, 'message': 'Could not authenticate the user', 's': 'error'}
2026-09-19 09:40:58,748 - ERROR - ❌ Historical data request failed for NSE:NIFTY50-INDEX (attempt 3/3): {'code': -16, 'message': 'Could not authenticate the user', 's': 'error'}
2026-09-19 09:40:58,748 - WARNING - ⚠️ Could not fetch complete MTF data for NSE:NIFTY50-INDEX
2026-09-19 09:40:58,979 - ERROR - ❌ Historical data request failed for NSE:NIFTYBANK-INDEX (attempt 1/3): {'code': -16, 'message': 'Could not authenticate the user', 's': 'error'}
2026-09-19 09:41:00,156 - ERROR - ❌ Historical data request failed for NSE:NIFTYBANK-INDEX (attempt 2/3): {'code': -16, 'message': 'Could not authenticate the user', 's': 'error'}
2026-09-19 09:41:01,350 - ERROR - ❌ Historical data request failed for NSE:NIFTYBANK-INDEX (attempt 3/3): {'code': -16, 'message': 'Could not authenticate the user', 's': 'error'}
2026-09-19 09:41:01,566 - ERROR - ❌ Historical data request failed for NSE:NIFTYBANK-INDEX (attempt 1/3): {'code': -16, 'message': 'Could not authenticate the user', 's': 'error'}
2026-09-19 09:41:02,757 - ERROR - ❌ Historical data request failed for NSE:NIFTYBANK-INDEX (attempt 2/3): {'code': -16, 'message': 'Could not authenticate the user', 's': 'error'}
2026-09-19 09:41:03,937 - ERROR - ❌ Historical data request failed for NSE:NIFTYBANK-INDEX (attempt 3/3): {'code': -16, 'message': 'Could not authenticate the user', 's': 'error'}
2026-09-19 09:41:04,130 - ERROR - ❌ Historical data request failed for NSE:NIFTYBANK-INDEX (attempt 1/3): {'code': -16, 'message': 'Could not authenticate the user', 's': 'error'}
2026-09-19 09:41:05,323 - ERROR - ❌ Historical data request failed for NSE:NIFTYBANK-INDEX (attempt 2/3): {'code': -16, 'message': 'Could not authenticate the user', 's': 'error'}
2026-09-19 09:41:06,517 - ERROR - ❌ Historical data request failed for NSE:NIFTYBANK-INDEX (attempt 3/3): {'code': -16, 'message': 'Could not authenticate the user', 's': 'error'}
2026-09-19 09:41:06,518 - WARNING - ⚠️ Could not fetch complete MTF data for NSE:NIFTYBANK-INDEX
2026-09-19 09:41:06,518 - INFO - 🧘 Status: Sidelined (No Institutional Alignment)
2026-09-19 09:51:41,719 - INFO - 🔔 [New Candle Closed] Running entry pipeline for candle 09:50 at 09:51:41...
2026-09-19 09:51:41,719 - INFO - --- 09:51:41 Market Pulse ---
2026-09-19 09:51:41,926 - WARNING - No quotes data available for ['NSE:NIFTY50-INDEX', 'NSE:NIFTYBANK-INDEX'] (code=-15, message=Please provide valid token)
2026-09-19 09:51:42,896 - ERROR - ❌ Historical data request failed for NSE:NIFTY50-INDEX (attempt 1/3): {'code': -16, 'message': 'Could not authenticate the user', 's': 'error'}
2026-09-19 09:51:44,096 - ERROR - ❌ Historical data request failed for NSE:NIFTY50-INDEX (attempt 2/3): {'code': -16, 'message': 'Could not authenticate the user', 's': 'error'}
2026-09-19 09:51:45,300 - ERROR - ❌ Historical data request failed for NSE:NIFTY50-INDEX (attempt 3/3): {'code': -16, 'message': 'Could not authenticate the user', 's': 'error'}
2026-09-19 09:51:45,612 - ERROR - ❌ Historical data request failed for NSE:NIFTY50-INDEX (attempt 1/3): {'code': -16, 'message': 'Could not authenticate the user', 's': 'error'}
2026-09-19 09:51:47,049 - ERROR - ❌ Historical data request failed for NSE:NIFTY50-INDEX (attempt 2/3): {'code': -16, 'message': 'Could not authenticate the user', 's': 'error'}
2026-09-19 10:01:52,974 - ERROR - ❌ Historical data request failed for NSE:NIFTY50-INDEX (attempt 3/3): {'code': -16, 'message': 'Could not authenticate the user', 's': 'error'}
2026-09-19 10:01:53,137 - ERROR - ❌ Historical data request failed for NSE:NIFTY50-INDEX (attempt 1/3): {'code': -16, 'message': 'Could not authenticate the user', 's': 'error'}
2026-09-19 10:01:54,261 - ERROR - ❌ Historical data request failed for NSE:NIFTY50-INDEX (attempt 2/3): {'code': -16, 'message': 'Could not authenticate the user', 's': 'error'}
2026-09-19 10:01:55,370 - ERROR - ❌ Historical data request failed for NSE:NIFTY50-INDEX (attempt 3/3): {'code': -16, 'message': 'Could not authenticate the user', 's': 'error'}
2026-09-19 10:01:55,371 - WARNING - ⚠️ Could not fetch complete MTF data for NSE:NIFTY50-INDEX
2026-09-19 10:01:55,524 - ERROR - ❌ Historical data request failed for NSE:NIFTYBANK-INDEX (attempt 1/3): {'code': -16, 'message': 'Could not authenticate the user', 's': 'error'}
2026-09-19 10:01:56,639 - ERROR - ❌ Historical data request failed for NSE:NIFTYBANK-INDEX (attempt 2/3): {'code': -16, 'message': 'Could not authenticate the user', 's': 'error'}
2026-09-19 10:01:57,733 - ERROR - ❌ Historical data request failed for NSE:NIFTYBANK-INDEX (attempt 3/3): {'code': -16, 'message': 'Could not authenticate the user', 's': 'error'}
2026-09-19 10:01:57,874 - ERROR - ❌ Historical data request failed for NSE:NIFTYBANK-INDEX (attempt 1/3): {'code': -16, 'message': 'Could not authenticate the user', 's': 'error'}
2026-09-19 10:01:58,977 - ERROR - ❌ Historical data request failed for NSE:NIFTYBANK-INDEX (attempt 2/3): {'code': -16, 'message': 'Could not authenticate the user', 's': 'error'}
2026-09-19 10:02:00,090 - ERROR - ❌ Historical data request failed for NSE:NIFTYBANK-INDEX (attempt 3/3): {'code': -16, 'message': 'Could not authenticate the user', 's': 'error'}
2026-09-19 10:02:00,223 - ERROR - ❌ Historical data request failed for NSE:NIFTYBANK-INDEX (attempt 1/3): {'code': -16, 'message': 'Could not authenticate the user', 's': 'error'}
2026-09-19 10:02:01,317 - ERROR - ❌ Historical data request failed for NSE:NIFTYBANK-INDEX (attempt 2/3): {'code': -16, 'message': 'Could not authenticate the user', 's': 'error'}
2026-09-19 10:02:02,426 - ERROR - ❌ Historical data request failed for NSE:NIFTYBANK-INDEX (attempt 3/3): {'code': -16, 'message': 'Could not authenticate the user', 's': 'error'}
2026-09-19 10:02:02,427 - WARNING - ⚠️ Could not fetch complete MTF data for NSE:NIFTYBANK-INDEX
2026-09-19 10:02:02,427 - INFO - 🧘 Status: Sidelined (No Institutional Alignment)
2026-09-19 10:13:19,856 - INFO - 🔔 [New Candle Closed] Running entry pipeline for candle 10:10 at 10:13:19...
2026-09-19 10:13:19,857 - INFO - --- 10:13:19 Market Pulse ---
2026-09-19 10:13:20,073 - WARNING - No quotes data available for ['NSE:NIFTY50-INDEX', 'NSE:NIFTYBANK-INDEX'] (code=-15, message=Please provide valid token)
2026-09-19 10:13:20,073 - CRITICAL - 🛑 CIRCUIT BREAKER TRIPPED: All symbol quotes failed for 5 consecutive ticks (~150s) — halting new real entries until the feed recovers.
2026-09-19 10:13:21,028 - ERROR - ❌ Historical data request failed for NSE:NIFTY50-INDEX (attempt 1/3): {'code': -16, 'message': 'Could not authenticate the user', 's': 'error'}
2026-09-19 10:13:22,229 - ERROR - ❌ Historical data request failed for NSE:NIFTY50-INDEX (attempt 2/3): {'code': -16, 'message': 'Could not authenticate the user', 's': 'error'}
2026-09-19 10:13:23,422 - ERROR - ❌ Historical data request failed for NSE:NIFTY50-INDEX (attempt 3/3): {'code': -16, 'message': 'Could not authenticate the user', 's': 'error'}
2026-09-19 10:13:23,639 - ERROR - ❌ Historical data request failed for NSE:NIFTY50-INDEX (attempt 1/3): {'code': -16, 'message': 'Could not authenticate the user', 's': 'error'}
2026-09-19 10:13:24,834 - ERROR - ❌ Historical data request failed for NSE:NIFTY50-INDEX (attempt 2/3): {'code': -16, 'message': 'Could not authenticate the user', 's': 'error'}
2026-09-19 10:13:26,010 - ERROR - ❌ Historical data request failed for NSE:NIFTY50-INDEX (attempt 3/3): {'code': -16, 'message': 'Could not authenticate the user', 's': 'error'}
2026-09-19 10:13:26,185 - ERROR - ❌ Historical data request failed for NSE:NIFTY50-INDEX (attempt 1/3): {'code': -16, 'message': 'Could not authenticate the user', 's': 'error'}
2026-09-19 10:13:27,401 - ERROR - ❌ Historical data request failed for NSE:NIFTY50-INDEX (attempt 2/3): {'code': -16, 'message': 'Could not authenticate the user', 's': 'error'}
2026-09-19 10:13:28,801 - ERROR - ❌ Historical data request failed for NSE:NIFTY50-INDEX (attempt 3/3): {'code': -16, 'message': 'Could not authenticate the user', 's': 'error'}
2026-09-19 10:13:28,801 - WARNING - ⚠️ Could not fetch complete MTF data for NSE:NIFTY50-INDEX
