2026-06-18 09:35:16,945 - INFO - 🔄 Recovered 44 active counterfactual positions: ['cand_NSE_NIFTY50_INDEX_BREAKOUT_23977.80_20260616', 'cand_NSE_NIFTYBANK_INDEX_BREAKOUT_57101.20_20260616', 'cand_NSE_NIFTY50_INDEX_BREAKOUT_24071.65_20260617', 'cand_NSE_NIFTYBANK_INDEX_BREAKOUT_57557.95_20260617', 'cand_NSE_NIFTYBANK_INDEX_BREAKOUT_57646.15_20260617', 'cand_NSE_NIFTY50_INDEX_BREAKOUT_24097.40_20260617', 'cand_NSE_NIFTYBANK_INDEX_BREAKOUT_57477.95_20260617', 'cand_NSE_NIFTYBANK_INDEX_BREAKOUT_57609.65_20260617', 'cand_NSE_NIFTY50_INDEX_BREAKOUT_24005.85_20260617']
2026-06-18 09:35:16,946 - INFO - 🏛️ Structural Paper Trader Initialized | Active Position Tracking Enabled
2026-06-18 09:35:16,946 - INFO - ⏱️ Scheduler started. Waiting for next 5-minute candle...
2026-06-18 09:35:16,946 - INFO - --- 09:35:16 Market Pulse ---
2026-06-18 09:35:17,683 - INFO - 🟡 UPDATE (TP_EXPANSION) [CF]: NSE:NIFTY50-INDEX price 24080.95 | New SL: 24072.41, TP: 24019.94
2026-06-18 09:35:17,719 - INFO - 🔴 EXIT (INITIAL_SL) [CF]: Closed trade for NSE:NIFTYBANK-INDEX at 57318.94 with PnL -1.05R
2026-06-18 09:35:17,750 - INFO - 🟡 UPDATE (TP_EXPANSION) [CF]: NSE:NIFTY50-INDEX price 24080.95 | New SL: 24072.83, TP: 24080.12
2026-06-18 09:35:17,775 - INFO - 🟡 UPDATE (TRAILING_SL) [CF]: NSE:NIFTYBANK-INDEX price 57721.45 | New SL: 57659.95, TP: 57804.50
2026-06-18 09:35:17,798 - INFO - 🟡 UPDATE (TRAILING_SL) [CF]: NSE:NIFTYBANK-INDEX price 57721.45 | New SL: 57694.30, TP: 57804.50
2026-06-18 09:35:17,823 - INFO - 🔴 EXIT (TRAILING_SL) [CF]: Closed trade for NSE:NIFTY50-INDEX at 24091.63 with PnL 0.35R
2026-06-18 09:35:17,848 - INFO - 🔴 EXIT (TRAILING_SL) [CF]: Closed trade for NSE:NIFTYBANK-INDEX at 57552.65 with PnL -0.85R
2026-06-18 09:35:17,871 - INFO - 🟡 UPDATE (TRAILING_SL) [CF]: NSE:NIFTYBANK-INDEX price 57721.45 | New SL: 57697.95, TP: 57804.50
2026-06-18 09:35:17,895 - INFO - 🔴 EXIT (INITIAL_SL) [CF]: Closed trade for NSE:NIFTY50-INDEX at 24059.17 with PnL -1.05R
2026-06-18 09:35:18,055 - INFO - 🧘 Status: Sidelined (No Institutional Alignment)
2026-06-18 09:40:17,030 - INFO - --- 09:40:17 Market Pulse ---
2026-06-18 09:40:18,056 - INFO - 🟡 UPDATE (TP_EXPANSION) [CF]: NSE:NIFTY50-INDEX price 24093.70 | New SL: 24085.16, TP: 24028.47
2026-06-18 09:40:18,084 - INFO - 🟡 UPDATE (TP_EXPANSION) [CF]: NSE:NIFTY50-INDEX price 24093.70 | New SL: 24085.58, TP: 24088.24
2026-06-18 09:40:18,109 - INFO - 🟡 UPDATE (TRAILING_SL) [CF]: NSE:NIFTYBANK-INDEX price 57744.70 | New SL: 57683.20, TP: 57804.50
2026-06-18 09:40:18,132 - INFO - 🟡 UPDATE (TRAILING_SL) [CF]: NSE:NIFTYBANK-INDEX price 57744.70 | New SL: 57717.55, TP: 57804.50
2026-06-18 09:40:18,154 - INFO - 🟡 UPDATE (TRAILING_SL) [CF]: NSE:NIFTYBANK-INDEX price 57744.70 | New SL: 57721.20, TP: 57804.50
2026-06-18 09:40:18,184 - INFO - 🧘 Status: Sidelined (No Institutional Alignment)
2026-06-18 09:45:19,169 - INFO - --- 09:45:19 Market Pulse ---
2026-06-18 09:45:19,984 - INFO - 🟡 UPDATE (TP_EXPANSION) [CF]: NSE:NIFTY50-INDEX price 24112.55 | New SL: 24104.01, TP: 24037.01
2026-06-18 09:45:20,021 - INFO - 🟡 UPDATE (TP_EXPANSION) [CF]: NSE:NIFTY50-INDEX price 24112.55 | New SL: 24104.43, TP: 24096.36
2026-06-18 09:45:20,051 - INFO - 🟡 UPDATE (TRAILING_SL) [CF]: NSE:NIFTYBANK-INDEX price 57793.70 | New SL: 57732.20, TP: 57804.50
2026-06-18 09:45:20,078 - INFO - 🟡 UPDATE (TRAILING_SL) [CF]: NSE:NIFTYBANK-INDEX price 57793.70 | New SL: 57766.55, TP: 57804.50
2026-06-18 09:45:20,103 - INFO - 🟡 UPDATE (TRAILING_SL) [CF]: NSE:NIFTYBANK-INDEX price 57793.70 | New SL: 57770.20, TP: 57804.50
2026-06-18 09:45:20,135 - INFO - 🧘 Status: Sidelined (No Institutional Alignment)
2026-06-18 09:50:20,389 - INFO - --- 09:50:20 Market Pulse ---
2026-06-18 09:50:21,561 - INFO - 🟡 UPDATE (TP_EXPANSION) [CF]: NSE:NIFTY50-INDEX price 24128.35 | New SL: 24119.81, TP: 24045.54
2026-06-18 09:50:21,591 - INFO - 🟡 UPDATE (TP_EXPANSION) [CF]: NSE:NIFTY50-INDEX price 24128.35 | New SL: 24120.23, TP: 24104.49
2026-06-18 09:50:21,614 - INFO - 🟡 UPDATE (TP_EXPANSION) [CF]: NSE:NIFTYBANK-INDEX price 57849.85 | New SL: 57788.35, TP: 57866.00
2026-06-18 09:50:21,637 - INFO - 🟡 UPDATE (TP_EXPANSION) [CF]: NSE:NIFTYBANK-INDEX price 57849.85 | New SL: 57822.70, TP: 57831.65
2026-06-18 09:50:21,660 - INFO - 🟡 UPDATE (TP_EXPANSION) [CF]: NSE:NIFTYBANK-INDEX price 57849.85 | New SL: 57826.35, TP: 57828.00
2026-06-18 09:50:21,690 - INFO - 🧘 Status: Sidelined (No Institutional Alignment)
2026-06-18 09:55:22,569 - INFO - --- 09:55:22 Market Pulse ---
2026-06-18 09:55:23,610 - INFO - 🟡 UPDATE (TP_EXPANSION) [CF]: NSE:NIFTY50-INDEX price 24133.25 | New SL: 24124.71, TP: 24054.08
2026-06-18 09:55:23,638 - INFO - 🟡 UPDATE (TP_EXPANSION) [CF]: NSE:NIFTY50-INDEX price 24133.25 | New SL: 24125.13, TP: 24112.61
2026-06-18 09:55:23,661 - INFO - 🟡 UPDATE (TP_EXPANSION) [CF]: NSE:NIFTYBANK-INDEX price 57847.60 | New SL: 57822.70, TP: 57858.79
2026-06-18 09:55:23,681 - INFO - 🟡 UPDATE (TP_EXPANSION) [CF]: NSE:NIFTYBANK-INDEX price 57847.60 | New SL: 57826.35, TP: 57851.50
2026-06-18 09:55:23,708 - INFO - 🧘 Status: Sidelined (No Institutional Alignment)
2026-06-18 10:00:24,426 - INFO - --- 10:00:24 Market Pulse ---
2026-06-18 10:00:25,316 - INFO - 🟡 UPDATE (TP_EXPANSION) [CF]: NSE:NIFTY50-INDEX price 24124.80 | New SL: 24124.71, TP: 24062.61
2026-06-18 10:00:25,354 - INFO - 🔴 EXIT (TRAILING_SL) [CF]: Closed trade for NSE:NIFTY50-INDEX at 24125.13 with PnL 6.49R
2026-06-18 10:00:25,402 - INFO - 👻 COUNTERFACTUAL SETUP DETECTED: NSE:NIFTYBANK-INDEX BUY PUT | Setup: SWEEP | Rejection: ['LOW_RVOL', 'BIAS_MISMATCH', 'LOW_RR']
2026-06-18 10:00:25,444 - INFO - 🟢 ENTRY [CF]: Logged trade for NSE:NIFTYBANK-INDEX at 57835.55 (SL: 57871.85, TP: 57804.50)
2026-06-18 10:05:26,228 - INFO - --- 10:05:26 Market Pulse ---
2026-06-18 10:05:27,527 - INFO - 🔴 EXIT (TRAILING_SL) [CF]: Closed trade for NSE:NIFTY50-INDEX at 24124.71 with PnL 23.34R
2026-06-18 10:05:27,566 - INFO - 🔴 EXIT (TRAILING_SL) [CF]: Closed trade for NSE:NIFTYBANK-INDEX at 57822.70 with PnL 9.29R
2026-06-18 10:05:27,599 - INFO - 🔴 EXIT (TRAILING_SL) [CF]: Closed trade for NSE:NIFTYBANK-INDEX at 57826.35 with PnL 11.88R
2026-06-18 10:05:27,629 - INFO - 🟡 UPDATE (TRAILING_SL) [CF]: NSE:NIFTYBANK-INDEX price 57809.25 | New SL: 57845.55, TP: 57804.50
2026-06-18 10:05:27,671 - INFO - 🧘 Status: Sidelined (No Institutional Alignment)
2026-06-18 10:10:28,317 - INFO - --- 10:10:28 Market Pulse ---
2026-06-18 10:10:29,218 - INFO - 🟡 UPDATE (TRAILING_SL) [CF]: NSE:NIFTYBANK-INDEX price 57852.45 | New SL: 57790.95, TP: 57866.00
2026-06-18 10:10:29,262 - INFO - 🔴 EXIT (TRAILING_SL) [CF]: Closed trade for NSE:NIFTYBANK-INDEX at 57845.55 with PnL -0.33R
2026-06-18 10:10:29,318 - INFO - 👻 COUNTERFACTUAL SETUP DETECTED: NSE:NIFTY50-INDEX BUY CALL | Setup: BREAKOUT | Rejection: ['LOW_RVOL', 'BIAS_MISMATCH', 'LOW_EFFICIENCY', 'NO_TARGET_ZONE', 'LOW_RR']
2026-06-18 10:10:29,346 - INFO - 🟢 ENTRY [CF]: Logged trade for NSE:NIFTY50-INDEX at 24131.80 (SL: 24120.61, TP: 24131.80)
2026-06-18 10:15:29,451 - INFO - --- 10:15:29 Market Pulse ---
2026-06-18 10:15:30,776 - INFO - 🟡 UPDATE (TP_EXPANSION) [CF]: NSE:NIFTYBANK-INDEX price 57867.00 | New SL: 57805.50, TP: 57927.50
2026-06-18 10:15:30,840 - INFO - 👻 COUNTERFACTUAL SETUP DETECTED: NSE:NIFTY50-INDEX BUY CALL | Setup: BREAKOUT | Rejection: ['LOW_RVOL', 'BIAS_MISMATCH', 'LOW_EFFICIENCY', 'NO_TARGET_ZONE', 'LOW_RR']
2026-06-18 10:15:30,870 - INFO - 🟢 ENTRY [CF]: Logged trade for NSE:NIFTY50-INDEX at 24126.05 (SL: 24114.66, TP: 24126.05)
2026-06-18 10:20:31,359 - INFO - --- 10:20:31 Market Pulse ---
2026-06-18 10:20:32,245 - INFO - 🔴 EXIT (INITIAL_SL) [CF]: Closed trade for NSE:NIFTY50-INDEX at 24114.66 with PnL -1.05R
2026-06-18 10:20:32,303 - INFO - 👻 COUNTERFACTUAL SETUP DETECTED: NSE:NIFTY50-INDEX BUY CALL | Setup: BREAKOUT | Rejection: ['LOW_RVOL', 'BIAS_MISMATCH', 'LOW_EFFICIENCY', 'NO_TARGET_ZONE', 'LOW_RR']
2026-06-18 10:20:32,328 - INFO - 🟢 ENTRY [CF]: Logged trade for NSE:NIFTY50-INDEX at 24112.90 (SL: 24101.28, TP: 24112.90)
2026-06-18 10:25:32,857 - INFO - --- 10:25:32 Market Pulse ---
2026-06-18 10:25:33,915 - INFO - 👻 COUNTERFACTUAL SETUP DETECTED: NSE:NIFTY50-INDEX BUY CALL | Setup: BREAKOUT | Rejection: ['LOW_RVOL', 'BIAS_MISMATCH', 'LOW_EFFICIENCY', 'HIGH_WICKINESS', 'NO_TARGET_ZONE', 'LOW_RR']
2026-06-18 10:25:33,943 - INFO - 🟢 ENTRY [CF]: Logged trade for NSE:NIFTY50-INDEX at 24111.05 (SL: 24101.64, TP: 24111.05)
2026-06-18 10:30:34,183 - INFO - --- 10:30:34 Market Pulse ---
2026-06-18 10:30:35,065 - INFO - 🔴 EXIT (TRAILING_SL) [CF]: Closed trade for NSE:NIFTYBANK-INDEX at 57805.50 with PnL 3.26R
2026-06-18 10:30:35,123 - INFO - 👻 COUNTERFACTUAL SETUP DETECTED: NSE:NIFTY50-INDEX BUY CALL | Setup: BREAKOUT | Rejection: ['LOW_RVOL', 'BIAS_MISMATCH', 'LOW_EFFICIENCY', 'HIGH_WICKINESS', 'NO_TARGET_ZONE', 'LOW_RR']
2026-06-18 10:30:35,153 - INFO - 🟢 ENTRY [CF]: Logged trade for NSE:NIFTY50-INDEX at 24105.25 (SL: 24096.07, TP: 24105.25)
2026-06-18 10:35:35,482 - INFO - --- 10:35:35 Market Pulse ---
2026-06-18 10:35:36,364 - INFO - 🟡 UPDATE (TP_EXPANSION) [CF]: NSE:NIFTY50-INDEX price 24107.60 | New SL: 24098.42, TP: 24114.43
2026-06-18 10:35:36,423 - INFO - 👻 COUNTERFACTUAL SETUP DETECTED: NSE:NIFTY50-INDEX BUY CALL | Setup: BREAKOUT | Rejection: ['LOW_RVOL', 'BIAS_MISMATCH', 'LOW_EFFICIENCY', 'HIGH_WICKINESS', 'NO_TARGET_ZONE', 'LOW_RR']
2026-06-18 10:35:36,450 - INFO - 🟢 ENTRY [CF]: Logged trade for NSE:NIFTY50-INDEX at 24107.60 (SL: 24098.34, TP: 24107.60)
2026-06-18 10:40:37,272 - INFO - --- 10:40:37 Market Pulse ---
2026-06-18 10:40:38,277 - INFO - 🔴 EXIT (INITIAL_SL) [CF]: Closed trade for NSE:NIFTY50-INDEX at 24098.34 with PnL -1.05R
2026-06-18 10:40:38,329 - INFO - 👻 COUNTERFACTUAL SETUP DETECTED: NSE:NIFTY50-INDEX BUY CALL | Setup: BREAKOUT | Rejection: ['LOW_RVOL', 'BIAS_MISMATCH', 'NO_TARGET_ZONE', 'LOW_RR']
2026-06-18 10:40:38,354 - INFO - 🟢 ENTRY [CF]: Logged trade for NSE:NIFTY50-INDEX at 24060.95 (SL: 24050.68, TP: 24060.95)
2026-06-18 10:45:39,197 - INFO - --- 10:45:39 Market Pulse ---
2026-06-18 10:45:40,476 - INFO - 🟡 UPDATE (TP_EXPANSION) [CF]: NSE:NIFTY50-INDEX price 24085.45 | New SL: 24075.18, TP: 24071.22
2026-06-18 10:45:40,531 - INFO - 👻 COUNTERFACTUAL SETUP DETECTED: NSE:NIFTY50-INDEX BUY CALL | Setup: BREAKOUT | Rejection: ['LOW_RVOL', 'BIAS_MISMATCH', 'LOW_EFFICIENCY', 'NO_TARGET_ZONE', 'LOW_RR']
2026-06-18 10:45:40,561 - INFO - 🟢 ENTRY [CF]: Logged trade for NSE:NIFTY50-INDEX at 24085.45 (SL: 24075.39, TP: 24085.45)
2026-06-18 10:50:41,289 - INFO - --- 10:50:41 Market Pulse ---
2026-06-18 10:50:42,326 - INFO - 🔴 EXIT (INITIAL_SL) [CF]: Closed trade for NSE:NIFTY50-INDEX at 24075.39 with PnL -1.05R
2026-06-18 10:50:42,365 - INFO - 👻 COUNTERFACTUAL SETUP DETECTED: NSE:NIFTY50-INDEX BUY CALL | Setup: BREAKOUT | Rejection: ['LOW_RVOL', 'BIAS_MISMATCH', 'HIGH_WICKINESS', 'NO_TARGET_ZONE', 'LOW_RR']
2026-06-18 10:50:42,389 - INFO - 🟢 ENTRY [CF]: Logged trade for NSE:NIFTY50-INDEX at 24072.35 (SL: 24063.03, TP: 24072.35)
2026-06-18 10:50:42,389 - INFO - 👻 COUNTERFACTUAL SETUP DETECTED: NSE:NIFTYBANK-INDEX BUY PUT | Setup: SWEEP | Rejection: ['LOW_RVOL', 'BIAS_MISMATCH']
2026-06-18 10:50:42,411 - INFO - 🟢 ENTRY [CF]: Logged trade for NSE:NIFTYBANK-INDEX at 57713.60 (SL: 57742.18, TP: 54753.15)
2026-06-18 10:55:43,260 - INFO - --- 10:55:43 Market Pulse ---
2026-06-18 10:55:44,107 - INFO - 🟡 UPDATE (TP_EXPANSION) [CF]: NSE:NIFTY50-INDEX price 24085.55 | New SL: 24076.23, TP: 24081.67
2026-06-18 10:55:44,160 - INFO - 👻 COUNTERFACTUAL SETUP DETECTED: NSE:NIFTYBANK-INDEX BUY PUT | Setup: SWEEP | Rejection: ['LOW_RVOL', 'BIAS_MISMATCH']
2026-06-18 10:55:44,188 - INFO - 🟢 ENTRY [CF]: Logged trade for NSE:NIFTYBANK-INDEX at 57741.75 (SL: 57768.09, TP: 54753.15)
2026-06-18 11:00:44,895 - INFO - --- 11:00:44 Market Pulse ---
2026-06-18 11:00:45,952 - INFO - 🟡 UPDATE (TP_EXPANSION) [CF]: NSE:NIFTY50-INDEX price 24084.30 | New SL: 24076.23, TP: 24091.00
2026-06-18 11:00:45,987 - INFO - 🧘 Status: Sidelined (No Institutional Alignment)
2026-06-18 11:05:46,858 - INFO - --- 11:05:46 Market Pulse ---
2026-06-18 11:05:47,637 - INFO - 🟡 UPDATE (TRAILING_SL) [CF]: NSE:NIFTYBANK-INDEX price 57737.65 | New SL: 57763.99, TP: 54753.15
2026-06-18 11:05:47,690 - INFO - 🧘 Status: Sidelined (No Institutional Alignment)
2026-06-18 11:10:48,452 - INFO - --- 11:10:48 Market Pulse ---
2026-06-18 11:10:49,641 - INFO - 🧘 Status: Sidelined (No Institutional Alignment)
2026-06-18 11:15:50,443 - INFO - --- 11:15:50 Market Pulse ---
2026-06-18 11:15:51,229 - INFO - 🔴 EXIT (TRAILING_SL) [CF]: Closed trade for NSE:NIFTY50-INDEX at 24076.23 with PnL 0.37R
2026-06-18 11:15:51,255 - INFO - 🟡 UPDATE (TRAILING_SL) [CF]: NSE:NIFTYBANK-INDEX price 57707.45 | New SL: 57733.79, TP: 54753.15
2026-06-18 11:15:51,296 - INFO - 🧘 Status: Sidelined (No Institutional Alignment)
2026-06-18 11:20:52,049 - INFO - --- 11:20:52 Market Pulse ---
2026-06-18 11:20:53,107 - INFO - 👻 COUNTERFACTUAL SETUP DETECTED: NSE:NIFTYBANK-INDEX BUY PUT | Setup: SWEEP | Rejection: ['LOW_RVOL', 'BIAS_MISMATCH']
2026-06-18 11:20:53,134 - INFO - 🟢 ENTRY [CF]: Logged trade for NSE:NIFTYBANK-INDEX at 57707.50 (SL: 57734.95, TP: 54753.15)
2026-06-18 11:25:53,890 - INFO - --- 11:25:53 Market Pulse ---
2026-06-18 11:25:54,870 - INFO - 🧘 Status: Sidelined (No Institutional Alignment)
2026-06-18 11:30:55,699 - INFO - --- 11:30:55 Market Pulse ---
2026-06-18 11:30:56,510 - INFO - 🔴 EXIT (INITIAL_SL) [CF]: Closed trade for NSE:NIFTYBANK-INDEX at 57734.95 with PnL -1.05R
2026-06-18 11:30:56,565 - INFO - 🧘 Status: Sidelined (No Institutional Alignment)
2026-06-18 11:35:57,292 - INFO - --- 11:35:57 Market Pulse ---
2026-06-18 11:35:58,062 - INFO - 👻 COUNTERFACTUAL SETUP DETECTED: NSE:NIFTY50-INDEX BUY PUT | Setup: BREAKOUT | Rejection: ['LOW_RVOL', 'BIAS_MISMATCH', 'LOW_EFFICIENCY', 'HIGH_WICKINESS']
2026-06-18 11:35:58,094 - INFO - 🟢 ENTRY [CF]: Logged trade for NSE:NIFTY50-INDEX at 24060.15 (SL: 24068.83, TP: 23080.97)
2026-06-18 11:40:58,754 - INFO - --- 11:40:58 Market Pulse ---
2026-06-18 11:40:59,639 - INFO - 🟡 UPDATE (TRAILING_SL) [CF]: NSE:NIFTY50-INDEX price 24053.20 | New SL: 24061.88, TP: 23080.97
2026-06-18 11:40:59,680 - INFO - 👻 COUNTERFACTUAL SETUP DETECTED: NSE:NIFTY50-INDEX BUY PUT | Setup: BREAKOUT | Rejection: ['LOW_RVOL', 'BIAS_MISMATCH', 'LOW_EFFICIENCY', 'HIGH_WICKINESS']
2026-06-18 11:40:59,704 - INFO - 🟢 ENTRY [CF]: Logged trade for NSE:NIFTY50-INDEX at 24053.20 (SL: 24061.97, TP: 23080.97)
2026-06-18 11:46:00,499 - INFO - --- 11:46:00 Market Pulse ---
2026-06-18 11:46:01,352 - INFO - 🔴 EXIT (INITIAL_SL) [CF]: Closed trade for NSE:NIFTY50-INDEX at 24061.97 with PnL -1.05R
2026-06-18 11:46:01,405 - INFO - 👻 COUNTERFACTUAL SETUP DETECTED: NSE:NIFTY50-INDEX BUY PUT | Setup: BREAKOUT | Rejection: ['LOW_RVOL', 'BIAS_MISMATCH', 'LOW_EFFICIENCY', 'HIGH_WICKINESS']
2026-06-18 11:46:01,432 - INFO - 🟢 ENTRY [CF]: Logged trade for NSE:NIFTY50-INDEX at 24070.75 (SL: 24079.03, TP: 23080.97)
2026-06-18 11:51:02,193 - INFO - --- 11:51:02 Market Pulse ---
2026-06-18 11:51:03,096 - INFO - 🟡 UPDATE (TRAILING_SL) [CF]: NSE:NIFTY50-INDEX price 24055.70 | New SL: 24063.98, TP: 23080.97
2026-06-18 11:51:03,150 - INFO - 👻 COUNTERFACTUAL SETUP DETECTED: NSE:NIFTY50-INDEX BUY PUT | Setup: BREAKOUT | Rejection: ['LOW_RVOL', 'BIAS_MISMATCH', 'LOW_EFFICIENCY', 'HIGH_WICKINESS']
2026-06-18 11:51:03,178 - INFO - 🟢 ENTRY [CF]: Logged trade for NSE:NIFTY50-INDEX at 24055.70 (SL: 24063.88, TP: 23080.97)
2026-06-18 11:56:03,980 - INFO - --- 11:56:03 Market Pulse ---
2026-06-18 11:56:04,846 - INFO - 🔴 EXIT (INITIAL_SL) [CF]: Closed trade for NSE:NIFTY50-INDEX at 24063.88 with PnL -1.05R
2026-06-18 11:56:04,899 - INFO - 👻 COUNTERFACTUAL SETUP DETECTED: NSE:NIFTY50-INDEX BUY PUT | Setup: BREAKOUT | Rejection: ['LOW_RVOL', 'BIAS_MISMATCH', 'LOW_EFFICIENCY', 'HIGH_WICKINESS']
2026-06-18 11:56:04,927 - INFO - 🟢 ENTRY [CF]: Logged trade for NSE:NIFTY50-INDEX at 24068.60 (SL: 24076.57, TP: 23080.97)
2026-06-18 12:01:05,687 - INFO - --- 12:01:05 Market Pulse ---
2026-06-18 12:01:06,681 - INFO - 🔴 EXIT (INITIAL_SL) [CF]: Closed trade for NSE:NIFTY50-INDEX at 24076.57 with PnL -1.05R
2026-06-18 12:01:06,732 - INFO - 👻 COUNTERFACTUAL SETUP DETECTED: NSE:NIFTY50-INDEX BUY PUT | Setup: BREAKOUT | Rejection: ['LOW_RVOL', 'BIAS_MISMATCH', 'HIGH_WICKINESS']
2026-06-18 12:01:06,757 - INFO - 🟢 ENTRY [CF]: Logged trade for NSE:NIFTY50-INDEX at 24081.15 (SL: 24089.07, TP: 23080.97)
2026-06-18 12:01:06,757 - INFO - 👻 COUNTERFACTUAL SETUP DETECTED: NSE:NIFTYBANK-INDEX BUY CALL | Setup: BREAKOUT | Rejection: ['LOW_RVOL', 'NO_TARGET_ZONE', 'LOW_RR']
2026-06-18 12:01:06,779 - INFO - 🟢 ENTRY [CF]: Logged trade for NSE:NIFTYBANK-INDEX at 57848.80 (SL: 57823.42, TP: 57848.80)
2026-06-18 12:06:07,521 - INFO - --- 12:06:07 Market Pulse ---
2026-06-18 12:06:08,720 - INFO - 🟡 UPDATE (TP_EXPANSION) [CF]: NSE:NIFTYBANK-INDEX price 57857.30 | New SL: 57831.92, TP: 57874.18
2026-06-18 12:06:08,763 - INFO - 👻 COUNTERFACTUAL SETUP DETECTED: NSE:NIFTY50-INDEX BUY PUT | Setup: BREAKOUT | Rejection: ['LOW_RVOL', 'BIAS_MISMATCH', 'HIGH_WICKINESS']
2026-06-18 12:06:08,787 - INFO - 🟢 ENTRY [CF]: Logged trade for NSE:NIFTY50-INDEX at 24088.85 (SL: 24096.76, TP: 23080.97)
2026-06-18 12:11:09,556 - INFO - --- 12:11:09 Market Pulse ---
2026-06-18 12:11:10,422 - INFO - 🟡 UPDATE (TRAILING_SL) [CF]: NSE:NIFTY50-INDEX price 24084.75 | New SL: 24092.66, TP: 23080.97
2026-06-18 12:11:10,477 - INFO - 👻 COUNTERFACTUAL SETUP DETECTED: NSE:NIFTY50-INDEX BUY PUT | Setup: BREAKOUT | Rejection: ['LOW_RVOL', 'BIAS_MISMATCH', 'LOW_EFFICIENCY']
2026-06-18 12:11:10,505 - INFO - 🟢 ENTRY [CF]: Logged trade for NSE:NIFTY50-INDEX at 24084.75 (SL: 24092.98, TP: 23080.97)
2026-06-18 12:16:11,275 - INFO - --- 12:16:11 Market Pulse ---
2026-06-18 12:16:12,313 - INFO - 🟡 UPDATE (TRAILING_SL) [CF]: NSE:NIFTY50-INDEX price 24080.30 | New SL: 24088.53, TP: 23080.97
2026-06-18 12:16:12,343 - INFO - 🔴 EXIT (TRAILING_SL) [CF]: Closed trade for NSE:NIFTYBANK-INDEX at 57831.92 with PnL -0.72R
2026-06-18 12:16:12,374 - INFO - 👻 COUNTERFACTUAL SETUP DETECTED: NSE:NIFTY50-INDEX BUY PUT | Setup: BREAKOUT | Rejection: ['LOW_RVOL', 'BIAS_MISMATCH', 'LOW_EFFICIENCY']
2026-06-18 12:16:12,395 - INFO - 🟢 ENTRY [CF]: Logged trade for NSE:NIFTY50-INDEX at 24080.30 (SL: 24088.55, TP: 23080.97)
2026-06-18 12:21:13,190 - INFO - --- 12:21:13 Market Pulse ---
2026-06-18 12:21:14,297 - INFO - 🔴 EXIT (INITIAL_SL) [CF]: Closed trade for NSE:NIFTY50-INDEX at 24088.55 with PnL -1.05R
2026-06-18 12:21:14,336 - INFO - 👻 COUNTERFACTUAL SETUP DETECTED: NSE:NIFTYBANK-INDEX BUY CALL | Setup: BREAKOUT | Rejection: ['LOW_RVOL', 'LOW_EFFICIENCY', 'NO_TARGET_ZONE', 'LOW_RR']
2026-06-18 12:21:14,360 - INFO - 🟢 ENTRY [CF]: Logged trade for NSE:NIFTYBANK-INDEX at 57843.65 (SL: 57817.59, TP: 57843.65)
2026-06-18 12:26:15,127 - INFO - --- 12:26:15 Market Pulse ---
2026-06-18 12:26:15,977 - INFO - 👻 COUNTERFACTUAL SETUP DETECTED: NSE:NIFTY50-INDEX BUY PUT | Setup: BREAKOUT | Rejection: ['LOW_RVOL', 'BIAS_MISMATCH', 'HIGH_WICKINESS']
2026-06-18 12:26:16,007 - INFO - 🟢 ENTRY [CF]: Logged trade for NSE:NIFTY50-INDEX at 24097.55 (SL: 24105.48, TP: 23080.97)
2026-06-18 12:26:16,007 - INFO - 👻 COUNTERFACTUAL SETUP DETECTED: NSE:NIFTYBANK-INDEX BUY CALL | Setup: BREAKOUT | Rejection: ['LOW_RVOL', 'LOW_EFFICIENCY', 'HIGH_WICKINESS', 'NO_TARGET_ZONE', 'LOW_RR']
2026-06-18 12:26:16,030 - INFO - 🟢 ENTRY [CF]: Logged trade for NSE:NIFTYBANK-INDEX at 57839.15 (SL: 57813.71, TP: 57839.15)
2026-06-18 12:31:16,832 - INFO - --- 12:31:16 Market Pulse ---
2026-06-18 12:31:17,757 - INFO - 🟡 UPDATE (TP_EXPANSION) [CF]: NSE:NIFTYBANK-INDEX price 57888.25 | New SL: 57862.81, TP: 57864.59
2026-06-18 12:31:17,797 - INFO - 🔴 EXIT (INITIAL_SL) [CF]: Closed trade for NSE:NIFTY50-INDEX at 24105.48 with PnL -1.05R
2026-06-18 12:31:17,844 - INFO - 👻 COUNTERFACTUAL SETUP DETECTED: NSE:NIFTY50-INDEX BUY PUT | Setup: BREAKOUT | Rejection: ['LOW_RVOL', 'BIAS_MISMATCH', 'HIGH_WICKINESS']
2026-06-18 12:31:17,870 - INFO - 🟢 ENTRY [CF]: Logged trade for NSE:NIFTY50-INDEX at 24114.00 (SL: 24122.44, TP: 23080.97)
2026-06-18 12:31:17,870 - INFO - 👻 COUNTERFACTUAL SETUP DETECTED: NSE:NIFTYBANK-INDEX BUY CALL | Setup: BREAKOUT | Rejection: ['LOW_RVOL', 'LOW_EFFICIENCY', 'HIGH_WICKINESS', 'NO_TARGET_ZONE', 'LOW_RR']
2026-06-18 12:31:17,892 - INFO - 🟢 ENTRY [CF]: Logged trade for NSE:NIFTYBANK-INDEX at 57888.25 (SL: 57862.73, TP: 57888.25)
2026-06-18 12:36:18,674 - INFO - --- 12:36:18 Market Pulse ---
2026-06-18 12:36:20,064 - INFO - 👻 COUNTERFACTUAL SETUP DETECTED: NSE:NIFTY50-INDEX BUY PUT | Setup: BREAKOUT | Rejection: ['LOW_RVOL', 'BIAS_MISMATCH', 'HIGH_WICKINESS']
2026-06-18 12:36:20,094 - INFO - 🟢 ENTRY [CF]: Logged trade for NSE:NIFTY50-INDEX at 24116.85 (SL: 24125.67, TP: 23080.97)
2026-06-18 12:36:20,094 - INFO - 👻 COUNTERFACTUAL SETUP DETECTED: NSE:NIFTYBANK-INDEX BUY CALL | Setup: BREAKOUT | Rejection: ['LOW_RVOL', 'LOW_EFFICIENCY', 'HIGH_WICKINESS', 'NO_TARGET_ZONE', 'LOW_RR']
2026-06-18 12:36:20,118 - INFO - 🟢 ENTRY [CF]: Logged trade for NSE:NIFTYBANK-INDEX at 57885.15 (SL: 57858.80, TP: 57885.15)
2026-06-18 12:41:20,975 - INFO - --- 12:41:20 Market Pulse ---
2026-06-18 12:41:21,860 - INFO - 🟡 UPDATE (TP_EXPANSION) [CF]: NSE:NIFTYBANK-INDEX price 57915.25 | New SL: 57888.90, TP: 57911.50
2026-06-18 12:41:21,914 - INFO - 👻 COUNTERFACTUAL SETUP DETECTED: NSE:NIFTY50-INDEX BUY PUT | Setup: BREAKOUT | Rejection: ['LOW_RVOL', 'BIAS_MISMATCH', 'HIGH_WICKINESS']
2026-06-18 12:41:21,941 - INFO - 🟢 ENTRY [CF]: Logged trade for NSE:NIFTY50-INDEX at 24122.35 (SL: 24130.97, TP: 23080.97)
2026-06-18 12:41:21,941 - INFO - 👻 COUNTERFACTUAL SETUP DETECTED: NSE:NIFTYBANK-INDEX BUY CALL | Setup: BREAKOUT | Rejection: ['LOW_RVOL', 'LOW_EFFICIENCY', 'HIGH_WICKINESS', 'NO_TARGET_ZONE', 'LOW_RR']
2026-06-18 12:41:21,965 - INFO - 🟢 ENTRY [CF]: Logged trade for NSE:NIFTYBANK-INDEX at 57915.25 (SL: 57890.34, TP: 57915.25)
2026-06-18 12:46:22,736 - INFO - --- 12:46:22 Market Pulse ---
2026-06-18 12:46:23,775 - INFO - 🟡 UPDATE (TRAILING_SL) [CF]: NSE:NIFTY50-INDEX price 24115.15 | New SL: 24123.77, TP: 23080.97
2026-06-18 12:46:23,813 - INFO - 👻 COUNTERFACTUAL SETUP DETECTED: NSE:NIFTY50-INDEX BUY PUT | Setup: BREAKOUT | Rejection: ['LOW_RVOL', 'BIAS_MISMATCH', 'LOW_EFFICIENCY']
2026-06-18 12:46:23,837 - INFO - 🟢 ENTRY [CF]: Logged trade for NSE:NIFTY50-INDEX at 24115.15 (SL: 24123.56, TP: 23080.97)
2026-06-18 12:46:23,837 - INFO - 👻 COUNTERFACTUAL SETUP DETECTED: NSE:NIFTYBANK-INDEX BUY CALL | Setup: BREAKOUT | Rejection: ['LOW_RVOL', 'LOW_EFFICIENCY', 'HIGH_WICKINESS', 'NO_TARGET_ZONE', 'LOW_RR']
2026-06-18 12:46:23,858 - INFO - 🟢 ENTRY [CF]: Logged trade for NSE:NIFTYBANK-INDEX at 57900.95 (SL: 57876.09, TP: 57900.95)
2026-06-18 12:51:24,673 - INFO - --- 12:51:24 Market Pulse ---
2026-06-18 12:51:25,702 - INFO - 🟡 UPDATE (TP_EXPANSION) [CF]: NSE:NIFTYBANK-INDEX price 57920.50 | New SL: 57895.64, TP: 57925.81
2026-06-18 12:51:25,742 - INFO - 👻 COUNTERFACTUAL SETUP DETECTED: NSE:NIFTYBANK-INDEX BUY CALL | Setup: BREAKOUT | Rejection: ['LOW_RVOL', 'LOW_EFFICIENCY', 'HIGH_WICKINESS', 'NO_TARGET_ZONE', 'LOW_RR']
2026-06-18 12:51:25,766 - INFO - 🟢 ENTRY [CF]: Logged trade for NSE:NIFTYBANK-INDEX at 57920.50 (SL: 57892.02, TP: 57920.50)
2026-06-18 12:56:26,600 - INFO - --- 12:56:26 Market Pulse ---
2026-06-18 12:56:27,610 - INFO - 🔴 EXIT (INITIAL_SL) [CF]: Closed trade for NSE:NIFTY50-INDEX at 24123.56 with PnL -1.05R
2026-06-18 12:56:27,661 - INFO - 👻 COUNTERFACTUAL SETUP DETECTED: NSE:NIFTYBANK-INDEX BUY CALL | Setup: BREAKOUT | Rejection: ['LOW_RVOL', 'LOW_EFFICIENCY', 'HIGH_WICKINESS', 'NO_TARGET_ZONE', 'LOW_RR']
2026-06-18 12:56:27,687 - INFO - 🟢 ENTRY [CF]: Logged trade for NSE:NIFTYBANK-INDEX at 57896.60 (SL: 57872.53, TP: 57896.60)
2026-06-18 13:01:28,505 - INFO - --- 13:01:28 Market Pulse ---
2026-06-18 13:01:29,479 - INFO - 👻 COUNTERFACTUAL SETUP DETECTED: NSE:NIFTYBANK-INDEX BUY CALL | Setup: BREAKOUT | Rejection: ['LOW_RVOL', 'LOW_EFFICIENCY', 'HIGH_WICKINESS', 'NO_TARGET_ZONE', 'LOW_RR']
2026-06-18 13:01:29,512 - INFO - 🟢 ENTRY [CF]: Logged trade for NSE:NIFTYBANK-INDEX at 57894.05 (SL: 57870.76, TP: 57894.05)
2026-06-18 13:06:30,343 - INFO - --- 13:06:30 Market Pulse ---
2026-06-18 13:06:31,325 - INFO - 🟡 UPDATE (TP_EXPANSION) [CF]: NSE:NIFTYBANK-INDEX price 57906.45 | New SL: 57883.16, TP: 57917.34
2026-06-18 13:06:31,378 - INFO - 👻 COUNTERFACTUAL SETUP DETECTED: NSE:NIFTYBANK-INDEX BUY CALL | Setup: BREAKOUT | Rejection: ['LOW_RVOL', 'LOW_EFFICIENCY', 'HIGH_WICKINESS', 'NO_TARGET_ZONE', 'LOW_RR']
2026-06-18 13:06:31,404 - INFO - 🟢 ENTRY [CF]: Logged trade for NSE:NIFTYBANK-INDEX at 57906.45 (SL: 57883.56, TP: 57906.45)
2026-06-18 13:11:32,178 - INFO - --- 13:11:32 Market Pulse ---
2026-06-18 13:11:33,444 - INFO - 🟡 UPDATE (TRAILING_SL) [CF]: NSE:NIFTYBANK-INDEX price 57910.40 | New SL: 57887.11, TP: 57917.34
2026-06-18 13:11:33,482 - INFO - 🟡 UPDATE (TP_EXPANSION) [CF]: NSE:NIFTYBANK-INDEX price 57910.40 | New SL: 57887.51, TP: 57929.34
2026-06-18 13:11:33,531 - INFO - 👻 COUNTERFACTUAL SETUP DETECTED: NSE:NIFTYBANK-INDEX BUY CALL | Setup: BREAKOUT | Rejection: ['LOW_RVOL', 'LOW_EFFICIENCY', 'HIGH_WICKINESS', 'NO_TARGET_ZONE', 'LOW_RR']
2026-06-18 13:11:33,557 - INFO - 🟢 ENTRY [CF]: Logged trade for NSE:NIFTYBANK-INDEX at 57910.40 (SL: 57888.64, TP: 57910.40)
2026-06-18 13:16:34,370 - INFO - --- 13:16:34 Market Pulse ---
2026-06-18 13:16:35,547 - INFO - 🟡 UPDATE (TRAILING_SL) [CF]: NSE:NIFTYBANK-INDEX price 57917.15 | New SL: 57893.86, TP: 57917.34
2026-06-18 13:16:35,576 - INFO - 🟡 UPDATE (TP_EXPANSION) [CF]: NSE:NIFTYBANK-INDEX price 57917.15 | New SL: 57895.39, TP: 57932.16
2026-06-18 13:16:35,611 - INFO - 👻 COUNTERFACTUAL SETUP DETECTED: NSE:NIFTYBANK-INDEX BUY CALL | Setup: BREAKOUT | Rejection: ['LOW_RVOL', 'LOW_EFFICIENCY', 'HIGH_WICKINESS', 'NO_TARGET_ZONE', 'LOW_RR']
2026-06-18 13:16:35,632 - INFO - 🟢 ENTRY [CF]: Logged trade for NSE:NIFTYBANK-INDEX at 57917.15 (SL: 57895.19, TP: 57917.15)
2026-06-18 13:21:36,419 - INFO - --- 13:21:36 Market Pulse ---
2026-06-18 13:21:37,507 - INFO - 🔴 EXIT (TRAILING_SL) [CF]: Closed trade for NSE:NIFTYBANK-INDEX at 57893.86 with PnL -0.06R
2026-06-18 13:21:37,534 - INFO - 🔴 EXIT (INITIAL_SL) [CF]: Closed trade for NSE:NIFTYBANK-INDEX at 57895.19 with PnL -1.05R
2026-06-18 13:21:37,571 - INFO - 👻 COUNTERFACTUAL SETUP DETECTED: NSE:NIFTYBANK-INDEX BUY CALL | Setup: BREAKOUT | Rejection: ['LOW_RVOL', 'LOW_EFFICIENCY', 'HIGH_WICKINESS', 'NO_TARGET_ZONE', 'LOW_RR']
2026-06-18 13:21:37,593 - INFO - 🟢 ENTRY [CF]: Logged trade for NSE:NIFTYBANK-INDEX at 57891.60 (SL: 57869.98, TP: 57891.60)
2026-06-18 13:26:38,296 - INFO - --- 13:26:38 Market Pulse ---
2026-06-18 13:26:39,123 - INFO - 🔴 EXIT (INITIAL_SL) [CF]: Closed trade for NSE:NIFTYBANK-INDEX at 57869.98 with PnL -1.05R
2026-06-18 13:26:39,178 - INFO - 👻 COUNTERFACTUAL SETUP DETECTED: NSE:NIFTYBANK-INDEX BUY CALL | Setup: BREAKOUT | Rejection: ['LOW_RVOL', 'LOW_EFFICIENCY', 'NO_TARGET_ZONE', 'LOW_RR']
2026-06-18 13:26:39,207 - INFO - 🟢 ENTRY [CF]: Logged trade for NSE:NIFTYBANK-INDEX at 57854.50 (SL: 57832.59, TP: 57854.50)
2026-06-18 13:31:39,996 - INFO - --- 13:31:39 Market Pulse ---
2026-06-18 13:31:41,199 - INFO - 🟡 UPDATE (TP_EXPANSION) [CF]: NSE:NIFTYBANK-INDEX price 57923.65 | New SL: 57901.74, TP: 57876.41
2026-06-18 13:31:41,240 - INFO - 👻 COUNTERFACTUAL SETUP DETECTED: NSE:NIFTYBANK-INDEX BUY CALL | Setup: BREAKOUT | Rejection: ['LOW_RVOL', 'LOW_EFFICIENCY', 'NO_TARGET_ZONE', 'LOW_RR']
2026-06-18 13:31:41,265 - INFO - 🟢 ENTRY [CF]: Logged trade for NSE:NIFTYBANK-INDEX at 57923.65 (SL: 57900.58, TP: 57923.65)
2026-06-18 13:36:42,085 - INFO - --- 13:36:42 Market Pulse ---
2026-06-18 13:36:42,984 - INFO - 🟡 UPDATE (TP_EXPANSION) [CF]: NSE:NIFTYBANK-INDEX price 57930.75 | New SL: 57908.84, TP: 57898.33
2026-06-18 13:36:43,021 - INFO - 🟡 UPDATE (TP_EXPANSION) [CF]: NSE:NIFTYBANK-INDEX price 57930.75 | New SL: 57907.68, TP: 57946.72
2026-06-18 13:36:43,090 - INFO - 👻 COUNTERFACTUAL SETUP DETECTED: NSE:NIFTYBANK-INDEX BUY CALL | Setup: BREAKOUT | Rejection: ['LOW_RVOL', 'LOW_EFFICIENCY', 'HIGH_WICKINESS', 'NO_TARGET_ZONE', 'LOW_RR']
2026-06-18 13:36:43,117 - INFO - 🟢 ENTRY [CF]: Logged trade for NSE:NIFTYBANK-INDEX at 57930.75 (SL: 57908.09, TP: 57930.75)
2026-06-18 13:41:43,934 - INFO - --- 13:41:43 Market Pulse ---
2026-06-18 13:41:45,134 - INFO - 🟡 UPDATE (TP_EXPANSION) [CF]: NSE:NIFTYBANK-INDEX price 57916.30 | New SL: 57908.84, TP: 57920.24
2026-06-18 13:41:45,175 - INFO - 👻 COUNTERFACTUAL SETUP DETECTED: NSE:NIFTYBANK-INDEX BUY CALL | Setup: BREAKOUT | Rejection: ['LOW_RVOL', 'LOW_EFFICIENCY', 'HIGH_WICKINESS', 'NO_TARGET_ZONE', 'LOW_RR']
2026-06-18 13:41:45,198 - INFO - 🟢 ENTRY [CF]: Logged trade for NSE:NIFTYBANK-INDEX at 57916.30 (SL: 57894.19, TP: 57916.30)
2026-06-18 13:46:45,950 - INFO - --- 13:46:45 Market Pulse ---
2026-06-18 13:46:47,440 - INFO - 🟡 UPDATE (TP_EXPANSION) [CF]: NSE:NIFTYBANK-INDEX price 57924.70 | New SL: 57908.84, TP: 57942.16
2026-06-18 13:46:47,477 - INFO - 🟡 UPDATE (TP_EXPANSION) [CF]: NSE:NIFTYBANK-INDEX price 57924.70 | New SL: 57902.59, TP: 57938.41
2026-06-18 13:46:47,526 - INFO - 👻 COUNTERFACTUAL SETUP DETECTED: NSE:NIFTYBANK-INDEX BUY CALL | Setup: BREAKOUT | Rejection: ['LOW_RVOL', 'LOW_EFFICIENCY', 'HIGH_WICKINESS', 'NO_TARGET_ZONE', 'LOW_RR']
2026-06-18 13:46:47,552 - INFO - 🟢 ENTRY [CF]: Logged trade for NSE:NIFTYBANK-INDEX at 57924.70 (SL: 57902.81, TP: 57924.70)
2026-06-18 13:51:48,316 - INFO - --- 13:51:48 Market Pulse ---
2026-06-18 13:51:49,361 - INFO - 👻 COUNTERFACTUAL SETUP DETECTED: NSE:NIFTYBANK-INDEX BUY CALL | Setup: BREAKOUT | Rejection: ['LOW_RVOL', 'LOW_EFFICIENCY', 'HIGH_WICKINESS', 'NO_TARGET_ZONE', 'LOW_RR']
2026-06-18 13:51:49,387 - INFO - 🟢 ENTRY [CF]: Logged trade for NSE:NIFTYBANK-INDEX at 57909.20 (SL: 57887.34, TP: 57909.20)
2026-06-18 13:56:50,143 - INFO - --- 13:56:50 Market Pulse ---
2026-06-18 13:56:51,151 - INFO - 🟡 UPDATE (TP_EXPANSION) [CF]: NSE:NIFTYBANK-INDEX price 57918.20 | New SL: 57896.34, TP: 57931.06
2026-06-18 13:56:51,200 - INFO - 👻 COUNTERFACTUAL SETUP DETECTED: NSE:NIFTYBANK-INDEX BUY CALL | Setup: BREAKOUT | Rejection: ['LOW_RVOL', 'LOW_EFFICIENCY', 'HIGH_WICKINESS', 'NO_TARGET_ZONE', 'LOW_RR']
2026-06-18 13:56:51,225 - INFO - 🟢 ENTRY [CF]: Logged trade for NSE:NIFTYBANK-INDEX at 57918.20 (SL: 57896.62, TP: 57918.20)
2026-06-18 14:01:52,114 - INFO - --- 14:01:52 Market Pulse ---
2026-06-18 14:01:54,245 - INFO - 🔴 EXIT (TRAILING_SL) [CF]: Closed trade for NSE:NIFTYBANK-INDEX at 57908.84 with PnL 2.43R
2026-06-18 14:01:54,281 - INFO - 🔴 EXIT (INITIAL_SL) [CF]: Closed trade for NSE:NIFTYBANK-INDEX at 57896.62 with PnL -1.05R
2026-06-18 14:01:54,329 - INFO - 👻 COUNTERFACTUAL SETUP DETECTED: NSE:NIFTYBANK-INDEX BUY CALL | Setup: BREAKOUT | Rejection: ['LOW_RVOL', 'LOW_EFFICIENCY', 'HIGH_WICKINESS', 'NO_TARGET_ZONE', 'LOW_RR']
2026-06-18 14:01:54,354 - INFO - 🟢 ENTRY [CF]: Logged trade for NSE:NIFTYBANK-INDEX at 57886.35 (SL: 57864.89, TP: 57886.35)
2026-06-18 14:06:55,084 - INFO - --- 14:06:55 Market Pulse ---
2026-06-18 14:06:55,972 - INFO - 🟡 UPDATE (TP_EXPANSION) [CF]: NSE:NIFTYBANK-INDEX price 57912.60 | New SL: 57891.14, TP: 57907.81
2026-06-18 14:06:56,028 - INFO - 👻 COUNTERFACTUAL SETUP DETECTED: NSE:NIFTYBANK-INDEX BUY CALL | Setup: BREAKOUT | Rejection: ['LOW_RVOL', 'LOW_EFFICIENCY', 'HIGH_WICKINESS', 'NO_TARGET_ZONE', 'LOW_RR']
2026-06-18 14:06:56,054 - INFO - 🟢 ENTRY [CF]: Logged trade for NSE:NIFTYBANK-INDEX at 57912.60 (SL: 57890.95, TP: 57912.60)
2026-06-18 14:11:56,838 - INFO - --- 14:11:56 Market Pulse ---
2026-06-18 14:11:57,842 - INFO - 🔴 EXIT (INITIAL_SL) [CF]: Closed trade for NSE:NIFTYBANK-INDEX at 57890.95 with PnL -1.05R
2026-06-18 14:11:57,893 - INFO - 👻 COUNTERFACTUAL SETUP DETECTED: NSE:NIFTYBANK-INDEX BUY CALL | Setup: BREAKOUT | Rejection: ['LOW_RVOL', 'LOW_EFFICIENCY', 'HIGH_WICKINESS', 'NO_TARGET_ZONE', 'LOW_RR']
2026-06-18 14:11:57,919 - INFO - 🟢 ENTRY [CF]: Logged trade for NSE:NIFTYBANK-INDEX at 57889.60 (SL: 57867.58, TP: 57889.60)
2026-06-18 14:16:58,703 - INFO - --- 14:16:58 Market Pulse ---
2026-06-18 14:16:59,824 - INFO - 👻 COUNTERFACTUAL SETUP DETECTED: NSE:NIFTYBANK-INDEX BUY CALL | Setup: BREAKOUT | Rejection: ['LOW_RVOL', 'HIGH_WICKINESS', 'NO_TARGET_ZONE', 'LOW_RR']
2026-06-18 14:16:59,852 - INFO - 🟢 ENTRY [CF]: Logged trade for NSE:NIFTYBANK-INDEX at 57881.00 (SL: 57859.09, TP: 57881.00)
2026-06-18 14:22:00,637 - INFO - --- 14:22:00 Market Pulse ---
2026-06-18 14:22:01,914 - INFO - 🔴 EXIT (INITIAL_SL) [CF]: Closed trade for NSE:NIFTYBANK-INDEX at 57859.09 with PnL -1.05R
2026-06-18 14:22:01,968 - INFO - 👻 COUNTERFACTUAL SETUP DETECTED: NSE:NIFTYBANK-INDEX BUY CALL | Setup: BREAKOUT | Rejection: ['LOW_RVOL', 'HIGH_WICKINESS', 'NO_TARGET_ZONE', 'LOW_RR']
2026-06-18 14:22:01,997 - INFO - 🟢 ENTRY [CF]: Logged trade for NSE:NIFTYBANK-INDEX at 57845.15 (SL: 57822.90, TP: 57845.15)
2026-06-18 14:27:02,811 - INFO - --- 14:27:02 Market Pulse ---
2026-06-18 14:27:03,813 - INFO - 🟡 UPDATE (TP_EXPANSION) [CF]: NSE:NIFTYBANK-INDEX price 57853.90 | New SL: 57831.65, TP: 57867.40
2026-06-18 14:27:03,858 - INFO - 👻 COUNTERFACTUAL SETUP DETECTED: NSE:NIFTYBANK-INDEX BUY CALL | Setup: BREAKOUT | Rejection: ['LOW_RVOL', 'LOW_EFFICIENCY', 'NO_TARGET_ZONE', 'LOW_RR']
2026-06-18 14:27:03,879 - INFO - 🟢 ENTRY [CF]: Logged trade for NSE:NIFTYBANK-INDEX at 57853.90 (SL: 57830.97, TP: 57853.90)
2026-06-18 14:32:04,663 - INFO - --- 14:32:04 Market Pulse ---
2026-06-18 14:32:05,553 - INFO - 👻 COUNTERFACTUAL SETUP DETECTED: NSE:NIFTYBANK-INDEX BUY CALL | Setup: BREAKOUT | Rejection: ['LOW_RVOL', 'LOW_EFFICIENCY', 'HIGH_WICKINESS', 'NO_TARGET_ZONE', 'LOW_RR']
2026-06-18 14:32:05,581 - INFO - 🟢 ENTRY [CF]: Logged trade for NSE:NIFTYBANK-INDEX at 57835.15 (SL: 57811.29, TP: 57835.15)
2026-06-18 14:37:06,385 - INFO - --- 14:37:06 Market Pulse ---
2026-06-18 14:37:07,171 - INFO - 🟡 UPDATE (TP_EXPANSION) [CF]: NSE:NIFTYBANK-INDEX price 57869.40 | New SL: 57845.54, TP: 57859.01
2026-06-18 14:37:07,224 - INFO - 👻 COUNTERFACTUAL SETUP DETECTED: NSE:NIFTYBANK-INDEX BUY CALL | Setup: BREAKOUT | Rejection: ['LOW_RVOL', 'LOW_EFFICIENCY', 'NO_TARGET_ZONE', 'LOW_RR']
2026-06-18 14:37:07,251 - INFO - 🟢 ENTRY [CF]: Logged trade for NSE:NIFTYBANK-INDEX at 57869.40 (SL: 57846.62, TP: 57869.40)
2026-06-18 14:42:07,935 - INFO - --- 14:42:07 Market Pulse ---
2026-06-18 14:42:08,915 - INFO - 🔴 EXIT (INITIAL_SL) [CF]: Closed trade for NSE:NIFTYBANK-INDEX at 57846.62 with PnL -1.05R
2026-06-18 14:42:08,966 - INFO - 👻 COUNTERFACTUAL SETUP DETECTED: NSE:NIFTYBANK-INDEX BUY CALL | Setup: BREAKOUT | Rejection: ['LOW_EFFICIENCY', 'HIGH_WICKINESS', 'NO_TARGET_ZONE', 'LOW_RR']
2026-06-18 14:42:08,992 - INFO - 🟢 ENTRY [CF]: Logged trade for NSE:NIFTYBANK-INDEX at 57832.20 (SL: 57810.91, TP: 57832.20)
2026-06-18 14:47:09,668 - INFO - --- 14:47:09 Market Pulse ---
2026-06-18 14:47:10,537 - INFO - 🧘 Status: Sidelined (No Institutional Alignment)
2026-06-18 14:52:11,366 - INFO - --- 14:52:11 Market Pulse ---
2026-06-18 14:52:12,362 - INFO - 🟡 UPDATE (TP_EXPANSION) [CF]: NSE:NIFTYBANK-INDEX price 57846.90 | New SL: 57825.61, TP: 57853.49
2026-06-18 14:52:12,412 - INFO - 👻 COUNTERFACTUAL SETUP DETECTED: NSE:NIFTY50-INDEX BUY PUT | Setup: BREAKOUT | Rejection: ['LOW_RVOL', 'BIAS_MISMATCH', 'LOW_EFFICIENCY', 'HIGH_WICKINESS']
2026-06-18 14:52:12,437 - INFO - 🟢 ENTRY [CF]: Logged trade for NSE:NIFTY50-INDEX at 24099.55 (SL: 24108.19, TP: 23080.97)
2026-06-18 14:57:13,139 - INFO - --- 14:57:13 Market Pulse ---
2026-06-18 14:57:14,176 - INFO - 🟡 UPDATE (TP_EXPANSION) [CF]: NSE:NIFTYBANK-INDEX price 57860.80 | New SL: 57839.51, TP: 57874.79
2026-06-18 14:57:14,206 - INFO - 🟡 UPDATE (TRAILING_SL) [CF]: NSE:NIFTY50-INDEX price 24099.20 | New SL: 24107.84, TP: 23080.97
2026-06-18 14:57:14,239 - INFO - 👻 COUNTERFACTUAL SETUP DETECTED: NSE:NIFTY50-INDEX BUY PUT | Setup: BREAKOUT | Rejection: ['LOW_RVOL', 'BIAS_MISMATCH', 'LOW_EFFICIENCY', 'HIGH_WICKINESS']
2026-06-18 14:57:14,260 - INFO - 🟢 ENTRY [CF]: Logged trade for NSE:NIFTY50-INDEX at 24099.20 (SL: 24107.53, TP: 23080.97)
2026-06-18 15:02:15,034 - INFO - --- 15:02:15 Market Pulse ---
2026-06-18 15:02:15,849 - INFO - 🟡 UPDATE (TP_EXPANSION) [CF]: NSE:NIFTYBANK-INDEX price 57917.00 | New SL: 57895.71, TP: 57896.08
2026-06-18 15:02:15,885 - INFO - 🔴 EXIT (INITIAL_SL) [CF]: Closed trade for NSE:NIFTY50-INDEX at 24107.53 with PnL -1.05R
2026-06-18 15:02:15,932 - INFO - 👻 COUNTERFACTUAL SETUP DETECTED: NSE:NIFTY50-INDEX BUY PUT | Setup: BREAKOUT | Rejection: ['LOW_RVOL', 'BIAS_MISMATCH', 'LOW_EFFICIENCY']
2026-06-18 15:02:15,959 - INFO - 🟢 ENTRY [CF]: Logged trade for NSE:NIFTY50-INDEX at 24132.80 (SL: 24142.67, TP: 23080.97)
2026-06-18 15:07:16,764 - INFO - --- 15:07:16 Market Pulse ---
2026-06-18 15:07:17,733 - INFO - 🟡 UPDATE (TP_EXPANSION) [CF]: NSE:NIFTYBANK-INDEX price 57962.05 | New SL: 57940.76, TP: 57917.38
2026-06-18 15:07:17,769 - INFO - 🔴 EXIT (INITIAL_SL) [CF]: Closed trade for NSE:NIFTY50-INDEX at 24142.67 with PnL -1.05R
2026-06-18 15:07:17,815 - INFO - 👻 COUNTERFACTUAL SETUP DETECTED: NSE:NIFTYBANK-INDEX BUY CALL | Setup: BREAKOUT | Rejection: ['LOW_RVOL', 'LOW_EFFICIENCY', 'HIGH_WICKINESS', 'NO_TARGET_ZONE', 'LOW_RR']
2026-06-18 15:07:17,840 - INFO - 🟢 ENTRY [CF]: Logged trade for NSE:NIFTYBANK-INDEX at 57962.05 (SL: 57936.49, TP: 57962.05)
2026-06-18 15:12:18,602 - INFO - --- 15:12:18 Market Pulse ---
2026-06-18 15:12:19,429 - INFO - 🟡 UPDATE (TP_EXPANSION) [CF]: NSE:NIFTYBANK-INDEX price 57974.75 | New SL: 57949.19, TP: 57987.61
2026-06-18 15:12:19,482 - INFO - 👻 COUNTERFACTUAL SETUP DETECTED: NSE:NIFTYBANK-INDEX BUY CALL | Setup: BREAKOUT | Rejection: ['LOW_RVOL', 'NO_TARGET_ZONE', 'LOW_RR']
2026-06-18 15:12:19,508 - INFO - 🟢 ENTRY [CF]: Logged trade for NSE:NIFTYBANK-INDEX at 57974.75 (SL: 57938.86, TP: 57974.75)
2026-06-18 15:17:20,337 - INFO - --- 15:17:20 Market Pulse ---
2026-06-18 15:17:21,172 - INFO - 🟡 UPDATE (TP_EXPANSION) [CF]: NSE:NIFTYBANK-INDEX price 57996.35 | New SL: 57960.46, TP: 58010.64
2026-06-18 15:17:21,225 - INFO - 👻 COUNTERFACTUAL SETUP DETECTED: NSE:NIFTYBANK-INDEX BUY CALL | Setup: BREAKOUT | Rejection: ['LOW_RVOL', 'HIGH_WICKINESS', 'NO_TARGET_ZONE', 'LOW_RR']
2026-06-18 15:17:21,250 - INFO - 🟢 ENTRY [CF]: Logged trade for NSE:NIFTYBANK-INDEX at 57996.35 (SL: 57938.57, TP: 57996.35)
2026-06-18 15:22:22,023 - INFO - --- 15:22:22 Market Pulse ---
2026-06-18 15:22:22,869 - INFO - 👻 COUNTERFACTUAL SETUP DETECTED: NSE:NIFTYBANK-INDEX BUY CALL | Setup: BREAKOUT | Rejection: ['LOW_RVOL', 'HIGH_WICKINESS', 'NO_TARGET_ZONE', 'LOW_RR']
2026-06-18 15:22:22,899 - INFO - 🟢 ENTRY [CF]: Logged trade for NSE:NIFTYBANK-INDEX at 57969.15 (SL: 57938.06, TP: 57969.15)
2026-06-18 15:27:23,721 - INFO - --- 15:27:23 Market Pulse ---
2026-06-18 15:27:24,648 - INFO - 🟡 UPDATE (TP_EXPANSION) [CF]: NSE:NIFTYBANK-INDEX price 57978.15 | New SL: 57947.06, TP: 58000.24
2026-06-18 15:27:24,682 - INFO - 🔴 EXIT (SESSION_END) [CF]: Closed trade for NSE:NIFTYBANK-INDEX at 57978.15 with PnL 0.24R
2026-06-18 15:27:24,728 - INFO - 👻 COUNTERFACTUAL SETUP DETECTED: NSE:NIFTYBANK-INDEX BUY CALL | Setup: BREAKOUT | Rejection: ['LOW_RVOL', 'HIGH_WICKINESS', 'NO_TARGET_ZONE', 'LOW_RR']
2026-06-18 15:27:24,753 - INFO - 🟢 ENTRY [CF]: Logged trade for NSE:NIFTYBANK-INDEX at 57978.15 (SL: 57950.98, TP: 57978.15)
2026-06-18 15:32:25,552 - INFO - --- 15:32:25 Market Pulse ---
2026-06-18 15:32:26,530 - INFO - 🟡 UPDATE (TP_EXPANSION) [CF]: NSE:NIFTYBANK-INDEX price 57987.25 | New SL: 57960.08, TP: 58005.32
2026-06-18 15:32:26,570 - INFO - 🔴 EXIT (SESSION_END) [CF]: Closed trade for NSE:NIFTYBANK-INDEX at 57987.25 with PnL 0.28R
2026-06-18 15:32:26,611 - INFO - 👻 COUNTERFACTUAL SETUP DETECTED: NSE:NIFTYBANK-INDEX BUY CALL | Setup: BREAKOUT | Rejection: ['LOW_RVOL', 'HIGH_WICKINESS', 'NO_TARGET_ZONE', 'LOW_RR']
2026-06-18 15:32:26,635 - INFO - 🟢 ENTRY [CF]: Logged trade for NSE:NIFTYBANK-INDEX at 57987.25 (SL: 57959.60, TP: 57987.25)
2026-06-18 15:37:27,373 - INFO - --- 15:37:27 Market Pulse ---
2026-06-18 15:37:28,297 - INFO - 🟡 UPDATE (TP_EXPANSION) [CF]: NSE:NIFTYBANK-INDEX price 57987.25 | New SL: 57959.60, TP: 58014.90
2026-06-18 15:37:28,333 - INFO - 🔴 EXIT (SESSION_END) [CF]: Closed trade for NSE:NIFTYBANK-INDEX at 57987.25 with PnL -0.05R
2026-06-18 15:37:28,382 - INFO - 👻 COUNTERFACTUAL SETUP DETECTED: NSE:NIFTYBANK-INDEX BUY CALL | Setup: BREAKOUT | Rejection: ['LOW_RVOL', 'HIGH_WICKINESS', 'NO_TARGET_ZONE', 'LOW_RR']
2026-06-18 15:37:28,409 - INFO - 🟢 ENTRY [CF]: Logged trade for NSE:NIFTYBANK-INDEX at 57987.25 (SL: 57959.60, TP: 57987.25)
2026-06-18 15:42:29,192 - INFO - --- 15:42:29 Market Pulse ---
2026-06-18 15:42:30,243 - INFO - 🟡 UPDATE (TP_EXPANSION) [CF]: NSE:NIFTYBANK-INDEX price 57987.25 | New SL: 57959.60, TP: 58014.90
2026-06-18 15:42:30,268 - INFO - 🔴 EXIT (SESSION_END) [CF]: Closed trade for NSE:NIFTYBANK-INDEX at 57987.25 with PnL -0.05R
2026-06-18 15:42:30,300 - INFO - 👻 COUNTERFACTUAL SETUP DETECTED: NSE:NIFTYBANK-INDEX BUY CALL | Setup: BREAKOUT | Rejection: ['LOW_RVOL', 'HIGH_WICKINESS', 'NO_TARGET_ZONE', 'LOW_RR']
2026-06-18 15:42:30,322 - INFO - 🟢 ENTRY [CF]: Logged trade for NSE:NIFTYBANK-INDEX at 57987.25 (SL: 57959.60, TP: 57987.25)
2026-06-18 15:47:31,213 - INFO - --- 15:47:31 Market Pulse ---
2026-06-18 15:47:32,242 - INFO - 🟡 UPDATE (TP_EXPANSION) [CF]: NSE:NIFTYBANK-INDEX price 57987.25 | New SL: 57959.60, TP: 58014.90
2026-06-18 15:47:32,273 - INFO - 🔴 EXIT (SESSION_END) [CF]: Closed trade for NSE:NIFTYBANK-INDEX at 57987.25 with PnL -0.05R
2026-06-18 15:47:32,307 - INFO - 👻 COUNTERFACTUAL SETUP DETECTED: NSE:NIFTYBANK-INDEX BUY CALL | Setup: BREAKOUT | Rejection: ['LOW_RVOL', 'HIGH_WICKINESS', 'NO_TARGET_ZONE', 'LOW_RR']
2026-06-18 15:47:32,328 - INFO - 🟢 ENTRY [CF]: Logged trade for NSE:NIFTYBANK-INDEX at 57987.25 (SL: 57959.60, TP: 57987.25)
2026-06-18 15:52:33,191 - INFO - --- 15:52:33 Market Pulse ---
2026-06-18 15:52:34,334 - INFO - 🟡 UPDATE (TP_EXPANSION) [CF]: NSE:NIFTYBANK-INDEX price 57987.25 | New SL: 57959.60, TP: 58014.90
2026-06-18 15:52:34,363 - INFO - 🔴 EXIT (SESSION_END) [CF]: Closed trade for NSE:NIFTYBANK-INDEX at 57987.25 with PnL -0.05R
2026-06-18 15:52:34,396 - INFO - 👻 COUNTERFACTUAL SETUP DETECTED: NSE:NIFTYBANK-INDEX BUY CALL | Setup: BREAKOUT | Rejection: ['LOW_RVOL', 'HIGH_WICKINESS', 'NO_TARGET_ZONE', 'LOW_RR']
2026-06-18 15:52:34,418 - INFO - 🟢 ENTRY [CF]: Logged trade for NSE:NIFTYBANK-INDEX at 57987.25 (SL: 57959.60, TP: 57987.25)
2026-06-18 15:57:35,220 - INFO - --- 15:57:35 Market Pulse ---
2026-06-18 15:57:36,179 - INFO - 🟡 UPDATE (TP_EXPANSION) [CF]: NSE:NIFTYBANK-INDEX price 57987.25 | New SL: 57959.60, TP: 58014.90
2026-06-18 15:57:36,217 - INFO - 🔴 EXIT (SESSION_END) [CF]: Closed trade for NSE:NIFTYBANK-INDEX at 57987.25 with PnL -0.05R
2026-06-18 15:57:36,264 - INFO - 👻 COUNTERFACTUAL SETUP DETECTED: NSE:NIFTYBANK-INDEX BUY CALL | Setup: BREAKOUT | Rejection: ['LOW_RVOL', 'HIGH_WICKINESS', 'NO_TARGET_ZONE', 'LOW_RR']
2026-06-18 15:57:36,289 - INFO - 🟢 ENTRY [CF]: Logged trade for NSE:NIFTYBANK-INDEX at 57987.25 (SL: 57959.60, TP: 57987.25)
