2026-06-17 09:27:16,113 - INFO - 🔄 Recovered 10 active counterfactual positions: ['cand_NSE_NIFTY50_INDEX_BREAKOUT_23977.80_20260616', 'cand_NSE_NIFTYBANK_INDEX_BREAKOUT_57101.20_20260616', 'cand_NSE_NIFTYBANK_INDEX_BREAKOUT_57321.35_20260616']
2026-06-17 09:27:16,113 - INFO - 🏛️ Structural Paper Trader Initialized | Active Position Tracking Enabled
2026-06-17 09:27:16,114 - INFO - ⏱️ Scheduler started. Waiting for next 5-minute candle...
2026-06-17 09:27:16,114 - INFO - --- 09:27:16 Market Pulse ---
2026-06-17 09:27:16,495 - WARNING - ⚠️ Could not fetch complete MTF data for NSE:NIFTY50-INDEX
2026-06-17 09:27:17,101 - WARNING - ⚠️ Could not fetch complete MTF data for NSE:NIFTYBANK-INDEX
2026-06-17 09:27:17,101 - INFO - 🧘 Status: Sidelined (No Institutional Alignment)
2026-06-17 09:29:15,568 - INFO - 🔄 Recovered 10 active counterfactual positions: ['cand_NSE_NIFTY50_INDEX_BREAKOUT_23977.80_20260616', 'cand_NSE_NIFTYBANK_INDEX_BREAKOUT_57101.20_20260616', 'cand_NSE_NIFTYBANK_INDEX_BREAKOUT_57321.35_20260616']
2026-06-17 09:29:15,568 - INFO - 🏛️ Structural Paper Trader Initialized | Active Position Tracking Enabled
2026-06-17 09:29:15,568 - INFO - ⏱️ Scheduler started. Waiting for next 5-minute candle...
2026-06-17 09:29:15,568 - INFO - --- 09:29:15 Market Pulse ---
2026-06-17 09:29:16,372 - INFO - 🟡 UPDATE (TP_EXPANSION) [CF]: NSE:NIFTY50-INDEX price 24013.35 | New SL: 24004.47, TP: 24020.28
2026-06-17 09:29:16,406 - INFO - 🟡 UPDATE (TRAILING_SL) [CF]: NSE:NIFTYBANK-INDEX price 57281.60 | New SL: 57252.92, TP: 57804.50
2026-06-17 09:29:16,449 - INFO - 🧘 Status: Sidelined (No Institutional Alignment)
2026-06-17 09:34:16,451 - INFO - --- 09:34:16 Market Pulse ---
2026-06-17 09:34:17,305 - INFO - 🟡 UPDATE (TP_EXPANSION) [CF]: NSE:NIFTY50-INDEX price 24041.35 | New SL: 24032.47, TP: 24029.16
2026-06-17 09:34:17,344 - INFO - 🟡 UPDATE (TRAILING_SL) [CF]: NSE:NIFTYBANK-INDEX price 57284.80 | New SL: 57256.12, TP: 57804.50
2026-06-17 09:34:17,398 - INFO - 🧘 Status: Sidelined (No Institutional Alignment)
2026-06-17 09:39:18,269 - INFO - --- 09:39:18 Market Pulse ---
2026-06-17 09:39:19,077 - INFO - 🟡 UPDATE (TP_EXPANSION) [CF]: NSE:NIFTY50-INDEX price 24049.90 | New SL: 24041.02, TP: 24038.04
2026-06-17 09:39:19,116 - INFO - 🟡 UPDATE (TRAILING_SL) [CF]: NSE:NIFTYBANK-INDEX price 57293.95 | New SL: 57265.27, TP: 57804.50
2026-06-17 09:39:19,168 - INFO - 🧘 Status: Sidelined (No Institutional Alignment)
2026-06-17 09:44:19,208 - INFO - --- 09:44:19 Market Pulse ---
2026-06-17 09:44:19,946 - INFO - 🟡 UPDATE (TP_EXPANSION) [CF]: NSE:NIFTY50-INDEX price 24058.45 | New SL: 24049.57, TP: 24046.91
2026-06-17 09:44:19,987 - INFO - 🔴 EXIT (TRAILING_SL) [CF]: Closed trade for NSE:NIFTYBANK-INDEX at 57304.01 with PnL -0.27R
2026-06-17 09:44:20,021 - INFO - 🟡 UPDATE (TRAILING_SL) [CF]: NSE:NIFTYBANK-INDEX price 57327.75 | New SL: 57299.07, TP: 57804.50
2026-06-17 09:44:20,069 - INFO - 🧘 Status: Sidelined (No Institutional Alignment)
2026-06-17 09:49:21,008 - INFO - --- 09:49:21 Market Pulse ---
2026-06-17 09:49:21,839 - INFO - 🟡 UPDATE (TP_EXPANSION) [CF]: NSE:NIFTY50-INDEX price 24064.40 | New SL: 24055.52, TP: 24055.79
2026-06-17 09:49:21,908 - INFO - 🚀 SIGNAL DETECTED: NSE:NIFTY50-INDEX BUY PUT | SWEEP
2026-06-17 09:49:21,908 - INFO -    Entry: 24064.4 | SL: 24076.125 | TP: 24011.4 (RR: 4.52)
2026-06-17 09:49:21,934 - INFO - 🟢 ENTRY : Logged trade for NSE:NIFTY50-INDEX at 24064.40 (SL: 24076.12, TP: 24011.40)
2026-06-17 09:54:22,864 - INFO - --- 09:54:22 Market Pulse ---
2026-06-17 09:54:23,731 - INFO - 🟡 UPDATE (TP_EXPANSION) [CF]: NSE:NIFTY50-INDEX price 24066.25 | New SL: 24057.37, TP: 24064.67
2026-06-17 09:54:23,763 - INFO - 🧘 Status: Sidelined (No Institutional Alignment)
2026-06-17 09:59:24,712 - INFO - --- 09:59:24 Market Pulse ---
2026-06-17 09:59:25,802 - INFO - 🟡 UPDATE (TP_EXPANSION) [CF]: NSE:NIFTY50-INDEX price 24067.20 | New SL: 24058.32, TP: 24073.55
2026-06-17 09:59:25,830 - INFO - 🟡 UPDATE (TRAILING_SL) [CF]: NSE:NIFTYBANK-INDEX price 57353.65 | New SL: 57324.97, TP: 57804.50
2026-06-17 09:59:25,849 - INFO - 🧘 Status: Sidelined (No Institutional Alignment)
2026-06-17 10:04:26,549 - INFO - --- 10:04:26 Market Pulse ---
2026-06-17 10:04:27,594 - INFO - 🟡 UPDATE (TRAILING_SL) : NSE:NIFTY50-INDEX price 24047.55 | New SL: 24059.27, TP: 24011.40
2026-06-17 10:04:27,620 - INFO - 🔴 EXIT (TRAILING_SL) [CF]: Closed trade for NSE:NIFTY50-INDEX at 24058.32 with PnL 13.98R
2026-06-17 10:04:27,644 - INFO - 🔴 EXIT (TRAILING_SL) [CF]: Closed trade for NSE:NIFTYBANK-INDEX at 57324.97 with PnL 5.05R
2026-06-17 10:04:27,660 - INFO - 🧘 Status: Sidelined (No Institutional Alignment)
2026-06-17 10:09:27,884 - INFO - --- 10:09:27 Market Pulse ---
2026-06-17 10:09:28,847 - INFO - 🔴 EXIT (TRAILING_SL) : Closed trade for NSE:NIFTY50-INDEX at 24059.27 with PnL 0.39R
2026-06-17 10:09:28,902 - INFO - 🧘 Status: Sidelined (No Institutional Alignment)
2026-06-17 10:14:28,982 - INFO - --- 10:14:28 Market Pulse ---
2026-06-17 10:14:29,768 - INFO - 👻 COUNTERFACTUAL SETUP DETECTED: NSE:NIFTY50-INDEX BUY CALL | Setup: BREAKOUT | Rejection: ['LOW_RVOL', 'BIAS_MISMATCH', 'LOW_EFFICIENCY', 'NO_TARGET_ZONE', 'LOW_RR']
2026-06-17 10:14:29,793 - INFO - 🟢 ENTRY [CF]: Logged trade for NSE:NIFTY50-INDEX at 24051.40 (SL: 24039.45, TP: 24051.40)
2026-06-17 10:19:30,778 - INFO - --- 10:19:30 Market Pulse ---
2026-06-17 10:19:31,825 - INFO - 🟡 UPDATE (TP_EXPANSION) [CF]: NSE:NIFTY50-INDEX price 24064.25 | New SL: 24052.30, TP: 24063.35
2026-06-17 10:19:31,860 - INFO - 👻 COUNTERFACTUAL SETUP DETECTED: NSE:NIFTY50-INDEX BUY CALL | Setup: BREAKOUT | Rejection: ['BIAS_MISMATCH', 'LOW_EFFICIENCY', 'NO_TARGET_ZONE', 'LOW_RR']
2026-06-17 10:19:31,885 - INFO - 🟢 ENTRY [CF]: Logged trade for NSE:NIFTY50-INDEX at 24064.25 (SL: 24051.81, TP: 24064.25)
2026-06-17 10:24:32,855 - INFO - --- 10:24:32 Market Pulse ---
2026-06-17 10:24:33,657 - INFO - 🟡 UPDATE (TP_EXPANSION) [CF]: NSE:NIFTY50-INDEX price 24076.15 | New SL: 24063.71, TP: 24076.69
2026-06-17 10:24:33,721 - INFO - 👻 COUNTERFACTUAL SETUP DETECTED: NSE:NIFTY50-INDEX BUY CALL | Setup: BREAKOUT | Rejection: ['LOW_RVOL', 'BIAS_MISMATCH', 'LOW_EFFICIENCY', 'NO_TARGET_ZONE', 'LOW_RR']
2026-06-17 10:24:33,750 - INFO - 🟢 ENTRY [CF]: Logged trade for NSE:NIFTY50-INDEX at 24076.15 (SL: 24063.78, TP: 24076.15)
2026-06-17 10:29:34,722 - INFO - --- 10:29:34 Market Pulse ---
2026-06-17 10:29:35,644 - INFO - 👻 COUNTERFACTUAL SETUP DETECTED: NSE:NIFTY50-INDEX BUY CALL | Setup: BREAKOUT | Rejection: ['LOW_RVOL', 'BIAS_MISMATCH', 'LOW_EFFICIENCY', 'NO_TARGET_ZONE', 'LOW_RR']
2026-06-17 10:29:35,730 - INFO - 🟢 ENTRY [CF]: Logged trade for NSE:NIFTY50-INDEX at 24069.15 (SL: 24058.97, TP: 24069.15)
2026-06-17 10:34:35,913 - INFO - --- 10:34:35 Market Pulse ---
2026-06-17 10:34:37,319 - INFO - 🟡 UPDATE (TP_EXPANSION) [CF]: NSE:NIFTY50-INDEX price 24074.35 | New SL: 24064.17, TP: 24079.33
2026-06-17 10:34:37,376 - INFO - 👻 COUNTERFACTUAL SETUP DETECTED: NSE:NIFTY50-INDEX BUY CALL | Setup: BREAKOUT | Rejection: ['BIAS_MISMATCH', 'LOW_EFFICIENCY', 'NO_TARGET_ZONE', 'LOW_RR']
2026-06-17 10:34:37,402 - INFO - 🟢 ENTRY [CF]: Logged trade for NSE:NIFTY50-INDEX at 24074.35 (SL: 24064.43, TP: 24074.35)
2026-06-17 10:39:38,223 - INFO - --- 10:39:38 Market Pulse ---
2026-06-17 10:39:39,133 - INFO - 🟡 UPDATE (TP_EXPANSION) [CF]: NSE:NIFTY50-INDEX price 24080.55 | New SL: 24070.63, TP: 24084.27
2026-06-17 10:39:39,190 - INFO - 👻 COUNTERFACTUAL SETUP DETECTED: NSE:NIFTY50-INDEX BUY CALL | Setup: BREAKOUT | Rejection: ['BIAS_MISMATCH', 'LOW_EFFICIENCY', 'NO_TARGET_ZONE', 'LOW_RR']
2026-06-17 10:39:39,224 - INFO - 🟢 ENTRY [CF]: Logged trade for NSE:NIFTY50-INDEX at 24080.55 (SL: 24066.18, TP: 24080.55)
2026-06-17 10:39:39,224 - INFO - 👻 COUNTERFACTUAL SETUP DETECTED: NSE:NIFTYBANK-INDEX BUY CALL | Setup: BREAKOUT | Rejection: ['LOW_RVOL', 'LOW_EFFICIENCY']
2026-06-17 10:39:39,254 - INFO - 🟢 ENTRY [CF]: Logged trade for NSE:NIFTYBANK-INDEX at 57484.00 (SL: 57449.11, TP: 57804.50)
2026-06-17 10:44:40,223 - INFO - --- 10:44:40 Market Pulse ---
2026-06-17 10:44:42,239 - INFO - 🟡 UPDATE (TP_EXPANSION) [CF]: NSE:NIFTY50-INDEX price 24086.25 | New SL: 24071.88, TP: 24094.92
2026-06-17 10:44:42,276 - INFO - 🟡 UPDATE (TRAILING_SL) [CF]: NSE:NIFTYBANK-INDEX price 57520.00 | New SL: 57485.11, TP: 57804.50
2026-06-17 10:44:42,324 - INFO - 👻 COUNTERFACTUAL SETUP DETECTED: NSE:NIFTY50-INDEX BUY CALL | Setup: BREAKOUT | Rejection: ['BIAS_MISMATCH', 'LOW_EFFICIENCY', 'NO_TARGET_ZONE', 'LOW_RR']
2026-06-17 10:44:42,349 - INFO - 🟢 ENTRY [CF]: Logged trade for NSE:NIFTY50-INDEX at 24086.25 (SL: 24066.48, TP: 24086.25)
2026-06-17 10:44:42,349 - INFO - 👻 COUNTERFACTUAL SETUP DETECTED: NSE:NIFTYBANK-INDEX BUY CALL | Setup: BREAKOUT | Rejection: ['LOW_EFFICIENCY']
2026-06-17 10:44:42,371 - INFO - 🟢 ENTRY [CF]: Logged trade for NSE:NIFTYBANK-INDEX at 57520.00 (SL: 57484.55, TP: 57804.50)
2026-06-17 10:49:43,293 - INFO - --- 10:49:43 Market Pulse ---
2026-06-17 10:49:44,142 - INFO - 👻 COUNTERFACTUAL SETUP DETECTED: NSE:NIFTY50-INDEX BUY CALL | Setup: BREAKOUT | Rejection: ['LOW_RVOL', 'BIAS_MISMATCH', 'LOW_EFFICIENCY', 'NO_TARGET_ZONE', 'LOW_RR']
2026-06-17 10:49:44,173 - INFO - 🟢 ENTRY [CF]: Logged trade for NSE:NIFTY50-INDEX at 24078.00 (SL: 24066.73, TP: 24078.00)
2026-06-17 10:49:44,173 - INFO - 👻 COUNTERFACTUAL SETUP DETECTED: NSE:NIFTYBANK-INDEX BUY CALL | Setup: BREAKOUT | Rejection: ['LOW_RVOL', 'LOW_EFFICIENCY']
2026-06-17 10:49:44,198 - INFO - 🟢 ENTRY [CF]: Logged trade for NSE:NIFTYBANK-INDEX at 57516.95 (SL: 57481.64, TP: 57804.50)
2026-06-17 10:54:44,583 - INFO - --- 10:54:44 Market Pulse ---
2026-06-17 10:54:45,791 - INFO - 🟡 UPDATE (TP_EXPANSION) [CF]: NSE:NIFTY50-INDEX price 24079.40 | New SL: 24068.13, TP: 24089.27
2026-06-17 10:54:45,821 - INFO - 🟡 UPDATE (TRAILING_SL) [CF]: NSE:NIFTYBANK-INDEX price 57548.50 | New SL: 57513.19, TP: 57804.50
2026-06-17 10:54:45,857 - INFO - 👻 COUNTERFACTUAL SETUP DETECTED: NSE:NIFTY50-INDEX BUY CALL | Setup: BREAKOUT | Rejection: ['LOW_RVOL', 'BIAS_MISMATCH', 'LOW_EFFICIENCY', 'HIGH_WICKINESS', 'NO_TARGET_ZONE', 'LOW_RR']
2026-06-17 10:54:45,880 - INFO - 🟢 ENTRY [CF]: Logged trade for NSE:NIFTY50-INDEX at 24079.40 (SL: 24066.89, TP: 24079.40)
2026-06-17 10:54:45,880 - INFO - 👻 COUNTERFACTUAL SETUP DETECTED: NSE:NIFTYBANK-INDEX BUY CALL | Setup: BREAKOUT | Rejection: ['LOW_RVOL', 'LOW_EFFICIENCY', 'HIGH_WICKINESS']
2026-06-17 10:54:45,901 - INFO - 🟢 ENTRY [CF]: Logged trade for NSE:NIFTYBANK-INDEX at 57548.50 (SL: 57513.39, TP: 57804.50)
2026-06-17 10:59:46,843 - INFO - --- 10:59:46 Market Pulse ---
2026-06-17 10:59:47,648 - INFO - 👻 COUNTERFACTUAL SETUP DETECTED: NSE:NIFTY50-INDEX BUY CALL | Setup: BREAKOUT | Rejection: ['BIAS_MISMATCH', 'LOW_EFFICIENCY', 'HIGH_WICKINESS', 'NO_TARGET_ZONE', 'LOW_RR']
2026-06-17 10:59:47,679 - INFO - 🟢 ENTRY [CF]: Logged trade for NSE:NIFTY50-INDEX at 24079.30 (SL: 24066.77, TP: 24079.30)
2026-06-17 10:59:47,679 - INFO - 👻 COUNTERFACTUAL SETUP DETECTED: NSE:NIFTYBANK-INDEX BUY CALL | Setup: BREAKOUT | Rejection: ['LOW_RVOL', 'LOW_EFFICIENCY', 'HIGH_WICKINESS']
2026-06-17 10:59:47,702 - INFO - 🟢 ENTRY [CF]: Logged trade for NSE:NIFTYBANK-INDEX at 57531.00 (SL: 57495.81, TP: 57804.50)
2026-06-17 11:04:47,797 - INFO - --- 11:04:47 Market Pulse ---
2026-06-17 11:04:48,935 - INFO - 🟡 UPDATE (TRAILING_SL) [CF]: NSE:NIFTYBANK-INDEX price 57541.45 | New SL: 57506.26, TP: 57804.50
2026-06-17 11:04:48,976 - INFO - 👻 COUNTERFACTUAL SETUP DETECTED: NSE:NIFTY50-INDEX BUY CALL | Setup: BREAKOUT | Rejection: ['LOW_RVOL', 'BIAS_MISMATCH', 'LOW_EFFICIENCY', 'NO_TARGET_ZONE', 'LOW_RR']
2026-06-17 11:04:49,001 - INFO - 🟢 ENTRY [CF]: Logged trade for NSE:NIFTY50-INDEX at 24072.00 (SL: 24063.88, TP: 24072.00)
2026-06-17 11:04:49,001 - INFO - 👻 COUNTERFACTUAL SETUP DETECTED: NSE:NIFTYBANK-INDEX BUY CALL | Setup: BREAKOUT | Rejection: ['LOW_EFFICIENCY', 'HIGH_WICKINESS']
2026-06-17 11:04:49,023 - INFO - 🟢 ENTRY [CF]: Logged trade for NSE:NIFTYBANK-INDEX at 57541.45 (SL: 57505.50, TP: 57804.50)
2026-06-17 11:09:49,756 - INFO - --- 11:09:49 Market Pulse ---
2026-06-17 11:09:50,583 - INFO - 🟡 UPDATE (TRAILING_SL) [CF]: NSE:NIFTYBANK-INDEX price 57569.40 | New SL: 57533.45, TP: 57804.50
2026-06-17 11:09:50,637 - INFO - 👻 COUNTERFACTUAL SETUP DETECTED: NSE:NIFTY50-INDEX BUY CALL | Setup: BREAKOUT | Rejection: ['BIAS_MISMATCH', 'LOW_EFFICIENCY', 'HIGH_WICKINESS', 'NO_TARGET_ZONE', 'LOW_RR']
2026-06-17 11:09:50,667 - INFO - 🟢 ENTRY [CF]: Logged trade for NSE:NIFTY50-INDEX at 24069.75 (SL: 24061.85, TP: 24069.75)
2026-06-17 11:09:50,667 - INFO - 👻 COUNTERFACTUAL SETUP DETECTED: NSE:NIFTYBANK-INDEX BUY CALL | Setup: BREAKOUT | Rejection: ['LOW_EFFICIENCY', 'HIGH_WICKINESS']
2026-06-17 11:09:50,693 - INFO - 🟢 ENTRY [CF]: Logged trade for NSE:NIFTYBANK-INDEX at 57569.40 (SL: 57533.04, TP: 57804.50)
2026-06-17 11:14:51,411 - INFO - --- 11:14:51 Market Pulse ---
2026-06-17 11:14:52,306 - INFO - 🟡 UPDATE (TP_EXPANSION) [CF]: NSE:NIFTY50-INDEX price 24080.35 | New SL: 24072.45, TP: 24077.65
2026-06-17 11:14:52,345 - INFO - 🟡 UPDATE (TRAILING_SL) [CF]: NSE:NIFTYBANK-INDEX price 57612.80 | New SL: 57576.44, TP: 57804.50
2026-06-17 11:14:52,394 - INFO - 👻 COUNTERFACTUAL SETUP DETECTED: NSE:NIFTY50-INDEX BUY CALL | Setup: BREAKOUT | Rejection: ['LOW_RVOL', 'BIAS_MISMATCH', 'LOW_EFFICIENCY', 'HIGH_WICKINESS', 'NO_TARGET_ZONE', 'LOW_RR']
2026-06-17 11:14:52,421 - INFO - 🟢 ENTRY [CF]: Logged trade for NSE:NIFTY50-INDEX at 24080.35 (SL: 24072.55, TP: 24080.35)
2026-06-17 11:14:52,421 - INFO - 👻 COUNTERFACTUAL SETUP DETECTED: NSE:NIFTYBANK-INDEX BUY CALL | Setup: BREAKOUT | Rejection: ['HIGH_WICKINESS']
2026-06-17 11:14:52,445 - INFO - 🟢 ENTRY [CF]: Logged trade for NSE:NIFTYBANK-INDEX at 57612.80 (SL: 57537.06, TP: 57804.50)
2026-06-17 11:19:53,175 - INFO - --- 11:19:53 Market Pulse ---
2026-06-17 11:19:54,047 - INFO - 🟡 UPDATE (TP_EXPANSION) [CF]: NSE:NIFTY50-INDEX price 24085.55 | New SL: 24077.65, TP: 24085.55
2026-06-17 11:19:54,084 - INFO - 🟡 UPDATE (TP_EXPANSION) [CF]: NSE:NIFTY50-INDEX price 24085.55 | New SL: 24077.75, TP: 24088.15
2026-06-17 11:19:54,131 - INFO - 👻 COUNTERFACTUAL SETUP DETECTED: NSE:NIFTY50-INDEX BUY CALL | Setup: BREAKOUT | Rejection: ['BIAS_MISMATCH', 'LOW_EFFICIENCY', 'HIGH_WICKINESS', 'NO_TARGET_ZONE', 'LOW_RR']
2026-06-17 11:19:54,158 - INFO - 🟢 ENTRY [CF]: Logged trade for NSE:NIFTY50-INDEX at 24085.55 (SL: 24077.96, TP: 24085.55)
2026-06-17 11:19:54,158 - INFO - 👻 COUNTERFACTUAL SETUP DETECTED: NSE:NIFTYBANK-INDEX BUY CALL | Setup: BREAKOUT | Rejection: ['LOW_RVOL', 'HIGH_WICKINESS']
2026-06-17 11:19:54,184 - INFO - 🟢 ENTRY [CF]: Logged trade for NSE:NIFTYBANK-INDEX at 57611.60 (SL: 57537.89, TP: 57804.50)
2026-06-17 11:24:54,880 - INFO - --- 11:24:54 Market Pulse ---
2026-06-17 11:24:55,777 - INFO - 👻 COUNTERFACTUAL SETUP DETECTED: NSE:NIFTY50-INDEX BUY CALL | Setup: BREAKOUT | Rejection: ['LOW_RVOL', 'BIAS_MISMATCH', 'LOW_EFFICIENCY', 'NO_TARGET_ZONE', 'LOW_RR']
2026-06-17 11:24:55,807 - INFO - 🟢 ENTRY [CF]: Logged trade for NSE:NIFTY50-INDEX at 24084.00 (SL: 24076.83, TP: 24084.00)
2026-06-17 11:24:55,807 - INFO - 👻 COUNTERFACTUAL SETUP DETECTED: NSE:NIFTYBANK-INDEX BUY CALL | Setup: BREAKOUT | Rejection: ['LOW_RVOL', 'LOW_EFFICIENCY', 'HIGH_WICKINESS']
2026-06-17 11:24:55,830 - INFO - 🟢 ENTRY [CF]: Logged trade for NSE:NIFTYBANK-INDEX at 57574.00 (SL: 57537.82, TP: 57804.50)
2026-06-17 11:29:56,531 - INFO - --- 11:29:56 Market Pulse ---
2026-06-17 11:29:57,410 - INFO - 🟡 UPDATE (TP_EXPANSION) [CF]: NSE:NIFTY50-INDEX price 24088.95 | New SL: 24081.05, TP: 24093.45
2026-06-17 11:29:57,445 - INFO - 🟡 UPDATE (TRAILING_SL) [CF]: NSE:NIFTYBANK-INDEX price 57614.45 | New SL: 57578.27, TP: 57804.50
2026-06-17 11:29:57,477 - INFO - 🟡 UPDATE (TP_EXPANSION) [CF]: NSE:NIFTY50-INDEX price 24088.95 | New SL: 24081.78, TP: 24091.17
2026-06-17 11:29:57,526 - INFO - 👻 COUNTERFACTUAL SETUP DETECTED: NSE:NIFTY50-INDEX BUY CALL | Setup: BREAKOUT | Rejection: ['LOW_RVOL', 'BIAS_MISMATCH', 'LOW_EFFICIENCY', 'HIGH_WICKINESS', 'NO_TARGET_ZONE', 'LOW_RR']
2026-06-17 11:29:57,549 - INFO - 🟢 ENTRY [CF]: Logged trade for NSE:NIFTY50-INDEX at 24088.95 (SL: 24082.18, TP: 24088.95)
2026-06-17 11:29:57,549 - INFO - 👻 COUNTERFACTUAL SETUP DETECTED: NSE:NIFTYBANK-INDEX BUY CALL | Setup: BREAKOUT | Rejection: ['LOW_EFFICIENCY']
2026-06-17 11:29:57,573 - INFO - 🟢 ENTRY [CF]: Logged trade for NSE:NIFTYBANK-INDEX at 57614.45 (SL: 57539.25, TP: 57804.50)
2026-06-17 11:34:58,351 - INFO - --- 11:34:58 Market Pulse ---
2026-06-17 11:34:59,117 - INFO - 🟡 UPDATE (TP_EXPANSION) [CF]: NSE:NIFTY50-INDEX price 24098.40 | New SL: 24090.50, TP: 24101.35
2026-06-17 11:34:59,152 - INFO - 🟡 UPDATE (TP_EXPANSION) [CF]: NSE:NIFTY50-INDEX price 24098.40 | New SL: 24091.63, TP: 24095.72
2026-06-17 11:34:59,199 - INFO - 👻 COUNTERFACTUAL SETUP DETECTED: NSE:NIFTY50-INDEX BUY CALL | Setup: BREAKOUT | Rejection: ['LOW_RVOL', 'BIAS_MISMATCH', 'LOW_EFFICIENCY', 'HIGH_WICKINESS', 'NO_TARGET_ZONE', 'LOW_RR']
2026-06-17 11:34:59,222 - INFO - 🟢 ENTRY [CF]: Logged trade for NSE:NIFTY50-INDEX at 24098.40 (SL: 24091.42, TP: 24098.40)
2026-06-17 11:34:59,222 - INFO - 👻 COUNTERFACTUAL SETUP DETECTED: NSE:NIFTYBANK-INDEX BUY CALL | Setup: BREAKOUT | Rejection: ['LOW_EFFICIENCY']
2026-06-17 11:34:59,243 - INFO - 🟢 ENTRY [CF]: Logged trade for NSE:NIFTYBANK-INDEX at 57601.95 (SL: 57540.45, TP: 57804.50)
2026-06-17 11:39:59,971 - INFO - --- 11:39:59 Market Pulse ---
2026-06-17 11:40:01,221 - INFO - 🔴 EXIT (TRAILING_SL) [CF]: Closed trade for NSE:NIFTY50-INDEX at 24090.50 with PnL 2.58R
2026-06-17 11:40:01,252 - INFO - 🔴 EXIT (INITIAL_SL) [CF]: Closed trade for NSE:NIFTY50-INDEX at 24091.42 with PnL -1.05R
2026-06-17 11:40:01,294 - INFO - 👻 COUNTERFACTUAL SETUP DETECTED: NSE:NIFTY50-INDEX BUY CALL | Setup: BREAKOUT | Rejection: ['LOW_RVOL', 'BIAS_MISMATCH', 'LOW_EFFICIENCY', 'NO_TARGET_ZONE', 'LOW_RR']
2026-06-17 11:40:01,317 - INFO - 🟢 ENTRY [CF]: Logged trade for NSE:NIFTY50-INDEX at 24076.15 (SL: 24069.27, TP: 24076.15)
2026-06-17 11:40:01,317 - INFO - 👻 COUNTERFACTUAL SETUP DETECTED: NSE:NIFTYBANK-INDEX BUY CALL | Setup: BREAKOUT | Rejection: ['LOW_RVOL', 'LOW_EFFICIENCY']
2026-06-17 11:40:01,341 - INFO - 🟢 ENTRY [CF]: Logged trade for NSE:NIFTYBANK-INDEX at 57554.40 (SL: 57528.27, TP: 57804.50)
2026-06-17 11:45:02,097 - INFO - --- 11:45:02 Market Pulse ---
2026-06-17 11:45:03,379 - INFO - 🟡 UPDATE (TRAILING_SL) [CF]: NSE:NIFTYBANK-INDEX price 57594.75 | New SL: 57568.62, TP: 57804.50
2026-06-17 11:45:03,416 - INFO - 🟡 UPDATE (TP_EXPANSION) [CF]: NSE:NIFTY50-INDEX price 24082.55 | New SL: 24075.67, TP: 24083.03
2026-06-17 11:45:03,463 - INFO - 👻 COUNTERFACTUAL SETUP DETECTED: NSE:NIFTYBANK-INDEX BUY CALL | Setup: BREAKOUT | Rejection: ['LOW_RVOL', 'LOW_EFFICIENCY']
2026-06-17 11:45:03,488 - INFO - 🟢 ENTRY [CF]: Logged trade for NSE:NIFTYBANK-INDEX at 57594.75 (SL: 57567.54, TP: 57804.50)
2026-06-17 11:50:04,083 - INFO - --- 11:50:04 Market Pulse ---
2026-06-17 11:50:04,964 - INFO - 🔴 EXIT (TRAILING_SL) [CF]: Closed trade for NSE:NIFTY50-INDEX at 24075.67 with PnL -0.12R
2026-06-17 11:50:05,020 - INFO - 👻 COUNTERFACTUAL SETUP DETECTED: NSE:NIFTYBANK-INDEX BUY CALL | Setup: BREAKOUT | Rejection: ['LOW_RVOL', 'LOW_EFFICIENCY', 'HIGH_WICKINESS']
2026-06-17 11:50:05,048 - INFO - 🟢 ENTRY [CF]: Logged trade for NSE:NIFTYBANK-INDEX at 57590.45 (SL: 57563.24, TP: 57804.50)
2026-06-17 11:55:05,827 - INFO - --- 11:55:05 Market Pulse ---
2026-06-17 11:55:07,171 - INFO - 🔴 EXIT (TRAILING_SL) [CF]: Closed trade for NSE:NIFTYBANK-INDEX at 57568.62 with PnL 0.49R
2026-06-17 11:55:07,212 - INFO - 🔴 EXIT (INITIAL_SL) [CF]: Closed trade for NSE:NIFTYBANK-INDEX at 57563.24 with PnL -1.05R
2026-06-17 11:55:07,263 - INFO - 👻 COUNTERFACTUAL SETUP DETECTED: NSE:NIFTYBANK-INDEX BUY CALL | Setup: BREAKOUT | Rejection: ['LOW_RVOL', 'LOW_EFFICIENCY']
2026-06-17 11:55:07,288 - INFO - 🟢 ENTRY [CF]: Logged trade for NSE:NIFTYBANK-INDEX at 57549.35 (SL: 57522.26, TP: 57804.50)
2026-06-17 12:00:08,026 - INFO - --- 12:00:08 Market Pulse ---
2026-06-17 12:00:09,323 - INFO - 👻 COUNTERFACTUAL SETUP DETECTED: NSE:NIFTYBANK-INDEX BUY CALL | Setup: BREAKOUT | Rejection: ['LOW_RVOL', 'LOW_EFFICIENCY', 'HIGH_WICKINESS']
2026-06-17 12:00:09,354 - INFO - 🟢 ENTRY [CF]: Logged trade for NSE:NIFTYBANK-INDEX at 57539.15 (SL: 57512.19, TP: 57804.50)
2026-06-17 12:05:10,121 - INFO - --- 12:05:10 Market Pulse ---
2026-06-17 12:05:10,921 - INFO - 🟡 UPDATE (TRAILING_SL) [CF]: NSE:NIFTYBANK-INDEX price 57569.10 | New SL: 57542.14, TP: 57804.50
2026-06-17 12:05:10,975 - INFO - 👻 COUNTERFACTUAL SETUP DETECTED: NSE:NIFTYBANK-INDEX BUY CALL | Setup: BREAKOUT | Rejection: ['LOW_RVOL', 'LOW_EFFICIENCY']
2026-06-17 12:05:11,004 - INFO - 🟢 ENTRY [CF]: Logged trade for NSE:NIFTYBANK-INDEX at 57569.10 (SL: 57541.95, TP: 57804.50)
2026-06-17 12:10:11,759 - INFO - --- 12:10:11 Market Pulse ---
2026-06-17 12:10:12,733 - INFO - 🟡 UPDATE (TRAILING_SL) [CF]: NSE:NIFTYBANK-INDEX price 57582.35 | New SL: 57555.20, TP: 57804.50
2026-06-17 12:10:12,787 - INFO - 👻 COUNTERFACTUAL SETUP DETECTED: NSE:NIFTYBANK-INDEX BUY CALL | Setup: BREAKOUT | Rejection: ['LOW_RVOL', 'LOW_EFFICIENCY']
2026-06-17 12:10:12,813 - INFO - 🟢 ENTRY [CF]: Logged trade for NSE:NIFTYBANK-INDEX at 57582.35 (SL: 57555.25, TP: 57804.50)
2026-06-17 12:15:13,526 - INFO - --- 12:15:13 Market Pulse ---
2026-06-17 12:15:14,423 - INFO - 🔴 EXIT (INITIAL_SL) [CF]: Closed trade for NSE:NIFTYBANK-INDEX at 57555.25 with PnL -1.05R
2026-06-17 12:15:14,477 - INFO - 🧘 Status: Sidelined (No Institutional Alignment)
2026-06-17 12:20:15,202 - INFO - --- 12:20:15 Market Pulse ---
2026-06-17 12:20:16,249 - INFO - 🧘 Status: Sidelined (No Institutional Alignment)
2026-06-17 12:25:16,935 - INFO - --- 12:25:16 Market Pulse ---
2026-06-17 12:25:17,745 - INFO - 🧘 Status: Sidelined (No Institutional Alignment)
2026-06-17 12:30:18,497 - INFO - --- 12:30:18 Market Pulse ---
2026-06-17 12:30:19,727 - INFO - 🧘 Status: Sidelined (No Institutional Alignment)
2026-06-17 12:35:20,367 - INFO - --- 12:35:20 Market Pulse ---
2026-06-17 12:35:21,628 - INFO - 🧘 Status: Sidelined (No Institutional Alignment)
2026-06-17 12:40:22,406 - INFO - --- 12:40:22 Market Pulse ---
2026-06-17 12:40:23,490 - INFO - 🧘 Status: Sidelined (No Institutional Alignment)
2026-06-17 12:45:24,195 - INFO - --- 12:45:24 Market Pulse ---
2026-06-17 12:45:25,201 - INFO - 🧘 Status: Sidelined (No Institutional Alignment)
2026-06-17 12:50:25,973 - INFO - --- 12:50:25 Market Pulse ---
2026-06-17 12:50:26,884 - INFO - 🧘 Status: Sidelined (No Institutional Alignment)
2026-06-17 12:55:27,645 - INFO - --- 12:55:27 Market Pulse ---
2026-06-17 12:55:28,717 - INFO - 👻 COUNTERFACTUAL SETUP DETECTED: NSE:NIFTYBANK-INDEX BUY PUT | Setup: BREAKOUT | Rejection: ['LOW_RVOL', 'BIAS_MISMATCH', 'LOW_EFFICIENCY']
2026-06-17 12:55:28,745 - INFO - 🟢 ENTRY [CF]: Logged trade for NSE:NIFTYBANK-INDEX at 57499.80 (SL: 57524.44, TP: 53949.90)
2026-06-17 13:00:29,504 - INFO - --- 13:00:29 Market Pulse ---
2026-06-17 13:00:30,579 - INFO - 🟡 UPDATE (TRAILING_SL) [CF]: NSE:NIFTYBANK-INDEX price 57482.35 | New SL: 57506.99, TP: 53949.90
2026-06-17 13:00:30,614 - INFO - 👻 COUNTERFACTUAL SETUP DETECTED: NSE:NIFTYBANK-INDEX BUY PUT | Setup: BREAKOUT | Rejection: ['LOW_RVOL', 'BIAS_MISMATCH', 'LOW_EFFICIENCY']
2026-06-17 13:00:30,638 - INFO - 🟢 ENTRY [CF]: Logged trade for NSE:NIFTYBANK-INDEX at 57482.35 (SL: 57506.32, TP: 53949.90)
2026-06-17 13:05:31,339 - INFO - --- 13:05:31 Market Pulse ---
2026-06-17 13:05:32,393 - INFO - 🔴 EXIT (INITIAL_SL) [CF]: Closed trade for NSE:NIFTYBANK-INDEX at 57506.32 with PnL -1.05R
2026-06-17 13:05:32,428 - INFO - 👻 COUNTERFACTUAL SETUP DETECTED: NSE:NIFTYBANK-INDEX BUY PUT | Setup: BREAKOUT | Rejection: ['LOW_RVOL', 'BIAS_MISMATCH', 'LOW_EFFICIENCY']
2026-06-17 13:05:32,451 - INFO - 🟢 ENTRY [CF]: Logged trade for NSE:NIFTYBANK-INDEX at 57532.65 (SL: 57557.55, TP: 53949.90)
2026-06-17 13:10:33,230 - INFO - --- 13:10:33 Market Pulse ---
2026-06-17 13:10:34,233 - INFO - 🟡 UPDATE (TRAILING_SL) [CF]: NSE:NIFTYBANK-INDEX price 57527.75 | New SL: 57552.65, TP: 53949.90
2026-06-17 13:10:34,284 - INFO - 👻 COUNTERFACTUAL SETUP DETECTED: NSE:NIFTYBANK-INDEX BUY PUT | Setup: BREAKOUT | Rejection: ['LOW_RVOL', 'BIAS_MISMATCH', 'LOW_EFFICIENCY']
2026-06-17 13:10:34,309 - INFO - 🟢 ENTRY [CF]: Logged trade for NSE:NIFTYBANK-INDEX at 57527.75 (SL: 57552.19, TP: 53949.90)
2026-06-17 13:15:35,133 - INFO - --- 13:15:35 Market Pulse ---
2026-06-17 13:15:36,047 - INFO - 🟡 UPDATE (TRAILING_SL) [CF]: NSE:NIFTYBANK-INDEX price 57485.35 | New SL: 57509.79, TP: 53949.90
2026-06-17 13:15:36,102 - INFO - 🧘 Status: Sidelined (No Institutional Alignment)
2026-06-17 13:20:36,750 - INFO - --- 13:20:36 Market Pulse ---
2026-06-17 13:20:37,589 - INFO - 🔴 EXIT (TRAILING_SL) [CF]: Closed trade for NSE:NIFTYBANK-INDEX at 57509.79 with PnL 0.69R
2026-06-17 13:20:37,642 - INFO - 🧘 Status: Sidelined (No Institutional Alignment)
2026-06-17 13:25:38,488 - INFO - --- 13:25:38 Market Pulse ---
2026-06-17 13:25:39,636 - INFO - 🧘 Status: Sidelined (No Institutional Alignment)
2026-06-17 13:30:40,342 - INFO - --- 13:30:40 Market Pulse ---
2026-06-17 13:30:41,300 - INFO - 👻 COUNTERFACTUAL SETUP DETECTED: NSE:NIFTY50-INDEX BUY PUT | Setup: BREAKOUT | Rejection: ['LOW_RVOL', 'BIAS_MISMATCH', 'LOW_EFFICIENCY']
2026-06-17 13:30:41,329 - INFO - 🟢 ENTRY [CF]: Logged trade for NSE:NIFTY50-INDEX at 24033.10 (SL: 24040.23, TP: 23080.97)
2026-06-17 13:35:42,121 - INFO - --- 13:35:42 Market Pulse ---
2026-06-17 13:35:43,412 - INFO - 🔴 EXIT (INITIAL_SL) [CF]: Closed trade for NSE:NIFTY50-INDEX at 24040.23 with PnL -1.05R
2026-06-17 13:35:43,465 - INFO - 👻 COUNTERFACTUAL SETUP DETECTED: NSE:NIFTY50-INDEX BUY PUT | Setup: BREAKOUT | Rejection: ['LOW_RVOL', 'BIAS_MISMATCH', 'LOW_EFFICIENCY']
2026-06-17 13:35:43,489 - INFO - 🟢 ENTRY [CF]: Logged trade for NSE:NIFTY50-INDEX at 24042.80 (SL: 24049.82, TP: 23080.97)
2026-06-17 13:40:44,208 - INFO - --- 13:40:44 Market Pulse ---
2026-06-17 13:40:45,266 - INFO - 🔴 EXIT (INITIAL_SL) [CF]: Closed trade for NSE:NIFTY50-INDEX at 24049.82 with PnL -1.05R
2026-06-17 13:40:45,302 - INFO - 👻 COUNTERFACTUAL SETUP DETECTED: NSE:NIFTY50-INDEX BUY PUT | Setup: BREAKOUT | Rejection: ['LOW_RVOL', 'BIAS_MISMATCH', 'LOW_EFFICIENCY', 'HIGH_WICKINESS']
2026-06-17 13:40:45,325 - INFO - 🟢 ENTRY [CF]: Logged trade for NSE:NIFTY50-INDEX at 24051.85 (SL: 24059.17, TP: 23080.97)
2026-06-17 13:45:46,114 - INFO - --- 13:45:46 Market Pulse ---
2026-06-17 13:45:46,948 - INFO - 👻 COUNTERFACTUAL SETUP DETECTED: NSE:NIFTY50-INDEX BUY PUT | Setup: BREAKOUT | Rejection: ['LOW_RVOL', 'BIAS_MISMATCH', 'LOW_EFFICIENCY', 'HIGH_WICKINESS']
2026-06-17 13:45:46,980 - INFO - 🟢 ENTRY [CF]: Logged trade for NSE:NIFTY50-INDEX at 24056.55 (SL: 24063.89, TP: 23080.97)
2026-06-17 13:50:47,725 - INFO - --- 13:50:47 Market Pulse ---
2026-06-17 13:50:48,791 - INFO - 🟡 UPDATE (TRAILING_SL) [CF]: NSE:NIFTY50-INDEX price 24046.20 | New SL: 24053.54, TP: 23080.97
2026-06-17 13:50:48,839 - INFO - 🧘 Status: Sidelined (No Institutional Alignment)
2026-06-17 13:55:49,595 - INFO - --- 13:55:49 Market Pulse ---
2026-06-17 13:55:50,509 - INFO - 🟡 UPDATE (TRAILING_SL) [CF]: NSE:NIFTY50-INDEX price 24043.30 | New SL: 24050.64, TP: 23080.97
2026-06-17 13:55:50,562 - INFO - 🧘 Status: Sidelined (No Institutional Alignment)
2026-06-17 14:00:51,303 - INFO - --- 14:00:51 Market Pulse ---
2026-06-17 14:00:52,092 - INFO - 🔴 EXIT (TRAILING_SL) [CF]: Closed trade for NSE:NIFTY50-INDEX at 24050.64 with PnL 0.76R
2026-06-17 14:00:52,145 - INFO - 🧘 Status: Sidelined (No Institutional Alignment)
2026-06-17 14:05:52,873 - INFO - --- 14:05:52 Market Pulse ---
2026-06-17 14:05:54,188 - INFO - 🧘 Status: Sidelined (No Institutional Alignment)
2026-06-17 14:10:54,884 - INFO - --- 14:10:54 Market Pulse ---
2026-06-17 14:10:56,069 - INFO - 🧘 Status: Sidelined (No Institutional Alignment)
2026-06-17 14:15:56,835 - INFO - --- 14:15:56 Market Pulse ---
2026-06-17 14:15:57,765 - INFO - 🧘 Status: Sidelined (No Institutional Alignment)
2026-06-17 14:20:58,483 - INFO - --- 14:20:58 Market Pulse ---
2026-06-17 14:20:59,328 - INFO - 🧘 Status: Sidelined (No Institutional Alignment)
2026-06-17 14:26:00,096 - INFO - --- 14:26:00 Market Pulse ---
2026-06-17 14:26:01,002 - INFO - 🧘 Status: Sidelined (No Institutional Alignment)
2026-06-17 14:31:01,799 - INFO - --- 14:31:01 Market Pulse ---
2026-06-17 14:31:02,870 - INFO - 🧘 Status: Sidelined (No Institutional Alignment)
2026-06-17 14:36:03,600 - INFO - --- 14:36:03 Market Pulse ---
2026-06-17 14:36:04,552 - INFO - 🧘 Status: Sidelined (No Institutional Alignment)
2026-06-17 14:41:05,283 - INFO - --- 14:41:05 Market Pulse ---
2026-06-17 14:41:06,251 - INFO - 👻 COUNTERFACTUAL SETUP DETECTED: NSE:NIFTYBANK-INDEX BUY CALL | Setup: BREAKOUT | Rejection: ['LOW_RVOL', 'LOW_EFFICIENCY']
2026-06-17 14:41:06,284 - INFO - 🟢 ENTRY [CF]: Logged trade for NSE:NIFTYBANK-INDEX at 57545.95 (SL: 57522.45, TP: 57804.50)
2026-06-17 14:46:06,991 - INFO - --- 14:46:06 Market Pulse ---
2026-06-17 14:46:08,198 - INFO - 👻 COUNTERFACTUAL SETUP DETECTED: NSE:NIFTYBANK-INDEX BUY CALL | Setup: BREAKOUT | Rejection: ['LOW_RVOL', 'LOW_EFFICIENCY']
2026-06-17 14:46:08,226 - INFO - 🟢 ENTRY [CF]: Logged trade for NSE:NIFTYBANK-INDEX at 57529.20 (SL: 57506.44, TP: 57804.50)
2026-06-17 14:51:08,925 - INFO - --- 14:51:08 Market Pulse ---
2026-06-17 14:51:09,976 - INFO - 🔴 EXIT (INITIAL_SL) [CF]: Closed trade for NSE:NIFTYBANK-INDEX at 57506.44 with PnL -1.05R
2026-06-17 14:51:10,010 - INFO - 👻 COUNTERFACTUAL SETUP DETECTED: NSE:NIFTYBANK-INDEX BUY CALL | Setup: BREAKOUT | Rejection: ['LOW_RVOL', 'LOW_EFFICIENCY']
2026-06-17 14:51:10,034 - INFO - 🟢 ENTRY [CF]: Logged trade for NSE:NIFTYBANK-INDEX at 57496.55 (SL: 57473.04, TP: 57804.50)
2026-06-17 14:56:10,879 - INFO - --- 14:56:10 Market Pulse ---
2026-06-17 14:56:11,942 - INFO - 🟡 UPDATE (TRAILING_SL) [CF]: NSE:NIFTYBANK-INDEX price 57522.85 | New SL: 57499.34, TP: 57804.50
2026-06-17 14:56:11,980 - INFO - 👻 COUNTERFACTUAL SETUP DETECTED: NSE:NIFTYBANK-INDEX BUY CALL | Setup: BREAKOUT | Rejection: ['LOW_RVOL', 'LOW_EFFICIENCY']
2026-06-17 14:56:12,005 - INFO - 🟢 ENTRY [CF]: Logged trade for NSE:NIFTYBANK-INDEX at 57522.85 (SL: 57498.32, TP: 57804.50)
2026-06-17 15:01:12,776 - INFO - --- 15:01:12 Market Pulse ---
2026-06-17 15:01:14,059 - INFO - 🟡 UPDATE (TRAILING_SL) [CF]: NSE:NIFTYBANK-INDEX price 57571.35 | New SL: 57546.82, TP: 57804.50
2026-06-17 15:01:14,112 - INFO - 👻 COUNTERFACTUAL SETUP DETECTED: NSE:NIFTYBANK-INDEX BUY CALL | Setup: BREAKOUT | Rejection: ['LOW_RVOL', 'LOW_EFFICIENCY']
2026-06-17 15:01:14,140 - INFO - 🟢 ENTRY [CF]: Logged trade for NSE:NIFTYBANK-INDEX at 57571.35 (SL: 57546.24, TP: 57804.50)
2026-06-17 15:06:14,844 - INFO - --- 15:06:14 Market Pulse ---
2026-06-17 15:06:16,063 - INFO - 🟡 UPDATE (TRAILING_SL) [CF]: NSE:NIFTYBANK-INDEX price 57585.00 | New SL: 57559.89, TP: 57804.50
2026-06-17 15:06:16,109 - INFO - 🧘 Status: Sidelined (No Institutional Alignment)
2026-06-17 15:11:16,793 - INFO - --- 15:11:16 Market Pulse ---
2026-06-17 15:11:17,846 - INFO - 🟡 UPDATE (TRAILING_SL) [CF]: NSE:NIFTYBANK-INDEX price 57599.60 | New SL: 57574.49, TP: 57804.50
2026-06-17 15:11:17,880 - INFO - 🧘 Status: Sidelined (No Institutional Alignment)
2026-06-17 15:16:18,633 - INFO - --- 15:16:18 Market Pulse ---
2026-06-17 15:16:19,634 - INFO - 🔴 EXIT (TRAILING_SL) [CF]: Closed trade for NSE:NIFTYBANK-INDEX at 57574.49 with PnL 0.07R
2026-06-17 15:16:19,686 - INFO - 🧘 Status: Sidelined (No Institutional Alignment)
2026-06-17 15:21:20,443 - INFO - --- 15:21:20 Market Pulse ---
2026-06-17 15:21:21,313 - INFO - 🧘 Status: Sidelined (No Institutional Alignment)
2026-06-17 15:26:22,059 - INFO - --- 15:26:22 Market Pulse ---
2026-06-17 15:26:23,270 - INFO - 🧘 Status: Sidelined (No Institutional Alignment)
2026-06-17 15:31:23,989 - INFO - --- 15:31:23 Market Pulse ---
2026-06-17 15:31:24,013 - WARNING - ⚠️ Could not fetch complete MTF data for NSE:NIFTY50-INDEX
2026-06-17 15:31:24,027 - WARNING - ⚠️ Could not fetch complete MTF data for NSE:NIFTYBANK-INDEX
2026-06-17 15:31:24,027 - INFO - 🧘 Status: Sidelined (No Institutional Alignment)
2026-06-17 15:36:24,800 - INFO - --- 15:36:24 Market Pulse ---
2026-06-17 15:36:25,869 - INFO - 🧘 Status: Sidelined (No Institutional Alignment)
2026-06-17 15:41:26,597 - INFO - --- 15:41:26 Market Pulse ---
2026-06-17 15:41:27,556 - INFO - 🧘 Status: Sidelined (No Institutional Alignment)
2026-06-17 15:46:28,333 - INFO - --- 15:46:28 Market Pulse ---
2026-06-17 15:46:29,359 - INFO - 🧘 Status: Sidelined (No Institutional Alignment)
2026-06-17 15:51:30,107 - INFO - --- 15:51:30 Market Pulse ---
2026-06-17 15:51:31,197 - INFO - 🧘 Status: Sidelined (No Institutional Alignment)
2026-06-17 15:56:31,901 - INFO - --- 15:56:31 Market Pulse ---
2026-06-17 15:56:31,927 - WARNING - ⚠️ Could not fetch complete MTF data for NSE:NIFTY50-INDEX
2026-06-17 15:56:31,943 - WARNING - ⚠️ Could not fetch complete MTF data for NSE:NIFTYBANK-INDEX
2026-06-17 15:56:31,943 - INFO - 🧘 Status: Sidelined (No Institutional Alignment)
