2026-06-16 09:20:39,252 - INFO - 🏛️ Structural Paper Trader Initialized | Active Position Tracking Enabled
2026-06-16 09:20:39,253 - INFO - ⏱️ Scheduler started. Waiting for next 5-minute candle...
2026-06-16 09:20:39,253 - INFO - --- 09:20:39 Market Pulse ---
2026-06-16 09:20:39,947 - INFO - 🧘 Status: Sidelined (No Institutional Alignment)
2026-06-16 09:25:39,943 - INFO - --- 09:25:39 Market Pulse ---
2026-06-16 09:25:40,714 - INFO - 🧘 Status: Sidelined (No Institutional Alignment)
2026-06-16 09:30:41,563 - INFO - --- 09:30:41 Market Pulse ---
2026-06-16 09:30:42,397 - INFO - 🧘 Status: Sidelined (No Institutional Alignment)
2026-06-16 09:35:43,245 - INFO - --- 09:35:43 Market Pulse ---
2026-06-16 09:35:44,438 - INFO - 🧘 Status: Sidelined (No Institutional Alignment)
2026-06-16 09:40:45,220 - INFO - --- 09:40:45 Market Pulse ---
2026-06-16 09:40:46,120 - INFO - 🧘 Status: Sidelined (No Institutional Alignment)
2026-06-16 09:45:46,914 - INFO - --- 09:45:46 Market Pulse ---
2026-06-16 09:45:48,740 - INFO - 🧘 Status: Sidelined (No Institutional Alignment)
2026-06-16 09:50:49,563 - INFO - --- 09:50:49 Market Pulse ---
2026-06-16 09:50:50,272 - INFO - 🧘 Status: Sidelined (No Institutional Alignment)
2026-06-16 09:55:51,080 - INFO - --- 09:55:51 Market Pulse ---
2026-06-16 09:55:51,759 - INFO - 🧘 Status: Sidelined (No Institutional Alignment)
2026-06-16 10:00:52,580 - INFO - --- 10:00:52 Market Pulse ---
2026-06-16 10:00:54,321 - INFO - 🧘 Status: Sidelined (No Institutional Alignment)
2026-06-16 10:05:55,103 - INFO - --- 10:05:55 Market Pulse ---
2026-06-16 10:05:55,840 - INFO - 🧘 Status: Sidelined (No Institutional Alignment)
2026-06-16 10:10:56,691 - INFO - --- 10:10:56 Market Pulse ---
2026-06-16 10:10:57,459 - INFO - 🧘 Status: Sidelined (No Institutional Alignment)
2026-06-16 10:15:58,253 - INFO - --- 10:15:58 Market Pulse ---
2026-06-16 10:15:58,969 - INFO - 👻 COUNTERFACTUAL SETUP DETECTED: NSE:NIFTY50-INDEX BUY PUT | Setup: BREAKOUT | Rejection: ['LOW_RVOL', 'BIAS_MISMATCH', 'LOW_EFFICIENCY']
2026-06-16 10:15:58,996 - INFO - 🟢 ENTRY [CF]: Logged trade for NSE:NIFTY50-INDEX at 23911.35 (SL: 23922.95, TP: 23080.97)
2026-06-16 10:20:59,828 - INFO - --- 10:20:59 Market Pulse ---
2026-06-16 10:21:00,805 - INFO - 🔴 EXIT (INITIAL_SL) [CF]: Closed trade for NSE:NIFTY50-INDEX at 23922.95 with PnL -1.05R
2026-06-16 10:21:00,846 - INFO - 🧘 Status: Sidelined (No Institutional Alignment)
2026-06-16 10:26:01,622 - INFO - --- 10:26:01 Market Pulse ---
2026-06-16 10:26:02,351 - INFO - 👻 COUNTERFACTUAL SETUP DETECTED: NSE:NIFTYBANK-INDEX BUY PUT | Setup: BREAKOUT | Rejection: ['LOW_RVOL', 'BIAS_MISMATCH', 'LOW_EFFICIENCY', 'HIGH_WICKINESS']
2026-06-16 10:26:02,376 - INFO - 🟢 ENTRY [CF]: Logged trade for NSE:NIFTYBANK-INDEX at 57208.80 (SL: 57247.19, TP: 53949.90)
2026-06-16 10:31:03,246 - INFO - --- 10:31:03 Market Pulse ---
2026-06-16 10:31:04,081 - INFO - 👻 COUNTERFACTUAL SETUP DETECTED: NSE:NIFTYBANK-INDEX BUY PUT | Setup: BREAKOUT | Rejection: ['LOW_RVOL', 'BIAS_MISMATCH', 'LOW_EFFICIENCY', 'HIGH_WICKINESS']
2026-06-16 10:31:04,105 - INFO - 🟢 ENTRY [CF]: Logged trade for NSE:NIFTYBANK-INDEX at 57223.40 (SL: 57260.00, TP: 53949.90)
2026-06-16 10:36:04,916 - INFO - --- 10:36:04 Market Pulse ---
2026-06-16 10:36:06,702 - INFO - 🔴 EXIT (INITIAL_SL) [CF]: Closed trade for NSE:NIFTYBANK-INDEX at 57260.00 with PnL -1.05R
2026-06-16 10:36:06,740 - INFO - 👻 COUNTERFACTUAL SETUP DETECTED: NSE:NIFTYBANK-INDEX BUY PUT | Setup: BREAKOUT | Rejection: ['LOW_RVOL', 'BIAS_MISMATCH', 'LOW_EFFICIENCY']
2026-06-16 10:36:06,764 - INFO - 🟢 ENTRY [CF]: Logged trade for NSE:NIFTYBANK-INDEX at 57283.75 (SL: 57318.94, TP: 53949.90)
2026-06-16 10:41:07,462 - INFO - --- 10:41:07 Market Pulse ---
2026-06-16 10:41:08,281 - INFO - 👻 COUNTERFACTUAL SETUP DETECTED: NSE:NIFTYBANK-INDEX BUY PUT | Setup: BREAKOUT | Rejection: ['LOW_RVOL', 'BIAS_MISMATCH', 'LOW_EFFICIENCY', 'HIGH_WICKINESS']
2026-06-16 10:41:08,311 - INFO - 🟢 ENTRY [CF]: Logged trade for NSE:NIFTYBANK-INDEX at 57296.50 (SL: 57331.26, TP: 53949.90)
2026-06-16 10:46:09,034 - INFO - --- 10:46:09 Market Pulse ---
2026-06-16 10:46:09,789 - INFO - 🟡 UPDATE (TRAILING_SL) [CF]: NSE:NIFTYBANK-INDEX price 57269.25 | New SL: 57304.01, TP: 53949.90
2026-06-16 10:46:09,831 - INFO - 👻 COUNTERFACTUAL SETUP DETECTED: NSE:NIFTYBANK-INDEX BUY PUT | Setup: BREAKOUT | Rejection: ['LOW_RVOL', 'BIAS_MISMATCH', 'LOW_EFFICIENCY', 'HIGH_WICKINESS']
2026-06-16 10:46:09,855 - INFO - 🟢 ENTRY [CF]: Logged trade for NSE:NIFTYBANK-INDEX at 57269.25 (SL: 57302.17, TP: 53949.90)
2026-06-16 10:51:09,998 - INFO - --- 10:51:09 Market Pulse ---
2026-06-16 10:51:12,084 - INFO - 🧘 Status: Sidelined (No Institutional Alignment)
2026-06-16 10:56:12,710 - INFO - --- 10:56:12 Market Pulse ---
2026-06-16 10:56:13,811 - INFO - 🟡 UPDATE (TRAILING_SL) [CF]: NSE:NIFTYBANK-INDEX price 57254.05 | New SL: 57286.97, TP: 53949.90
2026-06-16 10:56:13,842 - INFO - 🧘 Status: Sidelined (No Institutional Alignment)
2026-06-16 11:01:14,592 - INFO - --- 11:01:14 Market Pulse ---
2026-06-16 11:01:15,302 - INFO - 🟡 UPDATE (TRAILING_SL) [CF]: NSE:NIFTYBANK-INDEX price 57152.95 | New SL: 57185.87, TP: 53949.90
2026-06-16 11:01:15,342 - INFO - 🧘 Status: Sidelined (No Institutional Alignment)
2026-06-16 11:06:16,198 - INFO - --- 11:06:16 Market Pulse ---
2026-06-16 11:06:17,026 - INFO - 🟡 UPDATE (TRAILING_SL) [CF]: NSE:NIFTYBANK-INDEX price 57151.00 | New SL: 57183.92, TP: 53949.90
2026-06-16 11:06:17,066 - INFO - 👻 COUNTERFACTUAL SETUP DETECTED: NSE:NIFTY50-INDEX BUY CALL | Setup: BREAKOUT | Rejection: ['LOW_RVOL', 'BIAS_MISMATCH', 'LOW_EFFICIENCY']
2026-06-16 11:06:17,089 - INFO - 🟢 ENTRY [CF]: Logged trade for NSE:NIFTY50-INDEX at 23956.95 (SL: 23947.14, TP: 24011.40)
2026-06-16 11:11:17,841 - INFO - --- 11:11:17 Market Pulse ---
2026-06-16 11:11:18,574 - INFO - 🟡 UPDATE (TRAILING_SL) [CF]: NSE:NIFTYBANK-INDEX price 57140.75 | New SL: 57173.67, TP: 53949.90
2026-06-16 11:11:18,601 - INFO - 🔴 EXIT (INITIAL_SL) [CF]: Closed trade for NSE:NIFTY50-INDEX at 23947.14 with PnL -1.05R
2026-06-16 11:11:18,641 - INFO - 👻 COUNTERFACTUAL SETUP DETECTED: NSE:NIFTY50-INDEX BUY CALL | Setup: BREAKOUT | Rejection: ['LOW_RVOL', 'BIAS_MISMATCH', 'LOW_EFFICIENCY', 'HIGH_WICKINESS']
2026-06-16 11:11:18,666 - INFO - 🟢 ENTRY [CF]: Logged trade for NSE:NIFTY50-INDEX at 23940.50 (SL: 23931.74, TP: 24011.40)
2026-06-16 11:16:19,465 - INFO - --- 11:16:19 Market Pulse ---
2026-06-16 11:16:20,203 - INFO - 🟡 UPDATE (TRAILING_SL) [CF]: NSE:NIFTY50-INDEX price 23948.55 | New SL: 23939.79, TP: 24011.40
2026-06-16 11:16:20,242 - INFO - 👻 COUNTERFACTUAL SETUP DETECTED: NSE:NIFTY50-INDEX BUY CALL | Setup: BREAKOUT | Rejection: ['LOW_RVOL', 'BIAS_MISMATCH', 'LOW_EFFICIENCY', 'HIGH_WICKINESS']
2026-06-16 11:16:20,264 - INFO - 🟢 ENTRY [CF]: Logged trade for NSE:NIFTY50-INDEX at 23948.55 (SL: 23939.98, TP: 24011.40)
2026-06-16 11:21:21,055 - INFO - --- 11:21:21 Market Pulse ---
2026-06-16 11:21:21,789 - INFO - 🔴 EXIT (INITIAL_SL) [CF]: Closed trade for NSE:NIFTY50-INDEX at 23939.98 with PnL -1.05R
2026-06-16 11:21:21,828 - INFO - 👻 COUNTERFACTUAL SETUP DETECTED: NSE:NIFTY50-INDEX BUY CALL | Setup: BREAKOUT | Rejection: ['LOW_RVOL', 'BIAS_MISMATCH', 'LOW_EFFICIENCY', 'HIGH_WICKINESS']
2026-06-16 11:21:21,851 - INFO - 🟢 ENTRY [CF]: Logged trade for NSE:NIFTY50-INDEX at 23930.05 (SL: 23921.42, TP: 24011.40)
2026-06-16 11:26:22,641 - INFO - --- 11:26:22 Market Pulse ---
2026-06-16 11:26:23,374 - INFO - 🔴 EXIT (TRAILING_SL) [CF]: Closed trade for NSE:NIFTYBANK-INDEX at 57173.67 with PnL 2.85R
2026-06-16 11:26:23,403 - INFO - 🟡 UPDATE (TRAILING_SL) [CF]: NSE:NIFTY50-INDEX price 23940.60 | New SL: 23931.97, TP: 24011.40
2026-06-16 11:26:23,443 - INFO - 👻 COUNTERFACTUAL SETUP DETECTED: NSE:NIFTY50-INDEX BUY CALL | Setup: BREAKOUT | Rejection: ['LOW_RVOL', 'BIAS_MISMATCH', 'LOW_EFFICIENCY', 'HIGH_WICKINESS']
2026-06-16 11:26:23,467 - INFO - 🟢 ENTRY [CF]: Logged trade for NSE:NIFTY50-INDEX at 23940.60 (SL: 23931.94, TP: 24011.40)
2026-06-16 11:26:23,467 - INFO - 👻 COUNTERFACTUAL SETUP DETECTED: NSE:NIFTYBANK-INDEX BUY CALL | Setup: BREAKOUT | Rejection: ['LOW_RVOL', 'LOW_EFFICIENCY', 'HIGH_WICKINESS']
2026-06-16 11:26:23,491 - INFO - 🟢 ENTRY [CF]: Logged trade for NSE:NIFTYBANK-INDEX at 57178.60 (SL: 57149.93, TP: 57804.50)
2026-06-16 11:31:24,185 - INFO - --- 11:31:24 Market Pulse ---
2026-06-16 11:31:24,921 - INFO - 🔴 EXIT (INITIAL_SL) [CF]: Closed trade for NSE:NIFTY50-INDEX at 23931.94 with PnL -1.05R
2026-06-16 11:31:24,962 - INFO - 👻 COUNTERFACTUAL SETUP DETECTED: NSE:NIFTY50-INDEX BUY CALL | Setup: BREAKOUT | Rejection: ['LOW_RVOL', 'BIAS_MISMATCH']
2026-06-16 11:31:24,988 - INFO - 🟢 ENTRY [CF]: Logged trade for NSE:NIFTY50-INDEX at 23927.90 (SL: 23919.46, TP: 24011.40)
2026-06-16 11:31:24,988 - INFO - 👻 COUNTERFACTUAL SETUP DETECTED: NSE:NIFTYBANK-INDEX BUY CALL | Setup: BREAKOUT | Rejection: ['LOW_RVOL', 'LOW_EFFICIENCY', 'HIGH_WICKINESS']
2026-06-16 11:31:25,012 - INFO - 🟢 ENTRY [CF]: Logged trade for NSE:NIFTYBANK-INDEX at 57153.15 (SL: 57124.59, TP: 57804.50)
2026-06-16 11:36:25,771 - INFO - --- 11:36:25 Market Pulse ---
2026-06-16 11:36:25,799 - WARNING - ⚠️ Could not fetch complete MTF data for NSE:NIFTY50-INDEX
2026-06-16 11:36:25,806 - WARNING - ⚠️ Could not fetch complete MTF data for NSE:NIFTYBANK-INDEX
2026-06-16 11:36:25,806 - INFO - 🧘 Status: Sidelined (No Institutional Alignment)
2026-06-16 11:41:26,556 - INFO - --- 11:41:26 Market Pulse ---
2026-06-16 11:41:27,581 - INFO - 🔴 EXIT (INITIAL_SL) [CF]: Closed trade for NSE:NIFTY50-INDEX at 23919.46 with PnL -1.05R
2026-06-16 11:41:27,613 - INFO - 👻 COUNTERFACTUAL SETUP DETECTED: NSE:NIFTY50-INDEX BUY CALL | Setup: BREAKOUT | Rejection: ['LOW_RVOL', 'BIAS_MISMATCH']
2026-06-16 11:41:27,633 - INFO - 🟢 ENTRY [CF]: Logged trade for NSE:NIFTY50-INDEX at 23918.55 (SL: 23909.78, TP: 24011.40)
2026-06-16 11:46:28,494 - INFO - --- 11:46:28 Market Pulse ---
2026-06-16 11:46:29,291 - INFO - 🟡 UPDATE (TRAILING_SL) [CF]: NSE:NIFTYBANK-INDEX price 57158.30 | New SL: 57129.74, TP: 57804.50
2026-06-16 11:46:29,310 - INFO - 🟡 UPDATE (TRAILING_SL) [CF]: NSE:NIFTY50-INDEX price 23925.10 | New SL: 23916.33, TP: 24011.40
2026-06-16 11:46:29,338 - INFO - 👻 COUNTERFACTUAL SETUP DETECTED: NSE:NIFTY50-INDEX BUY CALL | Setup: BREAKOUT | Rejection: ['LOW_RVOL', 'BIAS_MISMATCH', 'LOW_EFFICIENCY', 'HIGH_WICKINESS']
2026-06-16 11:46:29,358 - INFO - 🟢 ENTRY [CF]: Logged trade for NSE:NIFTY50-INDEX at 23925.10 (SL: 23916.56, TP: 24011.40)
2026-06-16 11:51:30,200 - INFO - --- 11:51:30 Market Pulse ---
2026-06-16 11:51:31,326 - INFO - 🟡 UPDATE (TRAILING_SL) [CF]: NSE:NIFTYBANK-INDEX price 57182.05 | New SL: 57153.49, TP: 57804.50
2026-06-16 11:51:31,346 - INFO - 🟡 UPDATE (TRAILING_SL) [CF]: NSE:NIFTY50-INDEX price 23933.75 | New SL: 23925.21, TP: 24011.40
2026-06-16 11:51:31,376 - INFO - 👻 COUNTERFACTUAL SETUP DETECTED: NSE:NIFTY50-INDEX BUY CALL | Setup: BREAKOUT | Rejection: ['LOW_RVOL', 'BIAS_MISMATCH', 'LOW_EFFICIENCY', 'HIGH_WICKINESS']
2026-06-16 11:51:31,397 - INFO - 🟢 ENTRY [CF]: Logged trade for NSE:NIFTY50-INDEX at 23933.75 (SL: 23924.87, TP: 24011.40)
2026-06-16 11:56:32,177 - INFO - --- 11:56:32 Market Pulse ---
2026-06-16 11:56:33,386 - INFO - 🔴 EXIT (TRAILING_SL) [CF]: Closed trade for NSE:NIFTYBANK-INDEX at 57153.49 with PnL -0.04R
2026-06-16 11:56:33,425 - INFO - 👻 COUNTERFACTUAL SETUP DETECTED: NSE:NIFTY50-INDEX BUY CALL | Setup: BREAKOUT | Rejection: ['LOW_RVOL', 'BIAS_MISMATCH', 'LOW_EFFICIENCY', 'HIGH_WICKINESS']
2026-06-16 11:56:33,448 - INFO - 🟢 ENTRY [CF]: Logged trade for NSE:NIFTY50-INDEX at 23927.00 (SL: 23918.12, TP: 24011.40)
2026-06-16 12:01:34,358 - INFO - --- 12:01:34 Market Pulse ---
2026-06-16 12:01:35,385 - INFO - 🟡 UPDATE (TRAILING_SL) [CF]: NSE:NIFTY50-INDEX price 23940.55 | New SL: 23931.67, TP: 24011.40
2026-06-16 12:01:35,416 - INFO - 👻 COUNTERFACTUAL SETUP DETECTED: NSE:NIFTY50-INDEX BUY CALL | Setup: BREAKOUT | Rejection: ['LOW_RVOL', 'BIAS_MISMATCH', 'LOW_EFFICIENCY', 'HIGH_WICKINESS']
2026-06-16 12:01:35,436 - INFO - 🟢 ENTRY [CF]: Logged trade for NSE:NIFTY50-INDEX at 23940.55 (SL: 23931.72, TP: 24011.40)
2026-06-16 12:06:36,135 - INFO - --- 12:06:36 Market Pulse ---
2026-06-16 12:06:37,169 - INFO - 🔴 EXIT (INITIAL_SL) [CF]: Closed trade for NSE:NIFTY50-INDEX at 23931.72 with PnL -1.05R
2026-06-16 12:06:37,224 - INFO - 🧘 Status: Sidelined (No Institutional Alignment)
2026-06-16 12:11:37,959 - INFO - --- 12:11:37 Market Pulse ---
2026-06-16 12:11:38,853 - INFO - 🧘 Status: Sidelined (No Institutional Alignment)
2026-06-16 12:16:39,666 - INFO - --- 12:16:39 Market Pulse ---
2026-06-16 12:16:40,634 - INFO - 🧘 Status: Sidelined (No Institutional Alignment)
2026-06-16 12:21:41,362 - INFO - --- 12:21:41 Market Pulse ---
2026-06-16 12:21:42,271 - INFO - 🧘 Status: Sidelined (No Institutional Alignment)
2026-06-16 12:26:43,095 - INFO - --- 12:26:43 Market Pulse ---
2026-06-16 12:26:43,904 - INFO - 🧘 Status: Sidelined (No Institutional Alignment)
2026-06-16 12:31:44,732 - INFO - --- 12:31:44 Market Pulse ---
2026-06-16 12:31:45,885 - INFO - 🧘 Status: Sidelined (No Institutional Alignment)
2026-06-16 12:36:46,626 - INFO - --- 12:36:46 Market Pulse ---
2026-06-16 12:36:48,156 - INFO - 🧘 Status: Sidelined (No Institutional Alignment)
2026-06-16 12:41:48,895 - INFO - --- 12:41:48 Market Pulse ---
2026-06-16 12:41:50,044 - INFO - 🧘 Status: Sidelined (No Institutional Alignment)
